Attaching to process ID 11233, please wait...
Debugger attached successfully.
Server compiler detected.
JVM version is 25.111-b14

using parallel threads in the new generation.
using thread-local object allocation.
Concurrent Mark-Sweep GC

Heap Configuration:
   MinHeapFreeRatio         = 40
   MaxHeapFreeRatio         = 70
   MaxHeapSize              = 2147483648 (2048.0MB)
   NewSize                  = 268435456 (256.0MB)
   MaxNewSize               = 268435456 (256.0MB)
   OldSize                  = 1879048192 (1792.0MB)
   NewRatio                 = 2
   SurvivorRatio            = 8
   MetaspaceSize            = 21807104 (20.796875MB)
   CompressedClassSpaceSize = 1073741824 (1024.0MB)
   MaxMetaspaceSize         = 17592186044415 MB
   G1HeapRegionSize         = 0 (0.0MB)

Heap Usage:
New Generation (Eden + 1 Survivor Space):
   capacity = 241631232 (230.4375MB)
   used     = 50135760 (47.81318664550781MB)
   free     = 191495472 (182.6243133544922MB)
   20.748874052837674% used
Eden Space:
   capacity = 214827008 (204.875MB)
   used     = 39563768 (37.73094940185547MB)
   free     = 175263240 (167.14405059814453MB)
   18.416570787970944% used
From Space:
   capacity = 26804224 (25.5625MB)
   used     = 10571992 (10.082237243652344MB)
   free     = 16232232 (15.480262756347656MB)
   39.44151488959352% used
To Space:
   capacity = 26804224 (25.5625MB)
   used     = 0 (0.0MB)
   free     = 26804224 (25.5625MB)
   0.0% used
concurrent mark-sweep generation:
   capacity = 1879048192 (1792.0MB)
   used     = 0 (0.0MB)
   free     = 1879048192 (1792.0MB)
   0.0% used

7657 interned Strings occupying 615144 bytes.
