
 num     #instances         #bytes  class name
----------------------------------------------
   1:          8769       61474816  [I
   2:        161335       35634320  [B
   3:        238960       33761864  [C
   4:        108789        2610936  java.lang.String
   5:         23403        1587192  [Ljava.lang.Object;
   6:         22526         540624  java.lang.StringBuilder
   7:          5954         523952  java.lang.reflect.Method
   8:         20047         481128  javassist.bytecode.Utf8Info
   9:         18890         453360  java.util.ArrayList
  10:          5607         444352  [S
  11:         11833         378656  java.util.HashMap$Node
  12:          5724         366336  java.net.URL
  13:          3144         355944  java.lang.Class
  14:          5741         275568  java.util.HashMap
  15:          4801         268856  java.util.concurrent.ConcurrentHashMap$ValueIterator
  16:          2047         216776  [Ljava.util.HashMap$Node;
  17:         10184         214696  [Ljava.lang.Class;
  18:           380         200640  [Ljavassist.bytecode.ConstInfo;
  19:          4927         197080  javassist.bytecode.MethodInfo
  20:          4758         190320  javassist.bytecode.CodeAttribute
  21:          5400         172800  java.util.concurrent.ConcurrentHashMap$Node
  22:          1797         172512  java.util.jar.JarFile$JarFileEntry
  23:          6539         156936  javassist.bytecode.NameAndTypeInfo
  24:          3828         147024  [Ljava.lang.String;
  25:          1797         143760  java.util.zip.ZipEntry
  26:          2530         141680  jdk.internal.org.objectweb.asm.Item
  27:          5890         141360  javassist.bytecode.MethodrefInfo
  28:          3042         121680  java.lang.ref.Finalizer
  29:          4767         114408  javassist.bytecode.ExceptionTable
  30:          4707         112968  javassist.bytecode.LineNumberAttribute
  31:          1518         109296  com.sun.org.apache.xerces.internal.impl.xs.opti.ElementImpl
  32:          1728         101992  [Ljava.lang.reflect.Method;
  33:          3067          98144  java.io.File
  34:          3761          90264  java.lang.StringBuffer
  35:           149          83920  [Ljdk.internal.org.objectweb.asm.Item;
  36:           253          81464  [Ljava.util.concurrent.ConcurrentHashMap$Node;
  37:          1446          80976  java.util.zip.ZipFile$ZipFileInputStream
  38:          1372          76832  java.util.zip.ZipFile$ZipFileInflaterInputStream
  39:          4403          70448  java.util.HashSet
  40:           945          68040  java.lang.reflect.Field
  41:          2831          67944  javassist.bytecode.ClassInfo
  42:          3028          63184  [Lorg.w3c.dom.Attr;
  43:          2542          61008  java.net.URLClassLoader$1
  44:          1510          60400  java.util.WeakHashMap$Entry
  45:          1882          60224  java.lang.ref.WeakReference
  46:           989          57104  [Lcom.sun.org.apache.xerces.internal.impl.xs.opti.NodeImpl;
  47:          3521          56336  java.lang.Object
  48:          1400          56000  java.lang.ClassNotFoundException
  49:          1349          53960  com.sun.org.apache.xerces.internal.impl.xs.opti.AttrImpl
  50:          1292          51680  java.lang.ref.SoftReference
  51:          2131          51144  javassist.bytecode.StringInfo
  52:          2105          50520  java.lang.Long
  53:           476          49504  sun.net.www.protocol.file.FileURLConnection
  54:          1231          49240  java.util.LinkedHashMap$Entry
  55:          2035          48840  javassist.bytecode.LocalVariableAttribute
  56:          2033          48792  javassist.compiler.ast.ASTList
  57:          1493          47776  sun.misc.URLClassPath$JarLoader$2
  58:            64          47416  [[Lcom.sun.org.apache.xerces.internal.impl.xs.opti.NodeImpl;
  59:           557          44560  java.lang.reflect.Constructor
  60:           987          39480  com.sun.org.apache.xerces.internal.impl.dv.ValidatedInfo
  61:          1189          38048  java.security.CodeSource
  62:          2183          37832  [Ljava.lang.reflect.TypeVariable;
  63:           898          35920  java.util.HashMap$KeyIterator
  64:          1097          35104  java.util.Hashtable$Entry
  65:          1695          34144  [Ljava.lang.reflect.Type;
  66:           827          33080  java.util.HashMap$EntryIterator
  67:          1336          32064  sun.misc.ProxyGenerator$ConstantPool$IndirectEntry
  68:           231          31616  [Z
  69:           778          31120  java.lang.invoke.MethodType
  70:           544          30464  java.util.LinkedHashMap
  71:          1268          30432  java.lang.Class$MethodArray
  72:           723          28920  javassist.compiler.Token
  73:          1752          28032  java.util.Collections$UnmodifiableMap$UnmodifiableEntrySet$UnmodifiableEntry
  74:           173          27632  [Ljava.util.Hashtable$Entry;
  75:           491          27496  java.lang.invoke.MemberName
  76:          1106          26544  java.beans.MethodRef
  77:           818          26176  java.util.ArrayList$Itr
  78:           778          24896  java.lang.invoke.MethodType$ConcurrentWeakInternSet$WeakEntry
  79:          1513          24208  com.sun.org.apache.xerces.internal.impl.xs.opti.NamedNodeMapImpl
  80:          1495          23920  sun.net.www.ParseUtil
  81:           368          23552  java.util.regex.Matcher
  82:           325          23400  java.beans.PropertyDescriptor
  83:           103          23072  jdk.internal.org.objectweb.asm.MethodWriter
  84:           576          23040  javassist.bytecode.FieldInfo
  85:           106          22712  [Lcom.sun.org.apache.xerces.internal.util.SymbolHash$Entry;
  86:           303          21816  com.alibaba.dubbo.common.URL
  87:           109          21800  com.sun.org.apache.xerces.internal.impl.dv.xs.XSSimpleTypeDecl
  88:           868          20832  javassist.bytecode.InterfaceMethodrefInfo
  89:           315          20160  java.util.concurrent.ConcurrentHashMap
  90:           460          18400  java.util.TreeMap$Entry
  91:           383          18384  java.nio.HeapCharBuffer
  92:           746          17904  javassist.bytecode.SignatureAttribute
  93:           277          17728  java.text.DecimalFormatSymbols
  94:           694          16656  javassist.bytecode.StackMapTable
  95:           432          16640  [Ljavassist.bytecode.stackmap.TypeData;
  96:           169          16224  sun.net.www.protocol.jar.URLJarFile$URLJarFileEntry
  97:           998          15968  javassist.compiler.ast.Symbol
  98:           281          15736  java.lang.Class$ReflectionData
  99:           480          15360  com.sun.org.apache.xerces.internal.impl.dv.xs.QNameDV$XQName
 100:           959          15344  java.lang.Short
 101:           272          15232  java.beans.MethodDescriptor
 102:           947          15152  java.lang.Integer
 103:           467          14944  java.util.ArrayList$ListItr
 104:           169          14872  sun.net.www.protocol.jar.JarURLConnection
 105:           309          14832  java.nio.HeapByteBuffer
 106:           304          14592  com.sun.org.apache.xerces.internal.impl.xs.XSAttributeDecl
 107:           600          14400  javassist.bytecode.FieldrefInfo
 108:           595          14280  javassist.bytecode.LocalVariableTypeAttribute
 109:           571          13704  org.apache.log4j.CategoryKey
 110:           384          13232  [Lcom.sun.org.apache.xerces.internal.xs.XSObject;
 111:            91          13104  java.text.DecimalFormat
 112:           204          13056  jdk.internal.org.objectweb.asm.Label
 113:           326          13040  javassist.bytecode.stackmap.TypeData$TypeVar
 114:           403          12896  com.sun.org.apache.xerces.internal.xni.QName
 115:           401          12832  jdk.internal.org.objectweb.asm.Type
 116:           219          12664  [Lcom.sun.org.apache.xerces.internal.impl.xs.XSAttributeUseImpl;
 117:           526          12624  java.net.URLClassLoader$2
 118:            75          12600  jdk.internal.org.objectweb.asm.ClassWriter
 119:           387          12384  java.util.concurrent.locks.AbstractQueuedSynchronizer$Node
 120:           217          12152  jdk.internal.org.objectweb.asm.AnnotationWriter
 121:           366          11712  com.sun.org.apache.xerces.internal.util.NamespaceSupport$Prefixes
 122:           478          11472  com.sun.org.apache.xerces.internal.impl.xs.util.XSObjectListImpl
 123:           476          11424  sun.net.www.MessageHeader
 124:           470          11280  jdk.internal.org.objectweb.asm.ByteVector
 125:           279          11160  javassist.compiler.ast.Declarator
 126:           457          10968  com.sun.org.apache.xerces.internal.util.SymbolHash$Entry
 127:           336          10752  javassist.bytecode.ExceptionTableEntry
 128:            96          10704  [J
 129:           441          10584  com.sun.org.apache.xerces.internal.util.SymbolTable$Entry
 130:           183          10248  sun.nio.cs.UTF_8$Encoder
 131:            91          10192  java.util.GregorianCalendar
 132:           177           9912  java.lang.Package
 133:           308           9856  java.util.Collections$UnmodifiableMap
 134:           306           9792  java.lang.StackTraceElement
 135:           304           9728  com.sun.org.apache.xerces.internal.impl.xs.XSAttributeUseImpl
 136:           202           9696  jdk.internal.org.objectweb.asm.Frame
 137:            98           9408  sun.util.calendar.Gregorian$Date
 138:           145           9280  javassist.CtClassType
 139:            24           9024  java.lang.Thread
 140:           108           8832  [Ljava.util.WeakHashMap$Entry;
 141:            92           8832  org.springframework.beans.GenericTypeAwarePropertyDescriptor
 142:           366           8784  com.sun.org.apache.xerces.internal.impl.xs.XSAnnotationImpl
 143:           136           8704  javassist.bytecode.ClassFile
 144:           211           8440  javassist.bytecode.stackmap.BasicBlock$Mark
 145:           187           8408  [Ljava.lang.invoke.LambdaForm$Name;
 146:           202           8080  com.sun.org.apache.xerces.internal.impl.xs.XSParticleDecl
 147:           334           8016  javassist.compiler.MemberResolver$Method
 148:           198           7920  java.util.Formatter$FormatSpecifier
 149:           140           7840  org.springframework.beans.PropertyValue
 150:           317           7608  javassist.compiler.ast.Stmnt
 151:           235           7520  java.lang.invoke.LambdaForm$Name
 152:           198           7392  [Ljava.util.Formatter$Flags;
 153:           305           7320  java.util.Collections$UnmodifiableMap$UnmodifiableEntrySet$1
 154:            50           7200  org.springframework.beans.factory.support.RootBeanDefinition
 155:           297           7128  javassist.compiler.ast.Member
 156:           222           7104  com.sun.org.apache.xerces.internal.impl.dtd.models.CMStateSet
 157:           290           6960  java.util.Formatter$FixedString
 158:           435           6960  java.util.HashMap$EntrySet
 159:           124           6944  javassist.bytecode.stackmap.TypedBlock
 160:           113           6720  [Ljava.lang.ref.SoftReference;
 161:           104           6656  java.text.DateFormatSymbols
 162:            83           6640  com.alibaba.com.caucho.hessian.io.Hessian2Input
 163:           164           6560  java.util.HashMap$ValueIterator
 164:           164           6560  sun.misc.URLClassPath$1
 165:           136           6528  [[Ljavassist.bytecode.ConstInfo;
 166:           269           6456  java.util.jar.Attributes$Name
 167:           198           6336  java.util.LinkedHashMap$LinkedKeyIterator
 168:           395           6320  sun.reflect.ConstantPool
 169:           261           6264  javassist.compiler.ast.Expr
 170:           193           6176  javassist.CtMethod
 171:            95           6080  java.nio.DirectByteBuffer
 172:           184           5888  java.util.concurrent.locks.ReentrantLock$NonfairSync
 173:             9           5856  [Lcom.sun.org.apache.xerces.internal.util.SymbolTable$Entry;
 174:            90           5760  java.text.SimpleDateFormat
 175:           360           5760  javassist.bytecode.stackmap.TypeData$ClassName
 176:           357           5712  java.util.HashMap$KeySet
 177:           231           5544  sun.reflect.generics.reflectiveObjects.ParameterizedTypeImpl
 178:           346           5536  sun.misc.ProxyGenerator$ConstantPool$ValueEntry
 179:            98           5488  sun.util.calendar.ZoneInfo
 180:           170           5440  javassist.compiler.ast.CallExpr
 181:           168           5376  java.lang.ref.ReferenceQueue
 182:           168           5376  java.util.concurrent.SynchronousQueue$TransferStack$SNode
 183:           168           5376  org.jboss.netty.util.internal.LinkedTransferQueue$Node
 184:           167           5344  com.alibaba.dubbo.remoting.buffer.HeapChannelBuffer
 185:           167           5344  java.util.LinkedList
 186:           167           5344  org.jboss.netty.buffer.BigEndianHeapChannelBuffer
 187:            83           5312  com.alibaba.dubbo.remoting.exchange.support.DefaultFuture
 188:           166           5312  org.jboss.netty.channel.DownstreamMessageEvent
 189:           220           5280  com.sun.org.apache.xerces.internal.util.PropertyState
 190:           220           5280  sun.reflect.generics.tree.SimpleClassTypeSignature
 191:            93           5232  [Ljava.lang.reflect.Field;
 192:           108           5184  java.util.Hashtable
 193:            43           5160  javassist.compiler.JvstCodeGen
 194:           160           5120  java.io.FilePermission
 195:           160           5120  java.util.AbstractList$Itr
 196:           206           5104  [Ljava.lang.reflect.Constructor;
 197:            91           5096  java.util.Calendar$Builder
 198:           105           5040  java.util.WeakHashMap
 199:           210           5040  javassist.bytecode.AnnotationsAttribute
 200:           125           5000  java.io.BufferedInputStream
 201:           208           4992  com.sun.org.apache.xerces.internal.util.FeatureState
 202:           204           4896  java.util.LinkedList$Node
 203:            18           4880  [[Ljava.lang.Object;
 204:           202           4848  java.util.Collections$UnmodifiableCollection$1
 205:           195           4680  javassist.bytecode.ExceptionsAttribute
 206:            73           4672  com.sun.org.apache.xerces.internal.impl.xs.XSComplexTypeDecl
 207:           193           4632  java.util.Date
 208:            71           4544  java.lang.invoke.InvokerBytecodeGenerator
 209:            63           4536  com.sun.org.apache.xerces.internal.impl.xs.XSElementDecl
 210:            94           4512  java.util.zip.Inflater
 211:            79           4424  [Lcom.sun.org.apache.xerces.internal.utils.XMLSecurityManager$Limit;
 212:           183           4392  javassist.bytecode.DeprecatedAttribute
 213:           259           4376  [Lsun.reflect.generics.tree.TypeArgument;
 214:           136           4352  javassist.bytecode.ConstPool
 215:           108           4320  javassist.bytecode.stackmap.MapMaker
 216:            90           4320  javassist.compiler.SymbolTable
 217:           179           4296  javassist.compiler.ast.Variable
 218:            67           4288  java.util.jar.JarFile
 219:           178           4272  java.net.InetSocketAddress$InetSocketAddressHolder
 220:           172           4128  java.util.Arrays$ArrayList
 221:           172           4128  sun.reflect.generics.visitor.Reifier
 222:           256           4096  java.lang.Byte
 223:            85           4080  com.sun.org.apache.xerces.internal.impl.xs.XSAttributeGroupDecl
 224:            85           4080  sun.misc.URLClassPath$JarLoader
 225:           168           4032  java.net.Parts
 226:           168           4032  sun.net.www.protocol.jar.JarURLConnection$JarURLInputStream
 227:           167           4008  java.util.regex.Pattern$5
 228:            83           3984  com.alibaba.com.caucho.hessian.io.Hessian2Output
 229:            83           3984  com.alibaba.dubbo.monitor.dubbo.Statistics
 230:            83           3984  com.alibaba.dubbo.rpc.protocol.dubbo.DecodeableRpcResult
 231:           166           3984  org.jboss.netty.channel.UpstreamMessageEvent
 232:           164           3936  [Ljava.util.Enumeration;
 233:           123           3936  java.io.DataInputStream
 234:           164           3936  java.net.URLClassLoader$3
 235:           164           3936  java.util.regex.Pattern$1
 236:           164           3936  sun.misc.CompoundEnumeration
 237:           122           3904  java.lang.NoSuchMethodException
 238:            95           3840  [Ljava.util.Formatter$FormatString;
 239:            84           3832  [Ljava.lang.invoke.LambdaForm$BasicType;
 240:            94           3760  org.apache.log4j.Logger
 241:           117           3744  java.util.regex.Pattern$Curly
 242:            91           3640  java.text.DigitList
 243:            74           3552  java.lang.invoke.LambdaForm
 244:           147           3528  sun.reflect.generics.parser.SignatureParser
 245:           102           3504  [Ljdk.internal.org.objectweb.asm.Type;
 246:           146           3504  sun.reflect.generics.factory.CoreReflectionFactory
 247:           215           3440  sun.reflect.generics.tree.ClassTypeSignature
 248:            85           3400  org.jboss.netty.channel.DefaultChannelFuture
 249:           106           3392  com.sun.org.apache.xerces.internal.util.SymbolHash
 250:           211           3376  java.net.URLClassLoader$3$1
 251:            18           3360  [Ljava.beans.MethodDescriptor;
 252:            84           3360  com.alibaba.dubbo.remoting.exchange.Response
 253:            60           3360  java.lang.invoke.MethodTypeForm
 254:            84           3360  sun.misc.URLClassPath$2
 255:           208           3328  java.util.Formatter$Flags
 256:            83           3320  com.alibaba.dubbo.remoting.buffer.DynamicChannelBuffer
 257:            83           3320  org.jboss.netty.buffer.TruncatedChannelBuffer
 258:            68           3264  com.sun.org.apache.xerces.internal.util.XMLAttributesImpl$Attribute
 259:           136           3264  javassist.bytecode.LongVector
 260:           136           3264  javassist.bytecode.SourceFileAttribute
 261:            68           3240  [Lcom.sun.org.apache.xerces.internal.impl.xs.XSParticleDecl;
 262:            45           3240  java.util.regex.Pattern
 263:           132           3168  java.lang.Class$AnnotationData
 264:           130           3120  sun.reflect.generics.scope.ClassScope
 265:            95           3040  java.lang.reflect.Proxy$Key1
 266:            95           3040  java.util.Formatter
 267:            95           3040  java.util.zip.ZipCoder
 268:           155           3024  [Ljavassist.CtClass;
 269:           126           3024  sun.misc.ProxyGenerator$ExceptionTableEntry
 270:            94           3008  java.net.InetAddress$InetAddressHolder
 271:            29           2928  [Ljava.lang.invoke.MethodHandle;
 272:            91           2912  [Lcom.sun.org.apache.xerces.internal.utils.XMLSecurityManager$NameMap;
 273:            91           2912  java.util.Vector
 274:           120           2880  com.sun.org.apache.xerces.internal.util.XMLStringBuffer
 275:           178           2848  java.net.InetSocketAddress
 276:           116           2784  sun.reflect.NativeMethodAccessorImpl
 277:            86           2752  com.alibaba.dubbo.rpc.RpcInvocation
 278:           170           2720  java.lang.ref.ReferenceQueue$Lock
 279:           113           2712  java.util.Collections$UnmodifiableRandomAccessList
 280:            84           2688  com.alibaba.dubbo.remoting.transport.dispatcher.ChannelEventRunnable
 281:           117           2664  [Lsun.reflect.generics.tree.FieldTypeSignature;
 282:            83           2656  com.alibaba.com.caucho.hessian.util.IdentityIntMap
 283:            83           2656  com.alibaba.dubbo.remoting.exchange.Request
 284:            83           2656  org.jboss.netty.channel.socket.nio.SocketSendBufferPool$PooledSendBuffer
 285:            20           2624  [Ljava.lang.StackTraceElement;
 286:           109           2616  java.io.ByteArrayOutputStream
 287:            81           2592  javassist.NotFoundException
 288:           108           2592  javassist.bytecode.ConstantAttribute
 289:           107           2568  java.util.regex.Pattern$GroupHead
 290:           107           2568  java.util.regex.Pattern$GroupTail
 291:           160           2560  java.io.FilePermission$1
 292:            64           2560  java.io.ObjectStreamField
 293:            80           2560  java.lang.reflect.WeakCache$CacheKey
 294:           106           2544  com.sun.org.apache.xerces.internal.xni.XMLString
 295:            79           2528  java.io.DataOutputStream
 296:            45           2520  [Ljava.util.regex.Pattern$GroupHead;
 297:           103           2472  java.util.concurrent.locks.AbstractQueuedSynchronizer$ConditionObject
 298:            22           2464  com.sun.org.apache.xerces.internal.impl.dv.XSFacets
 299:            77           2464  java.lang.invoke.DirectMethodHandle
 300:            76           2432  com.sun.org.apache.xerces.internal.util.AugmentationsImpl$SmallContainer
 301:           152           2432  java.util.HashMap$Values
 302:            86           2408  [Ljavassist.bytecode.stackmap.TypedBlock;
 303:            75           2400  com.sun.org.apache.xerces.internal.impl.xs.util.SimpleLocator
 304:            60           2400  javassist.bytecode.Bytecode
 305:            50           2400  sun.misc.ProxyGenerator$MethodInfo
 306:            99           2376  java.lang.invoke.LambdaForm$NamedFunction
 307:            99           2376  sun.reflect.NativeConstructorAccessorImpl
 308:            19           2312  [[I
 309:            96           2304  java.util.regex.Pattern$BitClass
 310:            95           2280  java.util.ArrayDeque
 311:            95           2280  sun.reflect.annotation.AnnotationInvocationHandler
 312:            95           2280  sun.reflect.annotation.AnnotationParser$1
 313:            94           2256  java.io.ExpiringCache$Entry
 314:            94           2256  java.net.Inet4Address
 315:            94           2256  java.util.zip.ZStreamRef
 316:            28           2240  sun.net.www.protocol.jar.URLJarFile
 317:            91           2184  [Ljava.net.InetAddress;
 318:            67           2144  javassist.compiler.ast.NewExpr
 319:           133           2128  com.sun.org.apache.xerces.internal.utils.SecuritySupport$4
 320:            51           2120  [Lorg.springframework.util.ConcurrentReferenceHashMap$Reference;
 321:             6           2112  com.sun.org.apache.xerces.internal.impl.XMLNSDocumentScannerImpl
 322:            66           2112  org.apache.log4j.ProvisionNode
 323:            44           2112  sun.util.locale.LocaleObjectCache$CacheEntry
 324:            87           2088  sun.misc.URLClassPath$3
 325:            65           2080  com.sun.org.apache.xerces.internal.impl.xs.XSModelGroupImpl
 326:            37           2072  java.util.ResourceBundle$CacheKey
 327:            86           2064  java.lang.Class$1
 328:            43           2064  java.util.TreeMap
 329:            43           2064  javassist.compiler.Lex
 330:            86           2064  javassist.compiler.MemberResolver
 331:           128           2048  java.lang.Character
 332:            83           1992  com.alibaba.dubbo.remoting.buffer.ChannelBufferInputStream
 333:            83           1992  com.alibaba.dubbo.remoting.buffer.ChannelBufferOutputStream
 334:            83           1992  org.jboss.netty.channel.DefaultWriteCompletionEvent
 335:            61           1952  java.util.LinkedList$ListItr
 336:            20           1920  [Lcom.sun.org.apache.xerces.internal.xni.QName;
 337:            40           1920  com.sun.org.apache.xerces.internal.util.URI
 338:           120           1920  java.util.concurrent.locks.ReentrantLock
 339:            48           1920  org.springframework.util.ConcurrentReferenceHashMap$Segment
 340:           119           1904  java.util.Collections$UnmodifiableMap$UnmodifiableEntrySet
 341:            39           1872  com.sun.org.apache.xerces.internal.impl.xs.models.XSCMLeaf
 342:           116           1856  sun.reflect.DelegatingMethodAccessorImpl
 343:            57           1824  java.util.LinkedHashMap$LinkedEntryIterator
 344:            75           1800  javassist.compiler.ast.BinExpr
 345:            32           1792  com.sun.org.apache.xerces.internal.impl.xs.AttributePSVImpl
 346:             2           1776  [[B
 347:            73           1752  sun.misc.FileURLMapper
 348:            43           1720  javassist.compiler.JvstTypeChecker
 349:            70           1680  java.util.Collections$1
 350:            69           1656  java.util.regex.Pattern$Single
 351:            68           1632  javassist.bytecode.LongInfo
 352:            33           1584  com.sun.org.apache.xerces.internal.impl.xs.models.XSCMBinOp
 353:            18           1584  java.util.jar.JarVerifier
 354:            66           1584  javassist.bytecode.IntegerInfo
 355:            66           1584  org.springframework.core.convert.converter.GenericConverter$ConvertiblePair
 356:            99           1584  sun.reflect.DelegatingConstructorAccessorImpl
 357:            98           1568  org.springframework.beans.factory.support.MethodOverrides
 358:            32           1536  com.sun.org.apache.xerces.internal.dom.DeferredAttrNSImpl
 359:            32           1536  com.sun.org.apache.xerces.internal.impl.dv.xs.DecimalDV$XDecimal
 360:            48           1536  com.sun.org.apache.xerces.internal.impl.xs.traversers.OneAttr
 361:            38           1520  sun.misc.ProxyGenerator$ProxyMethod
 362:            63           1512  [Lcom.sun.org.apache.xerces.internal.impl.xs.identity.IdentityConstraint;
 363:            34           1496  [Ljavassist.bytecode.stackmap.BasicBlock$Mark;
 364:            42           1472  [Lcom.sun.org.apache.xerces.internal.impl.xs.traversers.OneAttr;
 365:            23           1472  com.alibaba.dubbo.common.extension.ExtensionLoader
 366:            92           1472  javassist.compiler.ast.Keyword
 367:            18           1464  [Ljava.beans.PropertyDescriptor;
 368:            11           1392  [[Ljava.lang.String;
 369:            29           1392  java.io.BufferedReader
 370:            58           1392  javassist.bytecode.stackmap.TypeData$UninitData
 371:            29           1392  sun.nio.cs.StreamDecoder
 372:            50           1376  [Lorg.springframework.beans.PropertyValue;
 373:            34           1360  sun.nio.cs.UTF_8$Decoder
 374:            42           1344  com.sun.org.apache.xerces.internal.impl.xs.XSWildcardDecl
 375:            84           1344  java.lang.ClassLoader$2
 376:            83           1328  com.alibaba.dubbo.common.serialize.support.hessian.Hessian2ObjectInput
 377:            83           1328  com.alibaba.dubbo.common.serialize.support.hessian.Hessian2ObjectOutput
 378:            83           1328  com.alibaba.dubbo.remoting.exchange.support.MultiMessage
 379:            83           1328  javassist.compiler.ast.StringL
 380:            33           1320  com.sun.org.apache.xerces.internal.impl.validation.ValidationState
 381:            55           1320  javassist.bytecode.InnerClassesAttribute
 382:            55           1320  org.springframework.beans.MutablePropertyValues
 383:            82           1312  com.alibaba.dubbo.common.utils.Holder
 384:            41           1312  javassist.CtMember$Cache
 385:            26           1248  java.util.Properties$LineReader
 386:            52           1248  sun.security.action.GetPropertyAction
 387:            31           1240  java.security.AccessControlContext
 388:            31           1240  java.security.ProtectionDomain
 389:            22           1232  org.springframework.core.MethodParameter
 390:            51           1224  java.util.regex.Pattern$TreeInfo
 391:            51           1224  org.springframework.beans.factory.config.ConstructorArgumentValues
 392:            76           1216  com.sun.org.apache.xerces.internal.util.AugmentationsImpl
 393:            38           1216  sun.misc.ProxyGenerator$FieldInfo
 394:             6           1200  com.sun.org.apache.xerces.internal.impl.XMLDTDScannerImpl
 395:            37           1184  java.util.ResourceBundle$LoaderReference
 396:            73           1168  sun.misc.URLClassPath$JarLoader$1
 397:            37           1160  [Ljava.security.ProtectionDomain;
 398:            29           1160  sun.util.locale.BaseLocale$Key
 399:            18           1152  java.beans.Introspector
 400:            48           1152  org.springframework.util.ConcurrentReferenceHashMap$ReferenceManager
 401:             8           1152  sun.reflect.MethodAccessorGenerator
 402:            35           1120  java.util.concurrent.ConcurrentHashMap$ForwardingNode
 403:            42           1112  [Ljava.util.regex.Pattern$Node;
 404:             8           1104  [Lcom.sun.org.apache.xerces.internal.impl.xs.traversers.XSDocumentInfo;
 405:             8           1104  [Lorg.w3c.dom.Element;
 406:            23           1104  java.util.Hashtable$Enumerator
 407:            21           1096  [Lsun.invoke.util.Wrapper;
 408:            68           1088  java.util.Collections$SingletonSet
 409:            17           1088  javassist.CtNewClass
 410:            34           1088  javassist.bytecode.CodeIterator
 411:            68           1088  javassist.bytecode.ConstInfoPadding
 412:            45           1080  com.sun.beans.WildcardTypeImpl
 413:            27           1080  java.util.ArrayList$SubList
 414:            27           1080  java.util.ArrayList$SubList$1
 415:             2           1064  [Ljava.lang.Integer;
 416:            15           1056  [Lcom.sun.org.apache.xerces.internal.impl.xs.util.SimpleLocator;
 417:            66           1056  com.alibaba.dubbo.common.logger.log4j.Log4jLogger
 418:             1           1040  [Ljava.lang.Byte;
 419:             1           1040  [Ljava.lang.Long;
 420:             1           1040  [Ljava.lang.Short;
 421:            65           1040  com.alibaba.dubbo.common.logger.support.FailsafeLogger
 422:            43           1032  javassist.CtConstructor
 423:            43           1032  javassist.compiler.Javac
 424:            64           1024  org.springframework.core.convert.support.GenericConversionService$ConvertersForPair
 425:            32           1024  sun.reflect.ClassFileAssembler
 426:            31            992  java.util.regex.Pattern$Branch
 427:            31            992  org.springframework.core.convert.TypeDescriptor
 428:            12            984  [Lcom.sun.org.apache.xerces.internal.impl.dtd.models.CMStateSet;
 429:            41            984  java.util.regex.Pattern$Ctype
 430:            30            960  java.util.Stack
 431:            20            960  java.util.logging.LogManager$LoggerWeakRef
 432:            40            960  java.util.regex.Pattern$Slice
 433:            30            960  javassist.compiler.ast.CastExpr
 434:            39            936  org.apache.commons.logging.impl.WeakHashtable$Referenced
 435:             9            912  [Lcom.sun.org.apache.xerces.internal.impl.xs.XSComplexTypeDecl;
 436:            19            912  java.util.StringTokenizer
 437:            16            896  java.lang.invoke.LambdaFormEditor$Transform
 438:            36            864  com.sun.org.apache.xerces.internal.impl.xs.traversers.SmallContainer
 439:            18            864  java.beans.BeanDescriptor
 440:            18            864  java.util.Properties
 441:            36            864  java.util.regex.Pattern$Start
 442:            18            864  org.springframework.util.ConcurrentReferenceHashMap$SoftEntryReference
 443:            34            816  javassist.compiler.ast.MethodDecl
 444:            17            816  sun.security.util.ManifestEntryVerifier
 445:             6            768  com.sun.org.apache.xerces.internal.impl.XMLEntityManager
 446:             4            768  com.sun.org.apache.xerces.internal.parsers.XIncludeAwareParserConfiguration
 447:            24            768  java.util.logging.LogManager$LogNode
 448:            12            768  jdk.internal.org.objectweb.asm.FieldWriter
 449:            32            768  sun.reflect.ByteVectorImpl
 450:            23            736  com.sun.org.apache.xerces.internal.util.XMLResourceIdentifierImpl
 451:            23            736  java.lang.ArrayIndexOutOfBoundsException
 452:            18            720  java.beans.GenericBeanInfo
 453:            15            720  javassist.compiler.NoFieldException
 454:             4            704  com.sun.org.apache.xerces.internal.impl.dtd.XMLNSDTDValidator
 455:            22            704  com.sun.org.apache.xerces.internal.impl.xs.SchemaNamespaceSupport
 456:            29            696  java.lang.RuntimePermission
 457:            29            696  sun.reflect.Label$PatchInfo
 458:            43            688  javassist.compiler.Parser
 459:            17            680  sun.reflect.generics.repository.MethodRepository
 460:            12            672  com.sun.org.apache.xerces.internal.impl.xs.XSDDescription
 461:             2            672  com.sun.org.apache.xerces.internal.impl.xs.traversers.XSDHandler
 462:            21            672  java.io.FileDescriptor
 463:            28            672  java.lang.ProcessEnvironment$Variable
 464:            21            672  java.util.Locale
 465:            14            672  java.util.ResourceBundle$BundleReference
 466:            12            672  java.util.concurrent.ConcurrentHashMap$EntryIterator
 467:            12            672  java.util.concurrent.ConcurrentHashMap$KeyIterator
 468:            28            672  org.apache.commons.logging.impl.Log4JLogger
 469:            21            672  sun.util.locale.BaseLocale
 470:            37            656  [Lsun.reflect.generics.tree.FormalTypeParameter;
 471:            27            648  java.io.InputStreamReader
 472:            27            648  java.lang.ProcessEnvironment$Value
 473:            27            648  java.util.Locale$LocaleKey
 474:            27            648  java.util.concurrent.ConcurrentHashMap$MapEntry
 475:             9            648  java.util.logging.Logger
 476:            11            640  [Lcom.sun.org.apache.xerces.internal.impl.xs.XSElementDecl;
 477:            16            640  com.sun.org.apache.xerces.internal.impl.xs.models.XSCMUniOp
 478:            20            640  java.io.ByteArrayInputStream
 479:            20            640  java.security.Permissions
 480:            20            640  java.util.LinkedHashMap$LinkedValueIterator
 481:            20            640  java.util.jar.Manifest$FastInputStream
 482:            16            640  org.jboss.netty.util.internal.ConcurrentHashMap$Segment
 483:            20            640  sun.reflect.generics.repository.ClassRepository
 484:             3            624  [Ljava.lang.invoke.LambdaForm;
 485:            13            624  java.util.concurrent.ThreadPoolExecutor$Worker
 486:            39            624  java.util.concurrent.atomic.AtomicInteger
 487:            26            624  javassist.ClassPathList
 488:            26            624  org.springframework.core.convert.support.GenericConversionService$ConverterAdapter
 489:             4            608  com.sun.org.apache.xerces.internal.parsers.DOMParser
 490:            38            608  org.apache.commons.logging.LogFactory$1
 491:            11            600  [Lcom.sun.org.apache.xerces.internal.utils.XMLSecurityManager$State;
 492:            15            600  org.springframework.util.ConcurrentReferenceHashMap$Segment$1
 493:            17            592  [Lcom.sun.org.apache.xerces.internal.util.XMLAttributesImpl$Attribute;
 494:            18            592  [Ljava.io.ObjectStreamField;
 495:            37            592  javassist.bytecode.stackmap.TypeData$NullType
 496:            18            576  java.security.BasicPermissionCollection
 497:            18            576  java.util.TreeMap$ValueIterator
 498:             8            576  sun.reflect.DelegatingClassLoader
 499:             7            560  [Ljava.lang.ThreadLocal$ThreadLocalMap$Entry;
 500:            14            560  java.lang.invoke.MethodHandleImpl$IntrinsicMethodHandle
 501:            14            560  java.util.regex.Pattern$Loop
 502:            14            560  org.springframework.beans.propertyeditors.CustomNumberEditor
 503:            10            560  sun.invoke.util.Wrapper
 504:            17            544  java.lang.ThreadLocal$ThreadLocalMap$Entry
 505:            34            544  javassist.bytecode.stackmap.TypedBlock$Maker
 506:            17            544  sun.reflect.generics.tree.MethodTypeSignature
 507:             4            536  [Ljava.lang.invoke.MemberName;
 508:             1            528  [Ljava.lang.Character;
 509:            13            520  javassist.ClassPool
 510:            13            520  org.springframework.core.convert.Property
 511:            32            512  com.alibaba.com.caucho.hessian.io.BasicDeserializer
 512:             2            512  com.sun.org.apache.xerces.internal.impl.xs.XMLSchemaValidator
 513:            16            512  java.util.RegularEnumSet
 514:             4            504  [Lcom.sun.org.apache.xerces.internal.xs.XSTypeDefinition;
 515:             7            504  com.sun.org.apache.xerces.internal.dom.DeferredElementNSImpl
 516:             7            504  org.apache.log4j.spi.LoggingEvent
 517:            31            496  [Ljava.security.Principal;
 518:            31            496  java.security.ProtectionDomain$Key
 519:            31            496  java.util.regex.Pattern$BranchConn
 520:            30            480  com.alibaba.com.caucho.hessian.io.BasicSerializer
 521:             3            480  com.sun.org.apache.xerces.internal.impl.xs.SchemaGrammar
 522:             3            480  com.sun.org.apache.xerces.internal.impl.xs.SchemaGrammar$BuiltinSchemaGrammar
 523:             6            480  com.sun.org.apache.xerces.internal.impl.xs.models.XSDFACM
 524:             5            480  com.sun.xml.internal.stream.Entity$ScannedEntity
 525:            12            480  java.security.PrivilegedActionException
 526:            20            480  java.util.jar.Manifest
 527:            15            480  org.springframework.util.ConcurrentReferenceHashMap$1
 528:            20            480  sun.reflect.generics.tree.ClassSignature
 529:            29            464  java.util.LinkedHashMap$LinkedKeySet
 530:            19            456  java.io.FilePermissionCollection
 531:            20            448  [Lsun.reflect.generics.tree.ClassTypeSignature;
 532:            14            448  java.lang.invoke.SimpleMethodHandle
 533:            11            440  com.sun.org.apache.xerces.internal.dom.DeferredTextImpl
 534:            18            432  java.text.DateFormat$Field
 535:             6            432  java.util.concurrent.ThreadPoolExecutor
 536:             9            432  javassist.CtPrimitiveType
 537:            18            432  javassist.bytecode.StackMapTable$Writer
 538:            18            432  sun.nio.ch.SocketOptionRegistry$RegistryKey
 539:            17            424  [Lorg.springframework.util.ConcurrentReferenceHashMap$TaskOption;
 540:             4            416  [Ljava.net.URL;
 541:             4            416  com.sun.org.apache.xerces.internal.impl.dv.xs.AbstractDateTimeDV$DateTimeData
 542:            13            416  java.util.TreeMap$EntryIterator
 543:            13            416  org.springframework.core.convert.BeanPropertyDescriptor
 544:            17            408  javassist.compiler.ast.IntConst
 545:            17            408  sun.reflect.generics.scope.MethodScope
 546:            20            400  [Ljava.lang.annotation.Annotation;
 547:             5            400  [Ljava.util.concurrent.RunnableScheduledFuture;
 548:             2            400  com.sun.org.apache.xerces.internal.dom.DeferredDocumentImpl
 549:            10            400  com.sun.org.apache.xerces.internal.impl.XMLErrorReporter
 550:            10            400  com.sun.org.apache.xerces.internal.impl.xpath.regex.RangeToken
 551:            10            400  com.sun.org.apache.xerces.internal.utils.XMLSecurityManager
 552:            10            400  java.lang.invoke.DirectMethodHandle$Accessor
 553:            10            400  java.util.IdentityHashMap
 554:             5            400  java.util.concurrent.ScheduledThreadPoolExecutor
 555:            12            384  [Lcom.sun.org.apache.xerces.internal.impl.XMLEntityManager$CharacterBuffer;
 556:            16            384  [Lorg.jboss.netty.util.internal.ConcurrentHashMap$HashEntry;
 557:             6            384  com.sun.org.apache.xerces.internal.impl.XMLEntityScanner
 558:             4            384  com.sun.org.apache.xerces.internal.impl.dtd.XMLDTDProcessor
 559:             8            384  com.sun.org.apache.xerces.internal.util.XMLAttributesImpl
 560:             1            384  java.lang.ref.Finalizer$FinalizerThread
 561:             1            384  java.util.logging.LogManager$Cleaner
 562:            16            384  sun.misc.MetaIndex
 563:            16            384  sun.nio.ch.OptionKey
 564:             1            376  java.lang.ref.Reference$ReferenceHandler
 565:            10            368  [Lcom.sun.org.apache.xerces.internal.xs.ShortList;
 566:            23            368  com.sun.proxy.$Proxy1
 567:             3            360  [Ljava.io.File;
 568:             9            360  com.sun.org.apache.xerces.internal.utils.XMLSecurityManager$Limit
 569:             9            360  com.sun.org.apache.xerces.internal.xni.parser.XMLInputSource
 570:             5            360  java.util.concurrent.ScheduledThreadPoolExecutor$ScheduledFutureTask
 571:            15            360  java.util.regex.Pattern$Prolog
 572:             5            360  org.jboss.netty.channel.socket.nio.NioWorker
 573:            15            360  org.springframework.util.ConcurrentReferenceHashMap$Entry
 574:            11            352  com.alibaba.dubbo.common.utils.NamedThreadFactory
 575:            11            352  java.io.FileInputStream
 576:            11            352  java.lang.invoke.BoundMethodHandle$Species_L
 577:            22            352  java.util.jar.Attributes
 578:            11            352  java.util.logging.LogManager$LoggerContext$1
 579:             4            352  org.springframework.beans.BeanWrapperImpl
 580:             6            336  com.sun.org.apache.xerces.internal.util.XMLAttributesIteratorImpl
 581:            21            336  com.sun.proxy.$Proxy3
 582:             7            336  java.lang.invoke.LambdaFormBuffer
 583:            14            336  java.lang.invoke.LambdaFormEditor$Transform$Kind
 584:             6            336  java.nio.DirectLongBufferU
 585:            21            336  java.util.LinkedHashSet
 586:            14            336  java.util.concurrent.atomic.AtomicLong
 587:             7            336  sun.nio.cs.StreamEncoder
 588:            21            336  sun.reflect.Label
 589:            17            328  [Lsun.reflect.generics.tree.TypeSignature;
 590:             8            320  com.sun.org.apache.xerces.internal.impl.dtd.XMLEntityDecl
 591:             8            320  com.sun.org.apache.xerces.internal.impl.dtd.XMLSimpleType
 592:            10            320  com.sun.org.apache.xerces.internal.util.NamespaceSupport
 593:            10            320  java.lang.OutOfMemoryError
 594:             8            320  org.springframework.core.io.ResourceEditor
 595:            10            320  sun.reflect.UnsafeStaticObjectFieldAccessorImpl
 596:            10            320  sun.reflect.generics.reflectiveObjects.TypeVariableImpl
 597:            13            312  [Lcom.sun.org.apache.xerces.internal.utils.XMLSecurityPropertyManager$Property;
 598:            13            312  org.apache.log4j.Level
 599:            19            304  com.sun.proxy.$Proxy5
 600:             9            296  [Ljava.lang.invoke.LambdaForm$NamedFunction;
 601:            18            288  [Ljava.beans.BeanInfo;
 602:             8            288  [Ljava.lang.Boolean;
 603:            18            288  [Ljava.security.CodeSigner;
 604:            12            288  [Ljavassist.CtConstructor;
 605:             6            288  com.sun.org.apache.xerces.internal.impl.XMLDocumentFragmentScannerImpl$ElementStack
 606:            12            288  com.sun.org.apache.xerces.internal.impl.xpath.regex.Token$CharToken
 607:            12            288  java.lang.invoke.Invokers
 608:            18            288  java.util.LinkedHashMap$LinkedValues
 609:            18            288  java.util.TreeMap$Values
 610:            18            288  java.util.jar.JarVerifier$3
 611:             9            288  java.util.logging.Level
 612:            12            288  java.util.regex.Pattern$Ques
 613:             9            288  javassist.compiler.Javac$CtFieldWithInit
 614:            18            288  org.springframework.core.convert.ClassDescriptor
 615:             6            288  sun.misc.ProxyGenerator
 616:             6            288  sun.util.locale.provider.LocaleResources$ResourceReference
 617:             5            280  [Ljava.util.Map;
 618:             5            280  com.alibaba.dubbo.common.bytecode.ClassGenerator
 619:             7            280  java.util.ServiceLoader$LazyIterator
 620:            17            272  com.sun.proxy.$Proxy2
 621:            17            272  java.util.Collections$UnmodifiableSet
 622:             6            264  [Lcom.sun.org.apache.xerces.internal.impl.xs.models.XSCMLeaf;
 623:            11            264  java.net.StandardSocketOptions$StdSocketOption
 624:            11            264  java.util.concurrent.CopyOnWriteArrayList
 625:            11            264  java.util.jar.JarFile$JarEntryIterator
 626:            11            264  java.util.zip.ZipFile$ZipEntryIterator
 627:            11            264  org.jboss.netty.util.internal.LinkedTransferQueue
 628:            11            264  org.springframework.beans.BeanWrapperImpl$PropertyTokenHolder
 629:            11            264  sun.reflect.generics.tree.FormalTypeParameter
 630:             2            256  com.sun.org.apache.xerces.internal.impl.xs.opti.SchemaParsingConfig
 631:             8            256  java.lang.invoke.InvokerBytecodeGenerator$CpPatch
 632:             8            256  org.apache.log4j.helpers.PatternParser$LiteralPatternConverter
 633:             8            256  sun.misc.ProxyGenerator$PrimitiveTypeInfo
 634:             8            256  sun.reflect.MethodAccessorGenerator$1
 635:             8            256  sun.reflect.generics.reflectiveObjects.WildcardTypeImpl
 636:             6            240  [Ljava.lang.invoke.BoundMethodHandle$SpeciesData;
 637:             3            240  [Lorg.springframework.util.ConcurrentReferenceHashMap$Segment;
 638:             6            240  [[S
 639:            10            240  com.alibaba.dubbo.config.spring.schema.DubboBeanDefinitionParser
 640:             6            240  com.sun.org.apache.xerces.internal.impl.XMLDocumentFragmentScannerImpl$ElementStack2
 641:             6            240  com.sun.org.apache.xerces.internal.impl.XMLEntityManager$CharacterBufferPool
 642:             5            240  com.sun.org.apache.xerces.internal.impl.XMLEntityManager$RewindableInputStream
 643:            10            240  com.sun.org.apache.xerces.internal.impl.XMLScanner$NameType
 644:             6            240  com.sun.org.apache.xerces.internal.impl.XMLVersionDetector
 645:             6            240  com.sun.org.apache.xerces.internal.impl.dtd.XMLDTDDescription
 646:            10            240  com.sun.org.apache.xerces.internal.impl.dv.xs.XSSimpleTypeDecl$ValidationContextImpl
 647:             5            240  com.sun.org.apache.xerces.internal.impl.io.UTF8Reader
 648:            10            240  com.sun.org.apache.xerces.internal.impl.xs.traversers.XSDAbstractTraverser$FacetInfo
 649:             6            240  com.sun.org.apache.xerces.internal.util.SymbolTable
 650:             6            240  com.sun.xml.internal.stream.XMLEntityStorage
 651:             6            240  java.io.BufferedWriter
 652:             6            240  java.io.PrintWriter
 653:            10            240  java.security.CryptoPrimitive
 654:            10            240  java.util.concurrent.ConcurrentHashMap$KeySetView
 655:             5            240  java.util.concurrent.locks.ReentrantReadWriteLock$NonfairSync
 656:            10            240  javassist.compiler.ast.AssignExpr
 657:             2            240  org.apache.log4j.RollingCalendar
 658:             6            240  sun.misc.Cleaner
 659:             6            240  sun.util.locale.LanguageTag
 660:             1            224  com.alibaba.dubbo.config.spring.ReferenceBean
 661:             4            224  com.sun.org.apache.xerces.internal.jaxp.DocumentBuilderImpl
 662:             7            224  java.lang.StringCoding$StringEncoder
 663:            14            224  java.util.LinkedHashMap$LinkedEntrySet
 664:             7            224  java.util.ServiceLoader
 665:             7            224  java.util.concurrent.atomic.AtomicReferenceFieldUpdater$AtomicReferenceFieldUpdaterImpl
 666:             3            216  com.sun.org.apache.xerces.internal.impl.xs.traversers.XSDocumentInfo
 667:             9            216  java.util.logging.Level$KnownLevel
 668:             9            216  java.util.logging.LogManager$5
 669:             9            216  java.util.regex.Pattern$CharProperty$1
 670:             9            216  javassist.compiler.ast.FieldDecl
 671:             9            216  sun.util.logging.PlatformLogger$Level
 672:            13            208  com.alibaba.dubbo.common.utils.ConcurrentHashSet
 673:             2            208  com.sun.org.apache.xerces.internal.impl.xs.XMLSchemaLoader
 674:            13            208  java.util.TreeMap$EntrySet
 675:            13            208  javassist.ClassClassPath
 676:            13            208  javassist.ClassPoolTail
 677:            13            208  javassist.LoaderClassPath
 678:             2            200  [Ljava.text.DateFormat$Field;
 679:             5            200  com.sun.org.apache.xerces.internal.dom.DeferredCommentImpl
 680:             5            200  com.sun.org.apache.xerces.internal.utils.XMLLimitAnalyzer
 681:             5            200  java.lang.invoke.BoundMethodHandle$SpeciesData
 682:             5            200  java.net.DatagramPacket
 683:             1            200  org.springframework.beans.factory.support.DefaultListableBeanFactory
 684:             5            200  org.springframework.core.io.support.ResourceArrayPropertyEditor
 685:             4            192  [Ljava.lang.Thread;
 686:             6            192  com.sun.org.apache.xerces.internal.impl.xpath.regex.Token$ClosureToken
 687:             4            192  com.sun.org.apache.xerces.internal.impl.xs.SchemaGrammar$BuiltinAttrDecl
 688:             3            192  com.sun.org.apache.xerces.internal.impl.xs.opti.SchemaDOM
 689:             2            192  com.sun.org.apache.xerces.internal.impl.xs.traversers.XSDComplexTypeTraverser
 690:             6            192  java.io.FileNotFoundException
 691:             6            192  java.io.FileOutputStream
 692:             3            192  java.io.LineNumberReader
 693:             6            192  java.lang.Throwable
 694:             6            192  java.lang.invoke.LambdaForm$BasicType
 695:             8            192  java.lang.invoke.MethodHandleImpl$Intrinsic
 696:             6            192  java.lang.reflect.WeakCache$CacheValue
 697:             6            192  java.lang.reflect.WeakCache$Factory
 698:             8            192  java.math.RoundingMode
 699:             6            192  java.nio.DirectByteBuffer$Deallocator
 700:            12            192  java.util.TreeSet
 701:             8            192  jdk.net.SocketFlow$Status
 702:             6            192  org.apache.log4j.spi.LocationInfo
 703:            12            192  org.jboss.netty.logging.InternalLoggerFactory$1
 704:             8            192  org.springframework.beans.factory.config.BeanExpressionContext
 705:             8            192  org.springframework.core.convert.support.GenericConversionService$ConverterFactoryAdapter
 706:             6            192  sun.reflect.annotation.AnnotationType
 707:             8            192  sun.reflect.generics.tree.Wildcard
 708:             1            176  com.alibaba.dubbo.config.ConsumerConfig
 709:            11            176  com.sun.org.apache.xerces.internal.impl.xs.util.XInt
 710:            11            176  java.text.NumberFormat$Field
 711:            11            176  java.util.concurrent.atomic.AtomicBoolean
 712:             7            168  com.sun.org.apache.xerces.internal.dom.AttributeMap
 713:             7            168  java.io.OutputStreamWriter
 714:             7            168  java.lang.ThreadLocal$ThreadLocalMap
 715:             7            168  java.net.NetPermission
 716:             7            168  java.util.Collections$SynchronizedSet
 717:             7            168  java.util.ServiceLoader$1
 718:             7            168  java.util.concurrent.atomic.AtomicReferenceFieldUpdater$AtomicReferenceFieldUpdaterImpl$1
 719:             7            168  javassist.bytecode.stackmap.BasicBlock$Catch
 720:             7            168  sun.util.resources.LocaleData$1
 721:             2            160  com.alibaba.dubbo.registry.integration.RegistryDirectory
 722:             2            160  com.sun.org.apache.xerces.internal.impl.xs.opti.SchemaDOMParser
 723:            10            160  com.sun.org.apache.xerces.internal.utils.SecuritySupport$3
 724:            10            160  com.sun.proxy.$Proxy4
 725:             4            160  java.lang.ClassLoader$NativeLibrary
 726:             4            160  java.lang.invoke.BoundMethodHandle$Species_LL
 727:             5            160  java.util.ResourceBundle$Control$1
 728:             5            160  java.util.concurrent.ConcurrentHashMap$ReservationNode
 729:             5            160  java.util.concurrent.ScheduledThreadPoolExecutor$DelayedWorkQueue
 730:             5            160  java.util.regex.Pattern$BnM
 731:             5            160  org.springframework.beans.propertyeditors.ClassArrayEditor
 732:             5            160  org.springframework.beans.propertyeditors.ClassEditor
 733:             5            160  org.springframework.beans.propertyeditors.FileEditor
 734:             5            160  org.springframework.beans.propertyeditors.InputSourceEditor
 735:             5            160  org.springframework.beans.propertyeditors.InputStreamEditor
 736:             5            160  org.springframework.beans.propertyeditors.URIEditor
 737:             5            160  org.springframework.beans.propertyeditors.URLEditor
 738:            10            160  org.springframework.core.convert.support.ObjectToStringConverter
 739:             5            160  org.xml.sax.InputSource
 740:             2            160  sun.nio.ch.KQueueSelectorImpl
 741:             4            160  sun.reflect.UnsafeQualifiedStaticIntegerFieldAccessorImpl
 742:             5            160  sun.util.locale.provider.LocaleProviderAdapter$Type
 743:             6            144  [Lcom.sun.org.apache.xerces.internal.impl.xs.XSGroupDecl;
 744:             6            144  [Lorg.springframework.expression.Expression;
 745:             9            144  com.alibaba.dubbo.remoting.transport.netty.NettyHelper$DubboLogger
 746:             6            144  com.sun.org.apache.xerces.internal.impl.XMLNSDocumentScannerImpl$NSContentDriver
 747:             6            144  com.sun.org.apache.xerces.internal.impl.msg.XMLMessageFormatter
 748:             6            144  com.sun.org.apache.xerces.internal.impl.validation.ValidationManager
 749:             6            144  com.sun.org.apache.xerces.internal.impl.xs.XSMessageFormatter
 750:             6            144  com.sun.org.apache.xerces.internal.util.Status
 751:             3            144  com.sun.org.apache.xerces.internal.xni.parser.XMLConfigurationException
 752:             9            144  java.io.FileInputStream$1
 753:             9            144  java.lang.ClassLoader$3
 754:             9            144  java.lang.invoke.LambdaFormEditor
 755:             6            144  java.util.regex.Pattern$Dollar
 756:             6            144  sun.misc.PerfCounter
 757:             6            144  sun.misc.ProxyGenerator$ConstantPool
 758:             3            144  sun.misc.URLClassPath
 759:             6            144  sun.reflect.annotation.AnnotationType$1
 760:             6            144  sun.security.util.DisabledAlgorithmConstraints$KeySizeConstraint$Operator
 761:             1            136  [Lcom.sun.org.apache.xerces.internal.impl.dv.xs.TypeValidator;
 762:             5            136  [Lcom.sun.org.apache.xerces.internal.utils.XMLSecurityPropertyManager$State;
 763:             4            128  [Lorg.jboss.netty.channel.ChannelState;
 764:             4            128  com.sun.org.apache.xerces.internal.impl.dtd.XMLElementDecl
 765:             2            128  com.sun.org.apache.xerces.internal.impl.xpath.regex.ParserForXMLSchema
 766:             2            128  com.sun.org.apache.xerces.internal.impl.xpath.regex.RegularExpression
 767:             2            128  com.sun.org.apache.xerces.internal.impl.xs.ElementPSVImpl
 768:             4            128  com.sun.org.apache.xerces.internal.impl.xs.XSGroupDecl
 769:             4            128  com.sun.org.apache.xerces.internal.impl.xs.models.CMNodeFactory
 770:             2            128  java.io.ExpiringCache$1
 771:             4            128  java.util.concurrent.SynchronousQueue
 772:             4            128  org.apache.log4j.helpers.PatternParser$BasicPatternConverter
 773:             1            128  org.jboss.netty.channel.socket.nio.NioClientSocketChannel
 774:             4            128  org.springframework.beans.factory.support.AbstractAutowireCapableBeanFactory$2
 775:             4            128  org.springframework.beans.factory.support.AbstractBeanFactory$1
 776:             4            128  org.springframework.beans.factory.support.BeanDefinitionValueResolver
 777:             4            128  org.springframework.beans.propertyeditors.CustomCollectionEditor
 778:             2            128  sun.nio.ch.FileChannelImpl
 779:             8            128  sun.reflect.ClassDefiner$1
 780:             5            120  [Lcom.sun.org.apache.xerces.internal.impl.xs.XSAnnotationImpl;
 781:             5            120  com.alibaba.dubbo.remoting.transport.dispatcher.ChannelEventRunnable$ChannelState
 782:             3            120  com.alibaba.dubbo.rpc.RpcException
 783:             5            120  com.sun.org.apache.xerces.internal.impl.xs.traversers.LargeContainer
 784:             5            120  com.sun.org.apache.xerces.internal.utils.XMLSecurityManager$State
 785:             5            120  com.sun.org.apache.xerces.internal.utils.XMLSecurityPropertyManager$State
 786:             3            120  java.io.StringReader
 787:             5            120  java.lang.invoke.MethodHandles$Lookup
 788:             5            120  java.util.concurrent.Executors$RunnableAdapter
 789:             5            120  java.util.concurrent.locks.ReentrantReadWriteLock
 790:             5            120  javassist.bytecode.stackmap.TypeData$BasicType
 791:             5            120  org.apache.commons.logging.impl.LogFactoryImpl$2
 792:             3            120  org.jboss.netty.channel.DefaultChannelPipeline$DefaultChannelHandlerContext
 793:             5            120  org.jboss.netty.channel.socket.nio.SocketSendBufferPool
 794:             5            120  org.jboss.netty.channel.socket.nio.SocketSendBufferPool$Preallocation
 795:             1            120  org.springframework.context.support.ClassPathXmlApplicationContext
 796:             3            120  org.springframework.util.ConcurrentReferenceHashMap
 797:             2            112  [Ljava.lang.invoke.MethodType;
 798:             2            112  [Ljava.security.CryptoPrimitive;
 799:             1            112  com.alibaba.dubbo.registry.multicast.MulticastRegistry
 800:             7            112  java.lang.ThreadLocal
 801:             2            112  org.springframework.core.env.PropertySourcesPropertyResolver
 802:             1            112  sun.nio.ch.SocketChannelImpl
 803:             2            112  sun.nio.cs.ISO_8859_1$Encoder
 804:             1            104  com.alibaba.dubbo.config.RegistryConfig
 805:             1            104  java.lang.invoke.InnerClassLambdaMetafactory
 806:             1            104  org.springframework.beans.factory.support.GenericBeanDefinition
 807:             1             96  [Lcom.sun.org.apache.xerces.internal.impl.xpath.regex.RegularExpression;
 808:             2             96  [Lcom.sun.org.apache.xerces.internal.impl.xs.XSNotationDecl;
 809:             2             96  [Lcom.sun.org.apache.xerces.internal.impl.xs.models.XSCMValidator;
 810:             2             96  [Ljava.lang.invoke.MethodHandleImpl$Intrinsic;
 811:             2             96  [Ljava.util.HashMap;
 812:             6             96  com.alibaba.com.caucho.hessian.io.JavaDeserializer$IntFieldDeserializer
 813:             6             96  com.sun.org.apache.xerces.internal.dom.DeferredDocumentImpl$RefCount
 814:             3             96  com.sun.org.apache.xerces.internal.dom.NodeListCache
 815:             6             96  com.sun.org.apache.xerces.internal.impl.XMLDocumentScannerImpl$PrologDriver
 816:             6             96  com.sun.org.apache.xerces.internal.impl.XMLDocumentScannerImpl$TrailingMiscDriver
 817:             6             96  com.sun.org.apache.xerces.internal.impl.XMLDocumentScannerImpl$XMLDeclDriver
 818:             4             96  com.sun.org.apache.xerces.internal.impl.dtd.DTDGrammarBucket
 819:             4             96  com.sun.org.apache.xerces.internal.impl.dtd.XMLAttributeDecl
 820:             6             96  com.sun.org.apache.xerces.internal.impl.dv.dtd.DTDDVFactoryImpl
 821:             4             96  com.sun.org.apache.xerces.internal.impl.xpath.regex.Token$ParenToken
 822:             4             96  com.sun.org.apache.xerces.internal.impl.xpath.regex.Token$UnionToken
 823:             4             96  com.sun.org.apache.xerces.internal.impl.xs.XMLSchemaLoader$LocationArray
 824:             4             96  com.sun.org.apache.xerces.internal.impl.xs.opti.SchemaDOMParser$BooleanStack
 825:             4             96  com.sun.org.apache.xerces.internal.impl.xs.traversers.XSDAbstractParticleTraverser$ParticleArray
 826:             2             96  com.sun.org.apache.xerces.internal.impl.xs.traversers.XSDElementTraverser
 827:             2             96  com.sun.org.apache.xerces.internal.impl.xs.traversers.XSDGroupTraverser
 828:             2             96  com.sun.org.apache.xerces.internal.impl.xs.traversers.XSDSimpleTypeTraverser
 829:             4             96  com.sun.org.apache.xerces.internal.jaxp.DefaultValidationErrorHandler
 830:             3             96  com.sun.org.apache.xerces.internal.utils.XMLSecurityManager$NameMap
 831:             4             96  com.sun.org.apache.xerces.internal.utils.XMLSecurityPropertyManager
 832:             3             96  java.io.CharArrayWriter
 833:             4             96  java.io.StringWriter
 834:             2             96  java.lang.ThreadGroup
 835:             2             96  java.net.NetworkInterface
 836:             3             96  java.util.AbstractList$ListItr
 837:             4             96  java.util.Collections$SetFromMap
 838:             3             96  java.util.RandomAccessSubList
 839:             2             96  java.util.concurrent.LinkedBlockingQueue
 840:             4             96  java.util.regex.Pattern$7
 841:             6             96  java.util.regex.Pattern$Dot
 842:             4             96  javassist.CtArray
 843:             4             96  javassist.compiler.ast.CondExpr
 844:             4             96  javassist.compiler.ast.Pair
 845:             4             96  javax.xml.parsers.SecuritySupport$2
 846:             1             96  org.apache.log4j.DailyRollingFileAppender
 847:             2             96  org.apache.log4j.helpers.PatternParser
 848:             4             96  org.jboss.netty.channel.ChannelState
 849:             4             96  org.springframework.beans.CachedIntrospectionResults
 850:             4             96  org.springframework.beans.TypeConverterDelegate
 851:             2             96  org.springframework.beans.factory.xml.DocumentDefaultsDefinition
 852:             3             96  org.springframework.beans.factory.xml.ParserContext
 853:             6             96  org.springframework.core.io.DefaultResourceLoader
 854:             4             96  org.springframework.core.io.UrlResource
 855:             6             96  org.springframework.expression.common.LiteralExpression
 856:             4             96  org.springframework.util.ConcurrentReferenceHashMap$TaskOption
 857:             1             96  sun.misc.Launcher$AppClassLoader
 858:             4             96  sun.usagetracker.UsageTrackerClient$1
 859:             3             96  sun.util.locale.provider.LocaleServiceProviderPool
 860:             1             88  com.alibaba.dubbo.remoting.transport.netty.NettyClient
 861:             1             88  org.springframework.beans.factory.xml.XmlBeanDefinitionReader
 862:             1             88  sun.misc.Launcher$ExtClassLoader
 863:             2             80  [Lcom.alibaba.dubbo.remoting.transport.dispatcher.ChannelEventRunnable$ChannelState;
 864:             1             80  [Lorg.jboss.netty.util.internal.ConcurrentHashMap$Segment;
 865:             2             80  [Lsun.security.util.DisabledAlgorithmConstraints$KeySizeConstraint$Operator;
 866:             2             80  [Lsun.util.locale.provider.LocaleProviderAdapter$Type;
 867:             2             80  com.sun.org.apache.xerces.internal.impl.xs.XMLSchemaValidator$ValueStoreCache
 868:             2             80  com.sun.org.apache.xerces.internal.impl.xs.traversers.XSAttributeChecker
 869:             2             80  com.sun.org.apache.xerces.internal.impl.xs.traversers.XSDAttributeGroupTraverser
 870:             2             80  com.sun.org.apache.xerces.internal.impl.xs.traversers.XSDAttributeTraverser
 871:             2             80  com.sun.org.apache.xerces.internal.impl.xs.traversers.XSDKeyrefTraverser
 872:             2             80  com.sun.org.apache.xerces.internal.impl.xs.traversers.XSDNotationTraverser
 873:             2             80  com.sun.org.apache.xerces.internal.impl.xs.traversers.XSDUniqueOrKeyTraverser
 874:             2             80  com.sun.org.apache.xerces.internal.impl.xs.traversers.XSDWildcardTraverser
 875:             2             80  com.sun.org.apache.xerces.internal.jaxp.DocumentBuilderFactoryImpl
 876:             5             80  com.sun.org.apache.xerces.internal.utils.SecuritySupport$1
 877:             5             80  com.sun.org.apache.xerces.internal.utils.SecuritySupport$2
 878:             5             80  com.sun.proxy.$Proxy0
 879:             2             80  java.io.ExpiringCache
 880:             5             80  java.lang.Class$3
 881:             2             80  java.lang.invoke.MethodHandleImpl$AsVarargsCollector
 882:             2             80  java.util.Locale$Category
 883:             2             80  java.util.PropertyResourceBundle
 884:             5             80  java.util.concurrent.ConcurrentHashMap$EntrySetView
 885:             5             80  java.util.concurrent.locks.ReentrantReadWriteLock$ReadLock
 886:             5             80  java.util.concurrent.locks.ReentrantReadWriteLock$Sync$ThreadLocalHoldCounter
 887:             5             80  java.util.concurrent.locks.ReentrantReadWriteLock$WriteLock
 888:             2             80  org.apache.log4j.helpers.PatternParser$LocationPatternConverter
 889:             5             80  org.jboss.netty.channel.socket.nio.SocketReceiveBufferPool
 890:             2             80  org.springframework.beans.factory.xml.BeanDefinitionParserDelegate
 891:             2             80  org.springframework.beans.factory.xml.XmlReaderContext
 892:             2             80  org.springframework.beans.propertyeditors.CustomBooleanEditor
 893:             2             80  sun.nio.ch.FileLockImpl
 894:             2             80  sun.nio.ch.KQueueArrayWrapper
 895:             2             80  sun.nio.ch.SelectionKeyImpl
 896:             5             80  sun.reflect.BootstrapConstructorAccessorImpl
 897:             2             80  sun.reflect.UnsafeQualifiedStaticObjectFieldAccessorImpl
 898:             1             72  [Ljava.lang.invoke.LambdaFormEditor$Transform$Kind;
 899:             3             72  com.alibaba.com.caucho.hessian.io.SqlDateDeserializer
 900:             3             72  com.alibaba.com.caucho.hessian.io.StringValueDeserializer
 901:             1             72  com.alibaba.dubbo.rpc.StaticContext
 902:             3             72  com.alibaba.dubbo.rpc.protocol.ProtocolFilterWrapper$1
 903:             3             72  com.sun.org.apache.xerces.internal.impl.xs.traversers.XSDHandler$XSDKey
 904:             3             72  com.sun.org.apache.xerces.internal.impl.xs.util.ShortListImpl
 905:             3             72  java.lang.Class$4
 906:             3             72  java.lang.annotation.RetentionPolicy
 907:             3             72  java.security.SecurityPermission
 908:             1             72  java.util.ResourceBundle$RBClassLoader
 909:             3             72  java.util.SubList$1
 910:             3             72  java.util.concurrent.LinkedBlockingQueue$Node
 911:             3             72  java.util.concurrent.atomic.AtomicMarkableReference$Pair
 912:             1             72  java.util.logging.LogManager$RootLogger
 913:             3             72  javassist.bytecode.MethodHandleInfo
 914:             3             72  org.apache.commons.logging.LogFactory$6
 915:             3             72  org.apache.log4j.spi.ThrowableInformation
 916:             3             72  org.jboss.netty.channel.UpstreamChannelStateEvent
 917:             3             72  org.jboss.netty.logging.JdkLogger
 918:             3             72  org.springframework.core.io.ClassPathResource
 919:             3             72  org.springframework.core.io.support.PathMatchingResourcePatternResolver
 920:             3             72  org.springframework.util.AntPathMatcher
 921:             3             72  sun.misc.JarIndex
 922:             3             72  sun.misc.Signal
 923:             1             72  sun.util.locale.provider.JRELocaleProviderAdapter
 924:             3             72  sun.util.locale.provider.SPILocaleProviderAdapter$1
 925:             3             72  sun.util.resources.ParallelListResourceBundle$KeySet
 926:             2             64  [Lcom.sun.org.apache.xerces.internal.impl.dv.xs.XSSimpleTypeDecl;
 927:             2             64  [Lcom.sun.org.apache.xerces.internal.impl.xs.identity.XPathMatcher;
 928:             2             64  [Ljava.lang.annotation.RetentionPolicy;
 929:             1             64  com.alibaba.dubbo.common.utils.LRUCache
 930:             1             64  com.alibaba.dubbo.config.ApplicationConfig
 931:             2             64  com.alibaba.dubbo.remoting.transport.netty.NettyChannel
 932:             1             64  com.alibaba.dubbo.rpc.RpcContext
 933:             4             64  com.sun.org.apache.xerces.internal.impl.dv.xs.SchemaDVFactoryImpl
 934:             1             64  com.sun.org.apache.xerces.internal.impl.xs.SchemaGrammar$XSAnyType
 935:             2             64  com.sun.org.apache.xerces.internal.impl.xs.XMLSchemaValidator$XSIErrorReporter
 936:             2             64  com.sun.org.apache.xerces.internal.impl.xs.models.CMBuilder
 937:             4             64  com.sun.org.apache.xerces.internal.util.ErrorHandlerWrapper
 938:             2             64  com.sun.org.apache.xerces.internal.util.ParserConfigurationSettings
 939:             2             64  com.sun.org.apache.xerces.internal.utils.XMLSecurityPropertyManager$Property
 940:             2             64  java.io.PrintStream
 941:             2             64  java.io.RandomAccessFile
 942:             2             64  java.lang.ClassValue$Entry
 943:             2             64  java.lang.IllegalStateException
 944:             2             64  java.lang.NoSuchFieldError
 945:             2             64  java.lang.NoSuchMethodError
 946:             2             64  java.lang.StringCoding$StringDecoder
 947:             2             64  java.lang.VirtualMachineError
 948:             4             64  java.lang.invoke.BoundMethodHandle$SpeciesData$1
 949:             2             64  java.lang.ref.ReferenceQueue$Null
 950:             1             64  java.net.MulticastSocket
 951:             2             64  java.util.Collections$SynchronizedMap
 952:             4             64  java.util.Hashtable$EntrySet
 953:             2             64  java.util.Random
 954:             2             64  java.util.TreeMap$KeyIterator
 955:             4             64  java.util.concurrent.SynchronousQueue$TransferStack
 956:             4             64  java.util.regex.Pattern$Begin
 957:             2             64  org.jboss.netty.channel.DefaultChannelPipeline
 958:             2             64  org.jboss.netty.channel.DownstreamChannelStateEvent
 959:             2             64  org.springframework.beans.factory.xml.DefaultBeanDefinitionDocumentReader
 960:             2             64  org.springframework.beans.propertyeditors.CharacterEditor
 961:             4             64  org.springframework.core.convert.support.CollectionToArrayConverter
 962:             4             64  org.springframework.core.convert.support.CollectionToStringConverter
 963:             2             64  org.springframework.core.env.MapPropertySource
 964:             2             64  org.springframework.core.env.StandardEnvironment
 965:             2             64  org.springframework.core.env.SystemEnvironmentPropertySource
 966:             2             64  sun.misc.URLClassPath$FileLoader$1
 967:             4             64  sun.net.www.protocol.jar.Handler
 968:             2             64  sun.nio.ch.AllocatedNativeObject
 969:             2             64  sun.nio.ch.FileKey
 970:             2             64  sun.nio.ch.SharedFileLockTable$FileLockReference
 971:             4             64  sun.security.action.GetBooleanAction
 972:             2             64  sun.util.locale.provider.LocaleResources
 973:             1             56  [Lcom.sun.org.apache.xerces.internal.impl.XMLScanner$NameType;
 974:             1             56  [Lcom.sun.org.apache.xerces.internal.impl.dv.XSSimpleType;
 975:             1             56  [Lcom.sun.org.apache.xerces.internal.impl.xs.util.XInt;
 976:             1             56  [Ljava.lang.Runnable;
 977:             3             56  [Ljava.net.NetworkInterface;
 978:             1             56  [Ljava.text.Format;
 979:             1             56  [Lsun.util.logging.PlatformLogger$Level;
 980:             1             56  com.alibaba.dubbo.common.serialize.support.hessian.Hessian2SerializerFactory
 981:             1             56  com.alibaba.dubbo.rpc.protocol.dubbo.DubboInvoker
 982:             1             56  java.net.SocketPermission
 983:             1             56  java.util.logging.LogManager
 984:             1             56  org.apache.commons.logging.impl.WeakHashtable
 985:             1             56  org.springframework.expression.spel.support.StandardEvaluationContext
 986:             1             48  [Lcom.sun.beans.util.Cache$CacheEntry;
 987:             2             48  [Lcom.sun.org.apache.xerces.internal.impl.xs.SchemaGrammar;
 988:             1             48  [Ljava.beans.WeakIdentityMap$Entry;
 989:             1             48  [Ljava.math.RoundingMode;
 990:             2             48  [Ljava.net.InterfaceAddress;
 991:             2             48  [Ljava.security.Permission;
 992:             2             48  [Ljava.util.Locale$Category;
 993:             1             48  [Ljava.util.concurrent.TimeUnit;
 994:             1             48  [Ljdk.net.SocketFlow$Status;
 995:             2             48  [Lorg.springframework.core.io.Resource;
 996:             3             48  com.alibaba.com.caucho.hessian.io.JavaDeserializer$StringFieldDeserializer
 997:             3             48  com.alibaba.com.caucho.hessian.io.SqlDateSerializer
 998:             3             48  com.alibaba.com.caucho.hessian.io.StringValueSerializer
 999:             1             48  com.alibaba.dubbo.config.MonitorConfig
1000:             2             48  com.alibaba.dubbo.registry.support.AbstractRegistry$SaveProperties
1001:             2             48  com.alibaba.dubbo.remoting.Codec2$DecodeResult
1002:             1             48  com.alibaba.dubbo.remoting.TimeoutException
1003:             2             48  com.alibaba.dubbo.remoting.exchange.support.header.HeaderExchangeChannel
1004:             2             48  com.alibaba.dubbo.rpc.cluster.support.FailoverClusterInvoker
1005:             2             48  com.alibaba.dubbo.rpc.cluster.support.wrapper.MockClusterInvoker
1006:             3             48  com.alibaba.dubbo.rpc.protocol.ProtocolFilterWrapper
1007:             3             48  com.alibaba.dubbo.rpc.protocol.ProtocolListenerWrapper
1008:             1             48  com.alibaba.dubbo.rpc.protocol.dubbo.DubboProtocol
1009:             3             48  com.sun.org.apache.xerces.internal.impl.dv.dtd.ListDatatypeValidator
1010:             2             48  com.sun.org.apache.xerces.internal.impl.dv.xs.ListDV$ListData
1011:             2             48  com.sun.org.apache.xerces.internal.impl.xs.SubstitutionGroupHandler
1012:             2             48  com.sun.org.apache.xerces.internal.impl.xs.XMLSchemaValidator$LocalIDKey
1013:             2             48  com.sun.org.apache.xerces.internal.impl.xs.XMLSchemaValidator$XPathMatcherStack
1014:             2             48  com.sun.org.apache.xerces.internal.impl.xs.XSGrammarBucket
1015:             2             48  com.sun.org.apache.xerces.internal.util.IntStack
1016:             2             48  com.sun.org.apache.xerces.internal.utils.SecuritySupport$7
1017:             2             48  java.io.BufferedOutputStream
1018:             2             48  java.io.File$PathStatus
1019:             3             48  java.io.FileOutputStream$1
1020:             2             48  java.io.FileReader
1021:             3             48  java.lang.Boolean
1022:             3             48  java.lang.Throwable$WrappedPrintWriter
1023:             3             48  java.lang.invoke.BoundMethodHandle$Factory$1
1024:             1             48  java.lang.invoke.BoundMethodHandle$Species_L4
1025:             2             48  java.lang.reflect.ReflectPermission
1026:             2             48  java.net.InetAddress$Cache
1027:             2             48  java.net.InetAddress$Cache$Type
1028:             2             48  java.net.InetAddress$CacheEntry
1029:             2             48  java.net.InterfaceAddress
1030:             1             48  java.net.PlainDatagramSocketImpl
1031:             2             48  java.net.StandardProtocolFamily
1032:             2             48  java.nio.charset.CoderResult
1033:             3             48  java.nio.charset.CodingErrorAction
1034:             3             48  java.text.AttributedCharacterIterator$Attribute
1035:             2             48  java.util.BitSet
1036:             2             48  java.util.Collections$SingletonList
1037:             3             48  java.util.IdentityHashMap$KeySet
1038:             3             48  java.util.concurrent.atomic.AtomicMarkableReference
1039:             2             48  java.util.logging.Logger$LoggerBundle
1040:             2             48  java.util.regex.Pattern$SliceI
1041:             2             48  javassist.bytecode.InvokeDynamicInfo
1042:             2             48  javassist.bytecode.MethodTypeInfo
1043:             1             48  javassist.compiler.KeywordTable
1044:             1             48  org.apache.commons.logging.impl.LogFactoryImpl
1045:             1             48  org.apache.log4j.Hierarchy
1046:             2             48  org.apache.log4j.config.PropertySetter
1047:             2             48  org.apache.log4j.helpers.FormattingInfo
1048:             1             48  org.jboss.netty.channel.AbstractChannel$ChannelCloseFuture
1049:             1             48  org.jboss.netty.channel.socket.nio.DefaultNioSocketChannelConfig
1050:             2             48  org.jboss.netty.util.ThreadRenamingRunnable
1051:             1             48  org.jboss.netty.util.internal.ConcurrentHashMap
1052:             2             48  org.jboss.netty.util.internal.DeadLockProofWorker$1
1053:             2             48  org.springframework.core.NamedThreadLocal
1054:             2             48  org.springframework.core.convert.support.ArrayToArrayConverter
1055:             2             48  org.springframework.core.convert.support.DefaultConversionService
1056:             2             48  org.springframework.core.convert.support.GenericConversionService$Converters
1057:             2             48  org.springframework.core.env.MutablePropertySources
1058:             2             48  org.springframework.core.io.support.EncodedResource
1059:             2             48  org.springframework.expression.TypedValue
1060:             2             48  org.springframework.util.ConcurrentReferenceHashMap$ReferenceType
1061:             2             48  org.springframework.util.ConcurrentReferenceHashMap$Restructure
1062:             2             48  sun.misc.NativeSignalHandler
1063:             2             48  sun.misc.URLClassPath$FileLoader
1064:             2             48  sun.nio.ch.KQueueArrayWrapper$Update
1065:             2             48  sun.nio.ch.KQueueSelectorImpl$MapEntry
1066:             2             48  sun.nio.ch.NativeThreadSet
1067:             2             48  sun.nio.ch.SharedFileLockTable
1068:             2             48  sun.nio.cs.Surrogate$Parser
1069:             3             48  sun.reflect.ReflectionFactory$GetReflectionFactoryAction
1070:             3             48  sun.reflect.generics.tree.TypeVariableSignature
1071:             1             48  sun.text.resources.FormatData
1072:             1             48  sun.text.resources.zh.FormatData_zh
1073:             1             48  sun.text.resources.zh.FormatData_zh_CN
1074:             1             48  sun.util.resources.CalendarData
1075:             1             48  sun.util.resources.CurrencyNames
1076:             1             48  sun.util.resources.TimeZoneNames
1077:             1             48  sun.util.resources.en.TimeZoneNames_en
1078:             1             48  sun.util.resources.zh.CalendarData_zh
1079:             1             48  sun.util.resources.zh.CurrencyNames_zh_CN
1080:             1             40  [Lcom.sun.org.apache.xerces.internal.util.Status;
1081:             1             40  [Lorg.jboss.netty.channel.socket.nio.NioWorker;
1082:             1             40  [[Ljava.lang.invoke.LambdaForm$Name;
1083:             1             40  com.alibaba.dubbo.monitor.dubbo.DubboMonitor
1084:             1             40  com.alibaba.dubbo.registry.integration.RegistryProtocol
1085:             1             40  com.alibaba.dubbo.remoting.transport.netty.NettyCodecAdapter
1086:             1             40  com.sun.beans.finder.MethodFinder$1
1087:             1             40  com.sun.xml.internal.stream.util.BufferAllocator
1088:             1             40  java.beans.WeakIdentityMap$Entry
1089:             1             40  java.lang.invoke.BoundMethodHandle$Species_L3
1090:             1             40  java.text.MessageFormat
1091:             1             40  java.util.ResourceBundle$1
1092:             1             40  java.util.regex.Pattern$LazyLoop
1093:             1             40  org.apache.log4j.helpers.PatternParser$ClassNamePatternConverter
1094:             1             40  org.apache.log4j.helpers.PatternParser$DatePatternConverter
1095:             1             40  org.apache.log4j.spi.RootLogger
1096:             1             40  org.jboss.netty.channel.socket.nio.NioClientSocketPipelineSink$Boss
1097:             1             40  org.springframework.beans.factory.support.DisposableBeanAdapter
1098:             1             40  org.springframework.beans.propertyeditors.StringArrayPropertyEditor
1099:             1             40  org.springframework.context.event.SimpleApplicationEventMulticaster
1100:             1             40  org.springframework.context.expression.StandardBeanExpressionResolver
1101:             1             40  org.springframework.core.env.MissingRequiredPropertiesException
1102:             1             40  sun.nio.ch.SocketAdaptor
1103:             1             40  sun.nio.cs.StandardCharsets$Aliases
1104:             1             40  sun.nio.cs.StandardCharsets$Cache
1105:             1             40  sun.nio.cs.StandardCharsets$Classes
1106:             2             32  [D
1107:             2             32  [F
1108:             1             32  [Lcom.sun.beans.util.Cache$Kind;
1109:             1             32  [Lcom.sun.org.apache.xerces.internal.impl.dv.xs.AbstractDateTimeDV$DateTimeData;
1110:             1             32  [Ljava.lang.OutOfMemoryError;
1111:             1             32  [Ljava.lang.StringBuilder;
1112:             1             32  [Ljava.lang.ThreadGroup;
1113:             1             32  [Ljava.lang.invoke.LambdaFormEditor$Transform;
1114:             1             32  [Ljava.nio.channels.SelectionKey;
1115:             2             32  [Lsun.util.calendar.ZoneInfoFile$ZoneOffsetTransitionRule;
1116:             1             32  com.alibaba.com.caucho.hessian.io.BigIntegerDeserializer
1117:             1             32  com.alibaba.com.caucho.hessian.io.StackTraceElementDeserializer
1118:             1             32  com.alibaba.dubbo.remoting.exchange.support.header.HeaderExchangeClient
1119:             2             32  com.alibaba.dubbo.rpc.cluster.router.MockInvokersSelector
1120:             1             32  com.alibaba.dubbo.rpc.protocol.dubbo.ReferenceCountExchangeClient
1121:             2             32  com.alibaba.dubbo.rpc.proxy.InvokerInvocationHandler
1122:             2             32  com.sun.beans.WeakCache
1123:             1             32  com.sun.beans.finder.BeanInfoFinder
1124:             1             32  com.sun.org.apache.xerces.internal.impl.XMLEntityScanner$1
1125:             2             32  com.sun.org.apache.xerces.internal.impl.dv.dtd.ENTITYDatatypeValidator
1126:             2             32  com.sun.org.apache.xerces.internal.impl.dv.xs.QNameDV
1127:             2             32  com.sun.org.apache.xerces.internal.impl.xpath.regex.Token
1128:             2             32  com.sun.org.apache.xerces.internal.util.DefaultErrorHandler
1129:             2             32  com.sun.org.apache.xerces.internal.util.EntityResolverWrapper
1130:             1             32  java.beans.ThreadGroupContext
1131:             1             32  java.beans.ThreadGroupContext$1
1132:             2             32  java.io.RandomAccessFile$1
1133:             1             32  java.io.UnixFileSystem
1134:             1             32  java.lang.ArithmeticException
1135:             1             32  java.lang.Exception
1136:             1             32  java.lang.NoClassDefFoundError
1137:             1             32  java.lang.NullPointerException
1138:             2             32  java.lang.Shutdown$Lock
1139:             1             32  java.lang.reflect.WeakCache
1140:             2             32  java.nio.ByteOrder
1141:             2             32  java.nio.channels.spi.AbstractSelector$1
1142:             1             32  java.text.DontCareFieldPosition
1143:             1             32  java.util.PropertyPermission
1144:             2             32  java.util.TreeMap$KeySet
1145:             2             32  java.util.concurrent.ConcurrentHashMap$ValuesView
1146:             1             32  java.util.concurrent.atomic.AtomicIntegerFieldUpdater$AtomicIntegerFieldUpdaterImpl
1147:             1             32  java.util.logging.LogManager$SystemLoggerContext
1148:             2             32  javax.xml.parsers.FactoryFinder$1
1149:             2             32  javax.xml.parsers.SecuritySupport$1
1150:             1             32  org.apache.commons.logging.impl.WeakHashtable$WeakKey
1151:             2             32  org.apache.log4j.DefaultCategoryFactory
1152:             1             32  org.apache.log4j.PatternLayout
1153:             1             32  org.apache.log4j.helpers.QuietWriter
1154:             1             32  org.jboss.netty.bootstrap.ClientBootstrap
1155:             2             32  org.jboss.netty.buffer.HeapChannelBufferFactory
1156:             1             32  org.jboss.netty.channel.AdaptiveReceiveBufferSizePredictor
1157:             1             32  org.jboss.netty.channel.socket.nio.NioClientSocketPipelineSink
1158:             1             32  org.jboss.netty.channel.socket.nio.NioSocketChannel$WriteRequestQueue
1159:             1             32  org.jboss.netty.channel.socket.nio.NioWorker$RegisterTask
1160:             1             32  org.jboss.netty.util.internal.ConcurrentHashMap$HashEntry
1161:             1             32  org.springframework.beans.factory.parsing.BeanComponentDefinition
1162:             2             32  org.springframework.beans.factory.parsing.ParseState
1163:             1             32  org.springframework.beans.factory.xml.DefaultNamespaceHandlerResolver
1164:             1             32  org.springframework.beans.propertyeditors.CustomMapEditor
1165:             1             32  org.springframework.beans.propertyeditors.PatternEditor
1166:             1             32  org.springframework.context.event.AbstractApplicationEventMulticaster$ListenerRetriever
1167:             1             32  org.springframework.context.support.DelegatingMessageSource
1168:             2             32  org.springframework.core.convert.support.ArrayToCollectionConverter
1169:             2             32  org.springframework.core.convert.support.ArrayToObjectConverter
1170:             2             32  org.springframework.core.convert.support.ArrayToStringConverter
1171:             2             32  org.springframework.core.convert.support.CharacterToNumberFactory
1172:             2             32  org.springframework.core.convert.support.CollectionToCollectionConverter
1173:             2             32  org.springframework.core.convert.support.CollectionToObjectConverter
1174:             2             32  org.springframework.core.convert.support.EnumToStringConverter
1175:             2             32  org.springframework.core.convert.support.FallbackObjectToStringConverter
1176:             2             32  org.springframework.core.convert.support.GenericConversionService$NoOpConverter
1177:             2             32  org.springframework.core.convert.support.IdToEntityConverter
1178:             2             32  org.springframework.core.convert.support.MapToMapConverter
1179:             2             32  org.springframework.core.convert.support.NumberToCharacterConverter
1180:             2             32  org.springframework.core.convert.support.NumberToNumberConverterFactory
1181:             2             32  org.springframework.core.convert.support.ObjectToArrayConverter
1182:             2             32  org.springframework.core.convert.support.ObjectToCollectionConverter
1183:             2             32  org.springframework.core.convert.support.ObjectToObjectConverter
1184:             2             32  org.springframework.core.convert.support.PropertiesToStringConverter
1185:             2             32  org.springframework.core.convert.support.StringToArrayConverter
1186:             2             32  org.springframework.core.convert.support.StringToBooleanConverter
1187:             2             32  org.springframework.core.convert.support.StringToCharacterConverter
1188:             2             32  org.springframework.core.convert.support.StringToCollectionConverter
1189:             2             32  org.springframework.core.convert.support.StringToEnumConverterFactory
1190:             2             32  org.springframework.core.convert.support.StringToLocaleConverter
1191:             2             32  org.springframework.core.convert.support.StringToNumberConverterFactory
1192:             2             32  org.springframework.core.convert.support.StringToPropertiesConverter
1193:             2             32  org.springframework.core.convert.support.StringToUUIDConverter
1194:             1             32  org.springframework.util.PropertyPlaceholderHelper
1195:             2             32  sun.nio.ch.FileDispatcherImpl
1196:             2             32  sun.nio.ch.Util$3
1197:             1             32  sun.nio.cs.StandardCharsets
1198:             2             32  sun.reflect.ReflectionFactory$1
1199:             2             32  sun.usagetracker.UsageTrackerClient$3
1200:             1             24  [Lcom.alibaba.dubbo.remoting.ChannelHandler;
1201:             1             24  [Lcom.alibaba.dubbo.remoting.Codec2$DecodeResult;
1202:             1             24  [Lcom.alibaba.dubbo.remoting.exchange.ExchangeClient;
1203:             1             24  [Ljava.io.File$PathStatus;
1204:             1             24  [Ljava.lang.ClassValue$Entry;
1205:             1             24  [Ljava.net.InetAddress$Cache$Type;
1206:             1             24  [Ljava.net.StandardProtocolFamily;
1207:             1             24  [Lorg.springframework.beans.factory.config.BeanReference;
1208:             1             24  [Lorg.springframework.util.ConcurrentReferenceHashMap$ReferenceType;
1209:             1             24  [Lorg.springframework.util.ConcurrentReferenceHashMap$Restructure;
1210:             1             24  [Lsun.launcher.LauncherHelper;
1211:             1             24  com.alibaba.dubbo.common.threadpool.support.AbortPolicyWithReport
1212:             1             24  com.alibaba.dubbo.config.spring.schema.DubboNamespaceHandler
1213:             1             24  com.alibaba.dubbo.monitor.dubbo.DubboMonitorFactroy
1214:             1             24  com.alibaba.dubbo.monitor.support.MonitorFilter
1215:             1             24  com.alibaba.dubbo.registry.integration.RegistryDirectory$InvokerDelegete
1216:             1             24  com.alibaba.dubbo.remoting.exchange.support.header.HeartBeatTask
1217:             1             24  com.alibaba.dubbo.remoting.transport.dispatcher.all.AllChannelHandler
1218:             1             24  com.alibaba.dubbo.remoting.transport.netty.NettyClient$1
1219:             1             24  com.alibaba.dubbo.remoting.transport.netty.NettyCodecAdapter$InternalDecoder
1220:             1             24  com.alibaba.dubbo.remoting.transport.netty.NettyHandler
1221:             1             24  com.alibaba.dubbo.rpc.listener.ListenerInvokerWrapper
1222:             1             24  com.alibaba.dubbo.rpc.protocol.dubbo.DubboProtocol$1
1223:             1             24  com.alibaba.dubbo.rpc.protocol.injvm.InjvmProtocol
1224:             1             24  com.alibaba.dubbo.rpc.proxy.wrapper.StubProxyFactoryWrapper
1225:             1             24  com.sun.beans.util.Cache$Kind$1
1226:             1             24  com.sun.beans.util.Cache$Kind$2
1227:             1             24  com.sun.beans.util.Cache$Kind$3
1228:             1             24  com.sun.org.apache.xerces.internal.dom.DeferredDocumentImpl$IntVector
1229:             1             24  com.sun.org.apache.xerces.internal.impl.Constants$ArrayEnumeration
1230:             1             24  java.lang.ClassValue$Version
1231:             1             24  java.lang.Double
1232:             1             24  java.lang.ProcessEnvironment$StringEnvironment
1233:             1             24  java.lang.invoke.ConstantCallSite
1234:             1             24  java.lang.invoke.InfoFromMemberName
1235:             1             24  java.lang.invoke.InnerClassLambdaMetafactory$1
1236:             1             24  java.lang.invoke.InnerClassLambdaMetafactory$ForwardingMethodGenerator
1237:             1             24  java.lang.invoke.MethodHandleImpl$4
1238:             1             24  java.lang.invoke.MethodType$ConcurrentWeakInternSet
1239:             1             24  java.net.Inet4AddressImpl
1240:             1             24  java.net.NetworkInterface$2
1241:             1             24  java.security.AllPermissionCollection
1242:             1             24  java.util.Collections$EmptyMap
1243:             1             24  java.util.Currency
1244:             1             24  java.util.Locale$Cache
1245:             1             24  java.util.ResourceBundle$Control$CandidateListCache
1246:             1             24  java.util.Vector$1
1247:             1             24  java.util.concurrent.TimeUnit$1
1248:             1             24  java.util.concurrent.TimeUnit$2
1249:             1             24  java.util.concurrent.TimeUnit$3
1250:             1             24  java.util.concurrent.TimeUnit$4
1251:             1             24  java.util.concurrent.TimeUnit$5
1252:             1             24  java.util.concurrent.TimeUnit$6
1253:             1             24  java.util.concurrent.TimeUnit$7
1254:             1             24  java.util.concurrent.atomic.AtomicIntegerFieldUpdater$AtomicIntegerFieldUpdaterImpl$1
1255:             1             24  java.util.logging.LogManager$2
1256:             1             24  java.util.logging.LogManager$LoggerContext
1257:             1             24  java.util.logging.LoggingPermission
1258:             1             24  javassist.bytecode.BootstrapMethodsAttribute
1259:             1             24  javax.xml.parsers.SecuritySupport$5
1260:             1             24  org.apache.commons.logging.LogFactory$2
1261:             1             24  org.apache.commons.logging.LogFactory$3
1262:             1             24  org.apache.commons.logging.LogFactory$4
1263:             1             24  org.apache.log4j.PropertyConfigurator
1264:             1             24  org.apache.log4j.helpers.ISO8601DateFormat
1265:             1             24  org.apache.log4j.helpers.OnlyOnceErrorHandler
1266:             1             24  org.jboss.netty.channel.AdaptiveReceiveBufferSizePredictorFactory
1267:             1             24  org.jboss.netty.channel.socket.nio.NioClientSocketChannelFactory
1268:             1             24  org.jboss.netty.channel.socket.nio.NioClientSocketPipelineSink$1
1269:             1             24  org.jboss.netty.channel.socket.nio.NioClientSocketPipelineSink$RegisterTask
1270:             1             24  org.jboss.netty.util.internal.ThreadLocalBoolean
1271:             1             24  org.springframework.beans.factory.annotation.QualifierAnnotationAutowireCandidateResolver
1272:             1             24  org.springframework.beans.factory.config.BeanDefinitionHolder
1273:             1             24  org.springframework.beans.factory.config.RuntimeBeanReference
1274:             1             24  org.springframework.beans.factory.xml.PluggableSchemaResolver
1275:             1             24  org.springframework.beans.factory.xml.ResourceEntityResolver
1276:             1             24  org.springframework.beans.propertyeditors.ByteArrayPropertyEditor
1277:             1             24  org.springframework.beans.propertyeditors.CharArrayPropertyEditor
1278:             1             24  org.springframework.beans.propertyeditors.CharsetEditor
1279:             1             24  org.springframework.beans.propertyeditors.CurrencyEditor
1280:             1             24  org.springframework.beans.propertyeditors.LocaleEditor
1281:             1             24  org.springframework.beans.propertyeditors.PropertiesEditor
1282:             1             24  org.springframework.beans.propertyeditors.TimeZoneEditor
1283:             1             24  org.springframework.beans.propertyeditors.UUIDEditor
1284:             1             24  org.springframework.beans.support.ResourceEditorRegistrar
1285:             1             24  org.springframework.context.support.AbstractApplicationContext$ApplicationListenerDetector
1286:             1             24  org.springframework.context.support.AbstractApplicationContext$BeanPostProcessorChecker
1287:             1             24  org.springframework.core.Constants
1288:             1             24  org.springframework.expression.spel.SpelParserConfiguration
1289:             1             24  org.springframework.expression.spel.support.ReflectivePropertyAccessor
1290:             1             24  org.springframework.expression.spel.support.StandardTypeLocator
1291:             1             24  org.springframework.util.AntPathMatcher$AntPathStringMatcher
1292:             1             24  sun.launcher.LauncherHelper
1293:             1             24  sun.management.RuntimeImpl
1294:             1             24  sun.management.VMManagementImpl
1295:             1             24  sun.misc.Launcher$AppClassLoader$1
1296:             1             24  sun.net.ProgressMonitor
1297:             1             24  sun.net.sdp.SdpProvider
1298:             1             24  sun.nio.cs.ISO_8859_1
1299:             1             24  sun.nio.cs.US_ASCII
1300:             1             24  sun.nio.cs.UTF_16
1301:             1             24  sun.nio.cs.UTF_16BE
1302:             1             24  sun.nio.cs.UTF_16LE
1303:             1             24  sun.nio.cs.UTF_8
1304:             1             24  sun.security.util.DisabledAlgorithmConstraints
1305:             1             24  sun.security.util.DisabledAlgorithmConstraints$KeySizeConstraint
1306:             1             24  sun.usagetracker.UsageTrackerClient$4
1307:             1             24  sun.util.locale.BaseLocale$Cache
1308:             1             24  sun.util.locale.provider.CalendarDataProviderImpl
1309:             1             24  sun.util.locale.provider.CalendarProviderImpl
1310:             1             24  sun.util.locale.provider.CurrencyNameProviderImpl
1311:             1             24  sun.util.locale.provider.DateFormatSymbolsProviderImpl
1312:             1             24  sun.util.locale.provider.DecimalFormatSymbolsProviderImpl
1313:             1             24  sun.util.locale.provider.NumberFormatProviderImpl
1314:             1             24  sun.util.locale.provider.TimeZoneNameProviderImpl
1315:             1             16  [Lcom.sun.org.apache.xerces.internal.impl.xs.SubstitutionGroupHandler$OneSubGroup;
1316:             1             16  [Ljava.beans.EventSetDescriptor;
1317:             1             16  [Ljava.lang.Enum;
1318:             1             16  [Ljava.lang.Throwable;
1319:             1             16  [Ljava.nio.file.attribute.FileAttribute;
1320:             1             16  [Ljava.security.cert.Certificate;
1321:             1             16  [Ljava.text.FieldPosition;
1322:             1             16  [Ljava.util.logging.Handler;
1323:             1             16  [Lorg.springframework.beans.factory.config.BeanDefinition;
1324:             1             16  com.alibaba.com.caucho.hessian.io.ClassSerializer
1325:             1             16  com.alibaba.com.caucho.hessian.io.InputStreamDeserializer
1326:             1             16  com.alibaba.com.caucho.hessian.io.InputStreamSerializer
1327:             1             16  com.alibaba.com.caucho.hessian.io.JavaDeserializer$ObjectFieldDeserializer
1328:             1             16  com.alibaba.com.caucho.hessian.io.MapSerializer
1329:             1             16  com.alibaba.dubbo.cache.CacheFactory$Adpative
1330:             1             16  com.alibaba.dubbo.cache.filter.CacheFilter
1331:             1             16  com.alibaba.dubbo.common.bytecode.Proxy$1
1332:             1             16  com.alibaba.dubbo.common.bytecode.Proxy$2
1333:             1             16  com.alibaba.dubbo.common.bytecode.Proxy0
1334:             1             16  com.alibaba.dubbo.common.bytecode.Proxy1
1335:             1             16  com.alibaba.dubbo.common.bytecode.Wrapper$1
1336:             1             16  com.alibaba.dubbo.common.bytecode.Wrapper0
1337:             1             16  com.alibaba.dubbo.common.bytecode.proxy0
1338:             1             16  com.alibaba.dubbo.common.bytecode.proxy1
1339:             1             16  com.alibaba.dubbo.common.compiler.support.AdaptiveCompiler
1340:             1             16  com.alibaba.dubbo.common.compiler.support.JavassistCompiler
1341:             1             16  com.alibaba.dubbo.common.extension.factory.AdaptiveExtensionFactory
1342:             1             16  com.alibaba.dubbo.common.extension.factory.SpiExtensionFactory
1343:             1             16  com.alibaba.dubbo.common.extension.support.ActivateComparator
1344:             1             16  com.alibaba.dubbo.common.logger.log4j.Log4jLoggerAdapter
1345:             1             16  com.alibaba.dubbo.common.serialize.support.dubbo.DubboSerialization
1346:             1             16  com.alibaba.dubbo.common.serialize.support.hessian.Hessian2Serialization
1347:             1             16  com.alibaba.dubbo.common.serialize.support.java.CompactedJavaSerialization
1348:             1             16  com.alibaba.dubbo.common.serialize.support.java.JavaSerialization
1349:             1             16  com.alibaba.dubbo.common.serialize.support.json.FastJsonSerialization
1350:             1             16  com.alibaba.dubbo.common.serialize.support.json.JsonSerialization
1351:             1             16  com.alibaba.dubbo.common.serialize.support.nativejava.NativeJavaSerialization
1352:             1             16  com.alibaba.dubbo.common.store.support.SimpleDataStore
1353:             1             16  com.alibaba.dubbo.common.threadpool.ThreadPool$Adpative
1354:             1             16  com.alibaba.dubbo.common.threadpool.support.cached.CachedThreadPool
1355:             1             16  com.alibaba.dubbo.common.utils.AtomicPositiveInteger
1356:             1             16  com.alibaba.dubbo.common.utils.CollectionUtils$1
1357:             1             16  com.alibaba.dubbo.config.AbstractConfig$1
1358:             1             16  com.alibaba.dubbo.config.ReferenceConfig$1
1359:             1             16  com.alibaba.dubbo.config.spring.extension.SpringExtensionFactory
1360:             1             16  com.alibaba.dubbo.container.log4j.Log4jContainer
1361:             1             16  com.alibaba.dubbo.container.spring.SpringContainer
1362:             1             16  com.alibaba.dubbo.demo.consumer.DemoAction
1363:             1             16  com.alibaba.dubbo.monitor.MonitorFactory$Adpative
1364:             1             16  com.alibaba.dubbo.monitor.dubbo.DubboMonitor$1
1365:             1             16  com.alibaba.dubbo.registry.RegistryFactory$Adpative
1366:             1             16  com.alibaba.dubbo.registry.integration.RegistryDirectory$InvokerComparator
1367:             1             16  com.alibaba.dubbo.registry.multicast.MulticastRegistry$1
1368:             1             16  com.alibaba.dubbo.registry.multicast.MulticastRegistry$2
1369:             1             16  com.alibaba.dubbo.registry.multicast.MulticastRegistryFactory
1370:             1             16  com.alibaba.dubbo.registry.support.FailbackRegistry$1
1371:             1             16  com.alibaba.dubbo.remoting.Dispatcher$Adpative
1372:             1             16  com.alibaba.dubbo.remoting.Transporter$Adpative
1373:             1             16  com.alibaba.dubbo.remoting.buffer.HeapChannelBufferFactory
1374:             1             16  com.alibaba.dubbo.remoting.exchange.support.DefaultFuture$RemotingInvocationTimeoutScan
1375:             1             16  com.alibaba.dubbo.remoting.exchange.support.header.HeaderExchangeClient$1
1376:             1             16  com.alibaba.dubbo.remoting.exchange.support.header.HeaderExchangeHandler
1377:             1             16  com.alibaba.dubbo.remoting.exchange.support.header.HeaderExchanger
1378:             1             16  com.alibaba.dubbo.remoting.exchange.support.header.HeartbeatHandler
1379:             1             16  com.alibaba.dubbo.remoting.transport.AbstractClient$1
1380:             1             16  com.alibaba.dubbo.remoting.transport.DecodeHandler
1381:             1             16  com.alibaba.dubbo.remoting.transport.MultiMessageHandler
1382:             1             16  com.alibaba.dubbo.remoting.transport.dispatcher.ChannelHandlers
1383:             1             16  com.alibaba.dubbo.remoting.transport.dispatcher.all.AllDispatcher
1384:             1             16  com.alibaba.dubbo.remoting.transport.netty.NettyCodecAdapter$InternalEncoder
1385:             1             16  com.alibaba.dubbo.remoting.transport.netty.NettyHelper$DubboLoggerFactory
1386:             1             16  com.alibaba.dubbo.remoting.transport.netty.NettyTransporter
1387:             1             16  com.alibaba.dubbo.rpc.Protocol$Adpative
1388:             1             16  com.alibaba.dubbo.rpc.ProxyFactory$Adpative
1389:             1             16  com.alibaba.dubbo.rpc.RpcContext$1
1390:             1             16  com.alibaba.dubbo.rpc.cluster.Cluster$Adpative
1391:             1             16  com.alibaba.dubbo.rpc.cluster.ConfiguratorFactory$Adpative
1392:             1             16  com.alibaba.dubbo.rpc.cluster.RouterFactory$Adpative
1393:             1             16  com.alibaba.dubbo.rpc.cluster.loadbalance.RandomLoadBalance
1394:             1             16  com.alibaba.dubbo.rpc.cluster.loadbalance.RoundRobinLoadBalance
1395:             1             16  com.alibaba.dubbo.rpc.cluster.support.FailoverCluster
1396:             1             16  com.alibaba.dubbo.rpc.cluster.support.wrapper.MockClusterWrapper
1397:             1             16  com.alibaba.dubbo.rpc.filter.ActiveLimitFilter
1398:             1             16  com.alibaba.dubbo.rpc.filter.ConsumerContextFilter
1399:             1             16  com.alibaba.dubbo.rpc.filter.DeprecatedFilter
1400:             1             16  com.alibaba.dubbo.rpc.filter.GenericImplFilter
1401:             1             16  com.alibaba.dubbo.rpc.listener.DeprecatedInvokerListener
1402:             1             16  com.alibaba.dubbo.rpc.protocol.dubbo.DubboCodec
1403:             1             16  com.alibaba.dubbo.rpc.protocol.dubbo.DubboCountCodec
1404:             1             16  com.alibaba.dubbo.rpc.protocol.dubbo.filter.FutureFilter
1405:             1             16  com.alibaba.dubbo.rpc.proxy.javassist.JavassistProxyFactory
1406:             1             16  com.alibaba.dubbo.validation.Validation$Adpative
1407:             1             16  com.alibaba.dubbo.validation.filter.ValidationFilter
1408:             1             16  com.sun.org.apache.xerces.internal.dom.CharacterDataImpl$1
1409:             1             16  com.sun.org.apache.xerces.internal.impl.dv.dtd.IDDatatypeValidator
1410:             1             16  com.sun.org.apache.xerces.internal.impl.dv.dtd.IDREFDatatypeValidator
1411:             1             16  com.sun.org.apache.xerces.internal.impl.dv.dtd.NMTOKENDatatypeValidator
1412:             1             16  com.sun.org.apache.xerces.internal.impl.dv.dtd.NOTATIONDatatypeValidator
1413:             1             16  com.sun.org.apache.xerces.internal.impl.dv.dtd.StringDatatypeValidator
1414:             1             16  com.sun.org.apache.xerces.internal.impl.dv.xs.AnyAtomicDV
1415:             1             16  com.sun.org.apache.xerces.internal.impl.dv.xs.AnySimpleDV
1416:             1             16  com.sun.org.apache.xerces.internal.impl.dv.xs.AnyURIDV
1417:             1             16  com.sun.org.apache.xerces.internal.impl.dv.xs.Base64BinaryDV
1418:             1             16  com.sun.org.apache.xerces.internal.impl.dv.xs.BooleanDV
1419:             1             16  com.sun.org.apache.xerces.internal.impl.dv.xs.DateDV
1420:             1             16  com.sun.org.apache.xerces.internal.impl.dv.xs.DateTimeDV
1421:             1             16  com.sun.org.apache.xerces.internal.impl.dv.xs.DayDV
1422:             1             16  com.sun.org.apache.xerces.internal.impl.dv.xs.DayTimeDurationDV
1423:             1             16  com.sun.org.apache.xerces.internal.impl.dv.xs.DecimalDV
1424:             1             16  com.sun.org.apache.xerces.internal.impl.dv.xs.DoubleDV
1425:             1             16  com.sun.org.apache.xerces.internal.impl.dv.xs.DurationDV
1426:             1             16  com.sun.org.apache.xerces.internal.impl.dv.xs.EntityDV
1427:             1             16  com.sun.org.apache.xerces.internal.impl.dv.xs.ExtendedSchemaDVFactoryImpl
1428:             1             16  com.sun.org.apache.xerces.internal.impl.dv.xs.FloatDV
1429:             1             16  com.sun.org.apache.xerces.internal.impl.dv.xs.HexBinaryDV
1430:             1             16  com.sun.org.apache.xerces.internal.impl.dv.xs.IDDV
1431:             1             16  com.sun.org.apache.xerces.internal.impl.dv.xs.IDREFDV
1432:             1             16  com.sun.org.apache.xerces.internal.impl.dv.xs.IntegerDV
1433:             1             16  com.sun.org.apache.xerces.internal.impl.dv.xs.ListDV
1434:             1             16  com.sun.org.apache.xerces.internal.impl.dv.xs.MonthDV
1435:             1             16  com.sun.org.apache.xerces.internal.impl.dv.xs.MonthDayDV
1436:             1             16  com.sun.org.apache.xerces.internal.impl.dv.xs.PrecisionDecimalDV
1437:             1             16  com.sun.org.apache.xerces.internal.impl.dv.xs.StringDV
1438:             1             16  com.sun.org.apache.xerces.internal.impl.dv.xs.TimeDV
1439:             1             16  com.sun.org.apache.xerces.internal.impl.dv.xs.UnionDV
1440:             1             16  com.sun.org.apache.xerces.internal.impl.dv.xs.XSSimpleTypeDecl$1
1441:             1             16  com.sun.org.apache.xerces.internal.impl.dv.xs.XSSimpleTypeDecl$4
1442:             1             16  com.sun.org.apache.xerces.internal.impl.dv.xs.YearDV
1443:             1             16  com.sun.org.apache.xerces.internal.impl.dv.xs.YearMonthDV
1444:             1             16  com.sun.org.apache.xerces.internal.impl.dv.xs.YearMonthDurationDV
1445:             1             16  com.sun.org.apache.xerces.internal.impl.xs.XSConstraints$1
1446:             1             16  com.sun.org.apache.xerces.internal.impl.xs.models.XSEmptyCM
1447:             1             16  com.sun.org.apache.xerces.internal.impl.xs.util.XIntPool
1448:             1             16  com.sun.org.apache.xerces.internal.impl.xs.util.XSObjectListImpl$1
1449:             1             16  com.sun.org.apache.xerces.internal.jaxp.datatype.DatatypeFactoryImpl
1450:             1             16  com.sun.org.apache.xerces.internal.utils.SecuritySupport
1451:             1             16  com.sun.org.apache.xerces.internal.utils.SecuritySupport$8
1452:             1             16  java.io.FileDescriptor$1
1453:             1             16  java.lang.ApplicationShutdownHooks$1
1454:             1             16  java.lang.CharacterDataLatin1
1455:             1             16  java.lang.ClassValue$Identity
1456:             1             16  java.lang.Compiler$1
1457:             1             16  java.lang.Float
1458:             1             16  java.lang.Runtime
1459:             1             16  java.lang.String$CaseInsensitiveComparator
1460:             1             16  java.lang.System$2
1461:             1             16  java.lang.SystemClassLoaderAction
1462:             1             16  java.lang.Terminator$1
1463:             1             16  java.lang.invoke.MemberName$Factory
1464:             1             16  java.lang.invoke.MethodHandleImpl$1
1465:             1             16  java.lang.invoke.MethodHandleImpl$2
1466:             1             16  java.lang.invoke.MethodHandleImpl$3
1467:             1             16  java.lang.invoke.MethodHandleStatics$1
1468:             1             16  java.lang.ref.Reference$1
1469:             1             16  java.lang.ref.Reference$Lock
1470:             1             16  java.lang.reflect.Proxy$KeyFactory
1471:             1             16  java.lang.reflect.Proxy$ProxyClassFactory
1472:             1             16  java.lang.reflect.ReflectAccess
1473:             1             16  java.net.AbstractPlainDatagramSocketImpl$1
1474:             1             16  java.net.DatagramPacket$1
1475:             1             16  java.net.DatagramSocket$1
1476:             1             16  java.net.InetAddress$1
1477:             1             16  java.net.InetAddress$2
1478:             1             16  java.net.NetworkInterface$1
1479:             1             16  java.net.URLClassLoader$7
1480:             1             16  java.nio.Bits$1
1481:             1             16  java.nio.channels.spi.AbstractInterruptibleChannel$1
1482:             1             16  java.nio.channels.spi.SelectorProvider$1
1483:             1             16  java.nio.charset.CoderResult$1
1484:             1             16  java.nio.charset.CoderResult$2
1485:             1             16  java.security.AccessController$1
1486:             1             16  java.security.AllPermission
1487:             1             16  java.security.ProtectionDomain$2
1488:             1             16  java.security.ProtectionDomain$JavaSecurityAccessImpl
1489:             1             16  java.security.Security$1
1490:             1             16  java.text.DontCareFieldPosition$1
1491:             1             16  java.util.Collections$EmptyEnumeration
1492:             1             16  java.util.Collections$EmptyIterator
1493:             1             16  java.util.Collections$EmptyList
1494:             1             16  java.util.Collections$EmptySet
1495:             1             16  java.util.Currency$1
1496:             1             16  java.util.Currency$CurrencyNameGetter
1497:             1             16  java.util.ResourceBundle$Control
1498:             1             16  java.util.ResourceBundle$RBClassLoader$1
1499:             1             16  java.util.TimeZone$1
1500:             1             16  java.util.WeakHashMap$KeySet
1501:             1             16  java.util.concurrent.ThreadPoolExecutor$AbortPolicy
1502:             1             16  java.util.concurrent.atomic.AtomicReference
1503:             1             16  java.util.jar.JavaUtilJarAccessImpl
1504:             1             16  java.util.logging.LogManager$1
1505:             1             16  java.util.logging.LogManager$3
1506:             1             16  java.util.logging.LoggingProxyImpl
1507:             1             16  java.util.regex.Pattern$4
1508:             1             16  java.util.regex.Pattern$LastNode
1509:             1             16  java.util.regex.Pattern$Node
1510:             1             16  java.util.zip.ZipFile$1
1511:             1             16  javassist.ClassPool$1
1512:             1             16  javassist.bytecode.stackmap.TypeData$ArrayElement
1513:             1             16  javax.xml.parsers.SecuritySupport
1514:             1             16  org.apache.commons.logging.impl.LogFactoryImpl$1
1515:             1             16  org.apache.log4j.SortedKeyEnumeration
1516:             1             16  org.apache.log4j.helpers.AppenderAttachableImpl
1517:             1             16  org.apache.log4j.helpers.NullEnumeration
1518:             1             16  org.apache.log4j.or.DefaultRenderer
1519:             1             16  org.apache.log4j.or.RendererMap
1520:             1             16  org.apache.log4j.spi.DefaultRepositorySelector
1521:             1             16  org.jboss.netty.channel.ChannelFutureListener$1
1522:             1             16  org.jboss.netty.channel.ChannelFutureListener$2
1523:             1             16  org.jboss.netty.channel.Channels$1
1524:             1             16  org.jboss.netty.channel.DefaultChannelPipeline$DiscardingChannelSink
1525:             1             16  org.jboss.netty.channel.SucceededChannelFuture
1526:             1             16  org.jboss.netty.channel.socket.nio.NioSocketChannel$WriteTask
1527:             1             16  org.jboss.netty.channel.socket.nio.SocketSendBufferPool$EmptySendBuffer
1528:             1             16  org.jboss.netty.logging.JdkLoggerFactory
1529:             1             16  org.jboss.netty.util.ThreadNameDeterminer$1
1530:             1             16  org.jboss.netty.util.ThreadNameDeterminer$2
1531:             1             16  org.jboss.netty.util.internal.AtomicFieldUpdaterUtil$Node
1532:             1             16  org.springframework.beans.ExtendedBeanInfoFactory
1533:             1             16  org.springframework.beans.factory.parsing.BeanEntry
1534:             1             16  org.springframework.beans.factory.parsing.EmptyReaderEventListener
1535:             1             16  org.springframework.beans.factory.parsing.FailFastProblemReporter
1536:             1             16  org.springframework.beans.factory.parsing.NullSourceExtractor
1537:             1             16  org.springframework.beans.factory.parsing.PropertyEntry
1538:             1             16  org.springframework.beans.factory.support.CglibSubclassingInstantiationStrategy
1539:             1             16  org.springframework.beans.factory.support.DefaultBeanNameGenerator
1540:             1             16  org.springframework.beans.factory.support.SimpleAutowireCandidateResolver
1541:             1             16  org.springframework.beans.factory.xml.BeansDtdResolver
1542:             1             16  org.springframework.beans.factory.xml.DefaultDocumentLoader
1543:             1             16  org.springframework.context.expression.BeanExpressionContextAccessor
1544:             1             16  org.springframework.context.expression.BeanFactoryAccessor
1545:             1             16  org.springframework.context.expression.BeanFactoryResolver
1546:             1             16  org.springframework.context.expression.EnvironmentAccessor
1547:             1             16  org.springframework.context.expression.MapAccessor
1548:             1             16  org.springframework.context.expression.StandardBeanExpressionResolver$1
1549:             1             16  org.springframework.context.support.ApplicationContextAwareProcessor
1550:             1             16  org.springframework.core.LocalVariableTableParameterNameDiscoverer
1551:             1             16  org.springframework.core.OrderComparator
1552:             1             16  org.springframework.core.env.AbstractPropertyResolver$1
1553:             1             16  org.springframework.expression.common.TemplateAwareExpressionParser$1
1554:             1             16  org.springframework.expression.spel.standard.SpelExpressionParser
1555:             1             16  org.springframework.expression.spel.support.StandardOperatorOverloader
1556:             1             16  org.springframework.expression.spel.support.StandardTypeComparator
1557:             1             16  org.springframework.util.ReflectionUtils$4
1558:             1             16  org.springframework.util.ReflectionUtils$5
1559:             1             16  org.springframework.util.ReflectionUtils$6
1560:             1             16  org.springframework.util.xml.SimpleSaxErrorHandler
1561:             1             16  org.springframework.util.xml.XmlValidationModeDetector
1562:             1             16  sun.management.ManagementFactoryHelper$4
1563:             1             16  sun.misc.ASCIICaseInsensitiveComparator
1564:             1             16  sun.misc.Launcher
1565:             1             16  sun.misc.Launcher$BootClassPathHolder$1
1566:             1             16  sun.misc.Launcher$ExtClassLoader$1
1567:             1             16  sun.misc.Launcher$Factory
1568:             1             16  sun.misc.Perf
1569:             1             16  sun.misc.Perf$GetPerfAction
1570:             1             16  sun.misc.Unsafe
1571:             1             16  sun.net.DefaultProgressMeteringPolicy
1572:             1             16  sun.net.ExtendedOptionsImpl$$Lambda$1/348032299
1573:             1             16  sun.net.InetAddressCachePolicy$1
1574:             1             16  sun.net.InetAddressCachePolicy$2
1575:             1             16  sun.net.www.protocol.file.Handler
1576:             1             16  sun.net.www.protocol.jar.JarFileFactory
1577:             1             16  sun.nio.ch.ExtendedSocketOption$1
1578:             1             16  sun.nio.ch.IOUtil$1
1579:             1             16  sun.nio.ch.KQueueSelectorProvider
1580:             1             16  sun.nio.ch.Net$1
1581:             1             16  sun.nio.ch.Net$3
1582:             1             16  sun.nio.ch.SocketDispatcher
1583:             1             16  sun.nio.ch.Util$1
1584:             1             16  sun.nio.ch.Util$2
1585:             1             16  sun.reflect.GeneratedConstructorAccessor1
1586:             1             16  sun.reflect.GeneratedConstructorAccessor2
1587:             1             16  sun.reflect.GeneratedConstructorAccessor3
1588:             1             16  sun.reflect.GeneratedConstructorAccessor4
1589:             1             16  sun.reflect.GeneratedConstructorAccessor5
1590:             1             16  sun.reflect.GeneratedMethodAccessor1
1591:             1             16  sun.reflect.GeneratedMethodAccessor2
1592:             1             16  sun.reflect.GeneratedMethodAccessor3
1593:             1             16  sun.reflect.ReflectionFactory
1594:             1             16  sun.reflect.generics.tree.BottomSignature
1595:             1             16  sun.reflect.generics.tree.VoidDescriptor
1596:             1             16  sun.security.util.AbstractAlgorithmConstraints$1
1597:             1             16  sun.security.util.AlgorithmDecomposer
1598:             1             16  sun.security.util.DisabledAlgorithmConstraints$KeySizeConstraints
1599:             1             16  sun.usagetracker.UsageTrackerClient
1600:             1             16  sun.util.calendar.Gregorian
1601:             1             16  sun.util.calendar.ZoneInfoFile$1
1602:             1             16  sun.util.calendar.ZoneInfoFile$Checksum
1603:             1             16  sun.util.locale.provider.AuxLocaleProviderAdapter$NullProvider
1604:             1             16  sun.util.locale.provider.CalendarDataUtility$CalendarWeekParameterGetter
1605:             1             16  sun.util.locale.provider.JRELocaleProviderAdapter$1
1606:             1             16  sun.util.locale.provider.SPILocaleProviderAdapter
1607:             1             16  sun.util.locale.provider.TimeZoneNameUtility$TimeZoneNameGetter
1608:             1             16  sun.util.logging.LoggingSupport$1
1609:             1             16  sun.util.logging.PlatformLogger$1
1610:             1             16  sun.util.resources.LocaleData
1611:             1             16  sun.util.resources.LocaleData$LocaleDataResourceBundleControl
Total        837976      146091816
