
 num     #instances         #bytes  class name
----------------------------------------------
   1:         13502       70156160  [I
   2:        420891       48994872  [C
   3:        175482       42356048  [B
   4:         72745        4073720  java.util.concurrent.ConcurrentHashMap$ValueIterator
   5:        155585        3734040  java.lang.String
   6:         29574        2978320  [Ljava.lang.Object;
   7:         67952        2174464  java.util.HashMap$Node
   8:         56663        1359912  java.lang.StringBuilder
   9:         11483         920968  [Ljava.util.HashMap$Node;
  10:         15185         728880  java.util.HashMap
  11:          7114         626032  java.lang.reflect.Method
  12:         13225         612040  [Ljava.lang.String;
  13:         22456         538944  java.util.ArrayList
  14:         20047         481128  javassist.bytecode.Utf8Info
  15:          5767         456928  [S
  16:         12357         395424  java.util.concurrent.ConcurrentHashMap$Node
  17:          5724         366336  java.net.URL
  18:          9103         364120  java.util.HashMap$EntryIterator
  19:          3148         356360  java.lang.Class
  20:         13435         322440  java.lang.Long
  21:         19503         312048  java.util.Collections$UnmodifiableMap$UnmodifiableEntrySet$UnmodifiableEntry
  22:         13762         300408  [Ljava.lang.Class;
  23:          7059         282360  java.util.HashMap$KeyIterator
  24:          3822         275184  com.alibaba.dubbo.common.URL
  25:         10881         261144  java.lang.StringBuffer
  26:           380         200640  [Ljavassist.bytecode.ConstInfo;
  27:          4927         197080  javassist.bytecode.MethodInfo
  28:          3990         191520  java.nio.HeapCharBuffer
  29:          4758         190320  javassist.bytecode.CodeAttribute
  30:          5703         182496  java.util.concurrent.locks.AbstractQueuedSynchronizer$Node
  31:          1251         180144  java.text.DecimalFormat
  32:          1413         174264  [Ljava.util.concurrent.ConcurrentHashMap$Node;
  33:          1797         172512  java.util.jar.JarFile$JarFileEntry
  34:          2597         166208  java.text.DecimalFormatSymbols
  35:          6539         156936  javassist.bytecode.NameAndTypeInfo
  36:          1797         143760  java.util.zip.ZipEntry
  37:          2530         141680  jdk.internal.org.objectweb.asm.Item
  38:          5890         141360  javassist.bytecode.MethodrefInfo
  39:          4384         140288  java.util.ArrayList$Itr
  40:          1251         140112  java.util.GregorianCalendar
  41:          2888         129832  [Ljava.lang.reflect.Method;
  42:          2629         126192  java.nio.HeapByteBuffer
  43:          3827         122464  java.util.Collections$UnmodifiableMap
  44:          1256         122064  [J
  45:          3040         121600  java.lang.ref.Finalizer
  46:          1258         120768  sun.util.calendar.Gregorian$Date
  47:          4767         114408  javassist.bytecode.ExceptionTable
  48:          4707         112968  javassist.bytecode.LineNumberAttribute
  49:          1518         109296  com.sun.org.apache.xerces.internal.impl.xs.opti.ElementImpl
  50:          1243          99440  com.alibaba.com.caucho.hessian.io.Hessian2Input
  51:          2456          98240  java.lang.ref.SoftReference
  52:          3069          98208  java.io.File
  53:          1475          94400  java.util.concurrent.ConcurrentHashMap
  54:          3824          91776  java.util.Collections$UnmodifiableMap$UnmodifiableEntrySet$1
  55:          5567          89072  java.util.HashSet
  56:           149          83920  [Ljdk.internal.org.objectweb.asm.Item;
  57:          5153          82448  java.util.HashMap$EntrySet
  58:          1446          80976  java.util.zip.ZipFile$ZipFileInputStream
  59:          1264          80896  java.text.DateFormatSymbols
  60:          1255          80320  java.nio.DirectByteBuffer
  61:          1250          80000  java.text.SimpleDateFormat
  62:          2488          79616  java.util.concurrent.SynchronousQueue$TransferStack$SNode
  63:          2488          79616  org.jboss.netty.util.internal.LinkedTransferQueue$Node
  64:          2487          79584  com.alibaba.dubbo.remoting.buffer.HeapChannelBuffer
  65:          2487          79584  org.jboss.netty.buffer.BigEndianHeapChannelBuffer
  66:          1243          79552  com.alibaba.dubbo.remoting.exchange.support.DefaultFuture
  67:          2486          79552  org.jboss.netty.channel.DownstreamMessageEvent
  68:          1391          78016  [Z
  69:          1372          76832  java.util.zip.ZipFile$ZipFileInflaterInputStream
  70:          1258          70448  sun.util.calendar.ZoneInfo
  71:          1251          70056  java.util.Calendar$Builder
  72:           945          68040  java.lang.reflect.Field
  73:          2831          67944  javassist.bytecode.ClassInfo
  74:          3028          63184  [Lorg.w3c.dom.Attr;
  75:          2855          61984  [Ljava.lang.reflect.Type;
  76:          2542          61008  java.net.URLClassLoader$1
  77:          1510          60400  java.util.WeakHashMap$Entry
  78:          2513          60312  java.util.Date
  79:          1882          60224  java.lang.ref.WeakReference
  80:          2498          59952  java.net.InetSocketAddress$InetSocketAddressHolder
  81:          1243          59664  com.alibaba.com.caucho.hessian.io.Hessian2Output
  82:          1243          59664  com.alibaba.dubbo.monitor.dubbo.Statistics
  83:          1243          59664  com.alibaba.dubbo.rpc.protocol.dubbo.DecodeableRpcResult
  84:          2486          59664  org.jboss.netty.channel.UpstreamMessageEvent
  85:          2428          58272  java.lang.Class$MethodArray
  86:          1788          57216  java.lang.StackTraceElement
  87:           989          57104  [Lcom.sun.org.apache.xerces.internal.impl.xs.opti.NodeImpl;
  88:          3519          56304  java.lang.Object
  89:          1400          56000  java.lang.ClassNotFoundException
  90:          1349          53960  com.sun.org.apache.xerces.internal.impl.xs.opti.AttrImpl
  91:          2131          51144  javassist.bytecode.StringInfo
  92:          1251          50040  java.text.DigitList
  93:          1245          49800  org.jboss.netty.channel.DefaultChannelFuture
  94:          1244          49760  com.alibaba.dubbo.remoting.exchange.Response
  95:          1243          49720  com.alibaba.dubbo.remoting.buffer.DynamicChannelBuffer
  96:          1243          49720  org.jboss.netty.buffer.TruncatedChannelBuffer
  97:           476          49504  sun.net.www.protocol.file.FileURLConnection
  98:          1231          49240  java.util.LinkedHashMap$Entry
  99:          2035          48840  javassist.bytecode.LocalVariableAttribute
 100:          2033          48792  javassist.compiler.ast.ASTList
 101:          1493          47776  sun.misc.URLClassPath$JarLoader$2
 102:            64          47416  [[Lcom.sun.org.apache.xerces.internal.impl.xs.opti.NodeImpl;
 103:           565          45200  java.lang.reflect.Constructor
 104:          1344          43008  java.util.concurrent.locks.ReentrantLock$NonfairSync
 105:          1285          41120  com.alibaba.dubbo.rpc.RpcInvocation
 106:          1254          40128  java.net.InetAddress$InetAddressHolder
 107:          2498          39968  java.net.InetSocketAddress
 108:          1244          39808  com.alibaba.dubbo.remoting.transport.dispatcher.ChannelEventRunnable
 109:          1243          39776  com.alibaba.com.caucho.hessian.util.IdentityIntMap
 110:          1243          39776  com.alibaba.dubbo.remoting.exchange.Request
 111:          1243          39776  org.jboss.netty.channel.socket.nio.SocketSendBufferPool$PooledSendBuffer
 112:           987          39480  com.sun.org.apache.xerces.internal.impl.dv.ValidatedInfo
 113:          1193          38176  java.security.CodeSource
 114:          2183          37832  [Ljava.lang.reflect.TypeVariable;
 115:          1097          35104  java.util.Hashtable$Entry
 116:          1362          32688  java.util.Collections$UnmodifiableCollection$1
 117:          1336          32064  sun.misc.ProxyGenerator$ConstantPool$IndirectEntry
 118:           778          31120  java.lang.invoke.MethodType
 119:           544          30464  java.util.LinkedHashMap
 120:          1263          30312  java.util.concurrent.locks.AbstractQueuedSynchronizer$ConditionObject
 121:          1254          30096  java.net.Inet4Address
 122:          1251          30024  [Ljava.net.InetAddress;
 123:          1243          29832  com.alibaba.dubbo.remoting.buffer.ChannelBufferInputStream
 124:          1243          29832  com.alibaba.dubbo.remoting.buffer.ChannelBufferOutputStream
 125:          1243          29832  org.jboss.netty.channel.DefaultWriteCompletionEvent
 126:           723          28920  javassist.compiler.Token
 127:           177          27888  [Ljava.util.Hashtable$Entry;
 128:           491          27496  java.lang.invoke.MemberName
 129:          1106          26544  java.beans.MethodRef
 130:           778          24896  java.lang.invoke.MethodType$ConcurrentWeakInternSet$WeakEntry
 131:          1513          24208  com.sun.org.apache.xerces.internal.impl.xs.opti.NamedNodeMapImpl
 132:          1495          23920  sun.net.www.ParseUtil
 133:           368          23552  java.util.regex.Matcher
 134:           325          23400  java.beans.PropertyDescriptor
 135:           103          23072  jdk.internal.org.objectweb.asm.MethodWriter
 136:           576          23040  javassist.bytecode.FieldInfo
 137:           106          22712  [Lcom.sun.org.apache.xerces.internal.util.SymbolHash$Entry;
 138:           109          21800  com.sun.org.apache.xerces.internal.impl.dv.xs.XSSimpleTypeDecl
 139:           868          20832  javassist.bytecode.InterfaceMethodrefInfo
 140:          1280          20480  java.util.concurrent.locks.ReentrantLock
 141:          1279          20464  java.util.Collections$UnmodifiableMap$UnmodifiableEntrySet
 142:          1243          19888  com.alibaba.dubbo.common.serialize.support.hessian.Hessian2ObjectInput
 143:          1243          19888  com.alibaba.dubbo.common.serialize.support.hessian.Hessian2ObjectOutput
 144:          1243          19888  com.alibaba.dubbo.remoting.exchange.support.MultiMessage
 145:           460          18400  java.util.TreeMap$Entry
 146:           746          17904  javassist.bytecode.SignatureAttribute
 147:           694          16656  javassist.bytecode.StackMapTable
 148:           432          16640  [Ljavassist.bytecode.stackmap.TypeData;
 149:           169          16224  sun.net.www.protocol.jar.URLJarFile$URLJarFileEntry
 150:           998          15968  javassist.compiler.ast.Symbol
 151:           285          15960  java.lang.Class$ReflectionData
 152:           986          15776  java.lang.Integer
 153:           480          15360  com.sun.org.apache.xerces.internal.impl.dv.xs.QNameDV$XQName
 154:           959          15344  java.lang.Short
 155:           272          15232  java.beans.MethodDescriptor
 156:           467          14944  java.util.ArrayList$ListItr
 157:           169          14872  sun.net.www.protocol.jar.JarURLConnection
 158:           304          14592  com.sun.org.apache.xerces.internal.impl.xs.XSAttributeDecl
 159:           137          14480  [Ljava.lang.StackTraceElement;
 160:           600          14400  javassist.bytecode.FieldrefInfo
 161:           595          14280  javassist.bytecode.LocalVariableTypeAttribute
 162:           571          13704  org.apache.log4j.CategoryKey
 163:           384          13232  [Lcom.sun.org.apache.xerces.internal.xs.XSObject;
 164:           204          13056  jdk.internal.org.objectweb.asm.Label
 165:           326          13040  javassist.bytecode.stackmap.TypeData$TypeVar
 166:           403          12896  com.sun.org.apache.xerces.internal.xni.QName
 167:           401          12832  jdk.internal.org.objectweb.asm.Type
 168:           219          12664  [Lcom.sun.org.apache.xerces.internal.impl.xs.XSAttributeUseImpl;
 169:           526          12624  java.net.URLClassLoader$2
 170:            75          12600  jdk.internal.org.objectweb.asm.ClassWriter
 171:           217          12152  jdk.internal.org.objectweb.asm.AnnotationWriter
 172:           366          11712  com.sun.org.apache.xerces.internal.util.NamespaceSupport$Prefixes
 173:           478          11472  com.sun.org.apache.xerces.internal.impl.xs.util.XSObjectListImpl
 174:           476          11424  sun.net.www.MessageHeader
 175:           470          11280  jdk.internal.org.objectweb.asm.ByteVector
 176:           279          11160  javassist.compiler.ast.Declarator
 177:           457          10968  com.sun.org.apache.xerces.internal.util.SymbolHash$Entry
 178:           336          10752  javassist.bytecode.ExceptionTableEntry
 179:           441          10584  com.sun.org.apache.xerces.internal.util.SymbolTable$Entry
 180:           183          10248  sun.nio.cs.UTF_8$Encoder
 181:           177           9912  java.lang.Package
 182:           304           9728  com.sun.org.apache.xerces.internal.impl.xs.XSAttributeUseImpl
 183:           202           9696  jdk.internal.org.objectweb.asm.Frame
 184:           145           9280  javassist.CtClassType
 185:            24           9024  java.lang.Thread
 186:           108           8832  [Ljava.util.WeakHashMap$Entry;
 187:            92           8832  org.springframework.beans.GenericTypeAwarePropertyDescriptor
 188:           366           8784  com.sun.org.apache.xerces.internal.impl.xs.XSAnnotationImpl
 189:           136           8704  javassist.bytecode.ClassFile
 190:           211           8440  javassist.bytecode.stackmap.BasicBlock$Mark
 191:           187           8408  [Ljava.lang.invoke.LambdaForm$Name;
 192:           202           8080  com.sun.org.apache.xerces.internal.impl.xs.XSParticleDecl
 193:           334           8016  javassist.compiler.MemberResolver$Method
 194:           198           7920  java.util.Formatter$FormatSpecifier
 195:           140           7840  org.springframework.beans.PropertyValue
 196:           317           7608  javassist.compiler.ast.Stmnt
 197:           235           7520  java.lang.invoke.LambdaForm$Name
 198:           198           7392  [Ljava.util.Formatter$Flags;
 199:            50           7200  org.springframework.beans.factory.support.RootBeanDefinition
 200:           297           7128  javassist.compiler.ast.Member
 201:           222           7104  com.sun.org.apache.xerces.internal.impl.dtd.models.CMStateSet
 202:           290           6960  java.util.Formatter$FixedString
 203:           124           6944  javassist.bytecode.stackmap.TypedBlock
 204:           113           6720  [Ljava.lang.ref.SoftReference;
 205:           164           6560  java.util.HashMap$ValueIterator
 206:           164           6560  sun.misc.URLClassPath$1
 207:           136           6528  [[Ljavassist.bytecode.ConstInfo;
 208:           269           6456  java.util.jar.Attributes$Name
 209:           198           6336  java.util.LinkedHashMap$LinkedKeyIterator
 210:           395           6320  sun.reflect.ConstantPool
 211:           261           6264  javassist.compiler.ast.Expr
 212:           193           6176  javassist.CtMethod
 213:             9           5856  [Lcom.sun.org.apache.xerces.internal.util.SymbolTable$Entry;
 214:           360           5760  javassist.bytecode.stackmap.TypeData$ClassName
 215:           357           5712  java.util.HashMap$KeySet
 216:           231           5544  sun.reflect.generics.reflectiveObjects.ParameterizedTypeImpl
 217:           346           5536  sun.misc.ProxyGenerator$ConstantPool$ValueEntry
 218:           170           5440  javassist.compiler.ast.CallExpr
 219:           168           5376  java.lang.ref.ReferenceQueue
 220:           112           5376  java.util.Hashtable
 221:           167           5344  java.util.LinkedList
 222:           220           5280  com.sun.org.apache.xerces.internal.util.PropertyState
 223:           220           5280  sun.reflect.generics.tree.SimpleClassTypeSignature
 224:            93           5232  [Ljava.lang.reflect.Field;
 225:           210           5200  [Ljava.lang.reflect.Constructor;
 226:            43           5160  javassist.compiler.JvstCodeGen
 227:           160           5120  java.io.FilePermission
 228:           160           5120  java.util.AbstractList$Itr
 229:           105           5040  java.util.WeakHashMap
 230:           210           5040  javassist.bytecode.AnnotationsAttribute
 231:           125           5000  java.io.BufferedInputStream
 232:           208           4992  com.sun.org.apache.xerces.internal.util.FeatureState
 233:           204           4896  java.util.LinkedList$Node
 234:            18           4880  [[Ljava.lang.Object;
 235:           195           4680  javassist.bytecode.ExceptionsAttribute
 236:            73           4672  com.sun.org.apache.xerces.internal.impl.xs.XSComplexTypeDecl
 237:            71           4544  java.lang.invoke.InvokerBytecodeGenerator
 238:            63           4536  com.sun.org.apache.xerces.internal.impl.xs.XSElementDecl
 239:            94           4512  java.util.zip.Inflater
 240:            79           4424  [Lcom.sun.org.apache.xerces.internal.utils.XMLSecurityManager$Limit;
 241:           183           4392  javassist.bytecode.DeprecatedAttribute
 242:           259           4376  [Lsun.reflect.generics.tree.TypeArgument;
 243:           136           4352  javassist.bytecode.ConstPool
 244:           108           4320  javassist.bytecode.stackmap.MapMaker
 245:            90           4320  javassist.compiler.SymbolTable
 246:           179           4296  javassist.compiler.ast.Variable
 247:            67           4288  java.util.jar.JarFile
 248:           172           4128  java.util.Arrays$ArrayList
 249:           172           4128  sun.reflect.generics.visitor.Reifier
 250:           256           4096  java.lang.Byte
 251:            85           4080  com.sun.org.apache.xerces.internal.impl.xs.XSAttributeGroupDecl
 252:            85           4080  sun.misc.URLClassPath$JarLoader
 253:           168           4032  java.net.Parts
 254:           168           4032  sun.net.www.protocol.jar.JarURLConnection$JarURLInputStream
 255:           167           4008  java.util.regex.Pattern$5
 256:           164           3936  [Ljava.util.Enumeration;
 257:           123           3936  java.io.DataInputStream
 258:           164           3936  java.net.URLClassLoader$3
 259:           164           3936  java.util.regex.Pattern$1
 260:           164           3936  sun.misc.CompoundEnumeration
 261:           122           3904  java.lang.NoSuchMethodException
 262:            95           3840  [Ljava.util.Formatter$FormatString;
 263:            84           3832  [Ljava.lang.invoke.LambdaForm$BasicType;
 264:            94           3760  org.apache.log4j.Logger
 265:           117           3744  java.util.regex.Pattern$Curly
 266:            74           3552  java.lang.invoke.LambdaForm
 267:           147           3528  sun.reflect.generics.parser.SignatureParser
 268:           102           3504  [Ljdk.internal.org.objectweb.asm.Type;
 269:           146           3504  sun.reflect.generics.factory.CoreReflectionFactory
 270:           215           3440  sun.reflect.generics.tree.ClassTypeSignature
 271:           106           3392  com.sun.org.apache.xerces.internal.util.SymbolHash
 272:           211           3376  java.net.URLClassLoader$3$1
 273:            18           3360  [Ljava.beans.MethodDescriptor;
 274:            60           3360  java.lang.invoke.MethodTypeForm
 275:            84           3360  sun.misc.URLClassPath$2
 276:           208           3328  java.util.Formatter$Flags
 277:            46           3312  org.apache.log4j.spi.LoggingEvent
 278:            68           3264  com.sun.org.apache.xerces.internal.util.XMLAttributesImpl$Attribute
 279:           136           3264  javassist.bytecode.LongVector
 280:           136           3264  javassist.bytecode.SourceFileAttribute
 281:            68           3240  [Lcom.sun.org.apache.xerces.internal.impl.xs.XSParticleDecl;
 282:            45           3240  java.util.regex.Pattern
 283:           132           3168  java.lang.Class$AnnotationData
 284:            99           3168  java.util.Vector
 285:           130           3120  sun.reflect.generics.scope.ClassScope
 286:            95           3040  java.lang.reflect.Proxy$Key1
 287:            95           3040  java.util.Formatter
 288:            95           3040  java.util.zip.ZipCoder
 289:           155           3024  [Ljavassist.CtClass;
 290:           126           3024  sun.misc.ProxyGenerator$ExceptionTableEntry
 291:            29           2928  [Ljava.lang.invoke.MethodHandle;
 292:            91           2912  [Lcom.sun.org.apache.xerces.internal.utils.XMLSecurityManager$NameMap;
 293:           120           2880  com.sun.org.apache.xerces.internal.util.XMLStringBuffer
 294:            51           2856  java.util.concurrent.ConcurrentHashMap$EntryIterator
 295:           116           2784  sun.reflect.NativeMethodAccessorImpl
 296:           170           2720  java.lang.ref.ReferenceQueue$Lock
 297:           113           2712  java.util.Collections$UnmodifiableRandomAccessList
 298:            42           2688  java.io.LineNumberReader
 299:           117           2664  [Lsun.reflect.generics.tree.FieldTypeSignature;
 300:           109           2616  java.io.ByteArrayOutputStream
 301:           109           2616  java.util.Collections$1
 302:            81           2592  javassist.NotFoundException
 303:           108           2592  javassist.bytecode.ConstantAttribute
 304:           107           2568  java.util.regex.Pattern$GroupHead
 305:           107           2568  java.util.regex.Pattern$GroupTail
 306:           160           2560  java.io.FilePermission$1
 307:            64           2560  java.io.ObjectStreamField
 308:            80           2560  java.lang.reflect.WeakCache$CacheKey
 309:           106           2544  com.sun.org.apache.xerces.internal.xni.XMLString
 310:            79           2528  java.io.DataOutputStream
 311:            45           2520  [Ljava.util.regex.Pattern$GroupHead;
 312:           103           2472  sun.reflect.NativeConstructorAccessorImpl
 313:            22           2464  com.sun.org.apache.xerces.internal.impl.dv.XSFacets
 314:            77           2464  java.lang.invoke.DirectMethodHandle
 315:            76           2432  com.sun.org.apache.xerces.internal.util.AugmentationsImpl$SmallContainer
 316:           152           2432  java.util.HashMap$Values
 317:            86           2408  [Ljavassist.bytecode.stackmap.TypedBlock;
 318:            75           2400  com.sun.org.apache.xerces.internal.impl.xs.util.SimpleLocator
 319:            60           2400  javassist.bytecode.Bytecode
 320:            50           2400  sun.misc.ProxyGenerator$MethodInfo
 321:            99           2376  java.lang.invoke.LambdaForm$NamedFunction
 322:            19           2312  [[I
 323:            96           2304  java.util.regex.Pattern$BitClass
 324:            95           2280  java.util.ArrayDeque
 325:            95           2280  sun.reflect.annotation.AnnotationInvocationHandler
 326:            95           2280  sun.reflect.annotation.AnnotationParser$1
 327:            94           2256  java.io.ExpiringCache$Entry
 328:            94           2256  java.util.zip.ZStreamRef
 329:            28           2240  sun.net.www.protocol.jar.URLJarFile
 330:            91           2184  sun.security.action.GetPropertyAction
 331:            90           2160  java.lang.Class$1
 332:            67           2144  javassist.compiler.ast.NewExpr
 333:           133           2128  com.sun.org.apache.xerces.internal.utils.SecuritySupport$4
 334:            51           2120  [Lorg.springframework.util.ConcurrentReferenceHashMap$Reference;
 335:             6           2112  com.sun.org.apache.xerces.internal.impl.XMLNSDocumentScannerImpl
 336:            66           2112  org.apache.log4j.ProvisionNode
 337:            44           2112  sun.util.locale.LocaleObjectCache$CacheEntry
 338:            87           2088  sun.misc.URLClassPath$3
 339:            65           2080  com.sun.org.apache.xerces.internal.impl.xs.XSModelGroupImpl
 340:            37           2072  java.util.ResourceBundle$CacheKey
 341:            43           2064  java.util.TreeMap
 342:            43           2064  javassist.compiler.Lex
 343:            86           2064  javassist.compiler.MemberResolver
 344:           128           2048  java.lang.Character
 345:            49           1960  java.util.IdentityHashMap
 346:            61           1952  java.util.LinkedList$ListItr
 347:            20           1920  [Lcom.sun.org.apache.xerces.internal.xni.QName;
 348:            40           1920  com.sun.org.apache.xerces.internal.util.URI
 349:            48           1920  org.springframework.util.ConcurrentReferenceHashMap$Segment
 350:            39           1872  com.sun.org.apache.xerces.internal.impl.xs.models.XSCMLeaf
 351:           116           1856  sun.reflect.DelegatingMethodAccessorImpl
 352:            57           1824  java.util.LinkedHashMap$LinkedEntryIterator
 353:            45           1800  java.io.PrintWriter
 354:            75           1800  javassist.compiler.ast.BinExpr
 355:            32           1792  com.sun.org.apache.xerces.internal.impl.xs.AttributePSVImpl
 356:             2           1776  [[B
 357:            73           1752  sun.misc.FileURLMapper
 358:            12           1728  sun.reflect.MethodAccessorGenerator
 359:            43           1720  javassist.compiler.JvstTypeChecker
 360:            42           1680  com.alibaba.dubbo.rpc.RpcException
 361:            42           1680  java.io.StringReader
 362:            69           1656  java.util.regex.Pattern$Single
 363:           103           1648  sun.reflect.DelegatingConstructorAccessorImpl
 364:            68           1632  javassist.bytecode.LongInfo
 365:            33           1584  com.sun.org.apache.xerces.internal.impl.xs.models.XSCMBinOp
 366:            66           1584  java.util.concurrent.ConcurrentHashMap$MapEntry
 367:            18           1584  java.util.jar.JarVerifier
 368:            66           1584  javassist.bytecode.IntegerInfo
 369:            66           1584  org.springframework.core.convert.converter.GenericConverter$ConvertiblePair
 370:            98           1568  org.springframework.beans.factory.support.MethodOverrides
 371:            32           1536  com.sun.org.apache.xerces.internal.dom.DeferredAttrNSImpl
 372:            32           1536  com.sun.org.apache.xerces.internal.impl.dv.xs.DecimalDV$XDecimal
 373:            48           1536  com.sun.org.apache.xerces.internal.impl.xs.traversers.OneAttr
 374:            48           1536  sun.reflect.ClassFileAssembler
 375:            38           1520  sun.misc.ProxyGenerator$ProxyMethod
 376:            63           1512  [Lcom.sun.org.apache.xerces.internal.impl.xs.identity.IdentityConstraint;
 377:            34           1496  [Ljavassist.bytecode.stackmap.BasicBlock$Mark;
 378:            42           1472  [Lcom.sun.org.apache.xerces.internal.impl.xs.traversers.OneAttr;
 379:            23           1472  com.alibaba.dubbo.common.extension.ExtensionLoader
 380:            92           1472  javassist.compiler.ast.Keyword
 381:            18           1464  [Ljava.beans.PropertyDescriptor;
 382:            45           1440  java.lang.Throwable
 383:            45           1440  org.apache.log4j.spi.LocationInfo
 384:            35           1400  java.security.ProtectionDomain
 385:            11           1392  [[Ljava.lang.String;
 386:            29           1392  java.io.BufferedReader
 387:            58           1392  javassist.bytecode.stackmap.TypeData$UninitData
 388:            29           1392  sun.nio.cs.StreamDecoder
 389:            50           1376  [Lorg.springframework.beans.PropertyValue;
 390:            34           1360  sun.nio.cs.UTF_8$Decoder
 391:            42           1344  com.sun.org.apache.xerces.internal.impl.xs.XSWildcardDecl
 392:            84           1344  java.lang.ClassLoader$2
 393:            83           1328  javassist.compiler.ast.StringL
 394:            33           1320  com.sun.org.apache.xerces.internal.impl.validation.ValidationState
 395:            55           1320  javassist.bytecode.InnerClassesAttribute
 396:            55           1320  org.springframework.beans.MutablePropertyValues
 397:            82           1312  com.alibaba.dubbo.common.utils.Holder
 398:            41           1312  javassist.CtMember$Cache
 399:            31           1240  java.security.AccessControlContext
 400:            22           1232  org.springframework.core.MethodParameter
 401:            51           1224  java.util.regex.Pattern$TreeInfo
 402:            51           1224  org.springframework.beans.factory.config.ConstructorArgumentValues
 403:            76           1216  com.sun.org.apache.xerces.internal.util.AugmentationsImpl
 404:            38           1216  sun.misc.ProxyGenerator$FieldInfo
 405:             6           1200  com.sun.org.apache.xerces.internal.impl.XMLDTDScannerImpl
 406:            37           1184  java.util.ResourceBundle$LoaderReference
 407:            73           1168  sun.misc.URLClassPath$JarLoader$1
 408:            37           1160  [Ljava.security.ProtectionDomain;
 409:            29           1160  sun.util.locale.BaseLocale$Key
 410:            18           1152  java.beans.Introspector
 411:            24           1152  java.util.Properties$LineReader
 412:            48           1152  org.springframework.util.ConcurrentReferenceHashMap$ReferenceManager
 413:            48           1152  sun.reflect.ByteVectorImpl
 414:            35           1120  java.util.concurrent.ConcurrentHashMap$ForwardingNode
 415:            42           1112  [Ljava.util.regex.Pattern$Node;
 416:             8           1104  [Lcom.sun.org.apache.xerces.internal.impl.xs.traversers.XSDocumentInfo;
 417:             8           1104  [Lorg.w3c.dom.Element;
 418:            23           1104  java.util.Hashtable$Enumerator
 419:            21           1096  [Lsun.invoke.util.Wrapper;
 420:            68           1088  java.util.Collections$SingletonSet
 421:            17           1088  javassist.CtNewClass
 422:            34           1088  javassist.bytecode.CodeIterator
 423:            68           1088  javassist.bytecode.ConstInfoPadding
 424:            45           1080  com.sun.beans.WildcardTypeImpl
 425:            27           1080  java.util.ArrayList$SubList
 426:            27           1080  java.util.ArrayList$SubList$1
 427:             2           1064  [Ljava.lang.Integer;
 428:            15           1056  [Lcom.sun.org.apache.xerces.internal.impl.xs.util.SimpleLocator;
 429:            66           1056  com.alibaba.dubbo.common.logger.log4j.Log4jLogger
 430:             1           1040  [Ljava.lang.Byte;
 431:             1           1040  [Ljava.lang.Long;
 432:             1           1040  [Ljava.lang.Short;
 433:            65           1040  com.alibaba.dubbo.common.logger.support.FailsafeLogger
 434:            43           1032  java.io.StringWriter
 435:            43           1032  java.util.Collections$SetFromMap
 436:            43           1032  javassist.CtConstructor
 437:            43           1032  javassist.compiler.Javac
 438:            64           1024  org.springframework.core.convert.support.GenericConversionService$ConvertersForPair
 439:            42           1008  org.apache.log4j.spi.ThrowableInformation
 440:            31            992  java.util.regex.Pattern$Branch
 441:            31            992  org.springframework.core.convert.TypeDescriptor
 442:            12            984  [Lcom.sun.org.apache.xerces.internal.impl.dtd.models.CMStateSet;
 443:            41            984  java.util.Collections$SingletonList
 444:            41            984  java.util.regex.Pattern$Ctype
 445:            41            984  sun.reflect.Label$PatchInfo
 446:            30            960  java.util.Stack
 447:            20            960  java.util.logging.LogManager$LoggerWeakRef
 448:            40            960  java.util.regex.Pattern$Slice
 449:            30            960  javassist.compiler.ast.CastExpr
 450:            39            936  org.apache.commons.logging.impl.WeakHashtable$Referenced
 451:             9            912  [Lcom.sun.org.apache.xerces.internal.impl.xs.XSComplexTypeDecl;
 452:            19            912  java.util.StringTokenizer
 453:            16            896  java.lang.invoke.LambdaFormEditor$Transform
 454:            36            864  com.sun.org.apache.xerces.internal.impl.xs.traversers.SmallContainer
 455:            18            864  java.beans.BeanDescriptor
 456:            18            864  java.util.Properties
 457:            36            864  java.util.regex.Pattern$Start
 458:            18            864  org.springframework.util.ConcurrentReferenceHashMap$SoftEntryReference
 459:            12            864  sun.reflect.DelegatingClassLoader
 460:            34            816  javassist.compiler.ast.MethodDecl
 461:            17            816  sun.security.util.ManifestEntryVerifier
 462:             6            768  com.sun.org.apache.xerces.internal.impl.XMLEntityManager
 463:             4            768  com.sun.org.apache.xerces.internal.parsers.XIncludeAwareParserConfiguration
 464:            24            768  java.util.logging.LogManager$LogNode
 465:            12            768  jdk.internal.org.objectweb.asm.FieldWriter
 466:            23            736  com.sun.org.apache.xerces.internal.util.XMLResourceIdentifierImpl
 467:            23            736  java.lang.ArrayIndexOutOfBoundsException
 468:            18            720  java.beans.GenericBeanInfo
 469:            15            720  javassist.compiler.NoFieldException
 470:             4            704  com.sun.org.apache.xerces.internal.impl.dtd.XMLNSDTDValidator
 471:            22            704  com.sun.org.apache.xerces.internal.impl.xs.SchemaNamespaceSupport
 472:            29            696  java.lang.RuntimePermission
 473:            43            688  javassist.compiler.Parser
 474:            17            680  sun.reflect.generics.repository.MethodRepository
 475:            12            672  com.sun.org.apache.xerces.internal.impl.xs.XSDDescription
 476:             2            672  com.sun.org.apache.xerces.internal.impl.xs.traversers.XSDHandler
 477:            28            672  java.lang.ProcessEnvironment$Variable
 478:            42            672  java.lang.Throwable$WrappedPrintWriter
 479:            42            672  java.util.IdentityHashMap$KeySet
 480:            21            672  java.util.Locale
 481:            14            672  java.util.ResourceBundle$BundleReference
 482:            12            672  java.util.concurrent.ConcurrentHashMap$KeyIterator
 483:            28            672  org.apache.commons.logging.impl.Log4JLogger
 484:            21            672  sun.util.locale.BaseLocale
 485:            37            656  [Lsun.reflect.generics.tree.FormalTypeParameter;
 486:            27            648  java.io.InputStreamReader
 487:            27            648  java.lang.ProcessEnvironment$Value
 488:            27            648  java.util.Locale$LocaleKey
 489:             9            648  java.util.logging.Logger
 490:            11            640  [Lcom.sun.org.apache.xerces.internal.impl.xs.XSElementDecl;
 491:            16            640  com.sun.org.apache.xerces.internal.impl.xs.models.XSCMUniOp
 492:            20            640  java.io.ByteArrayInputStream
 493:            20            640  java.security.Permissions
 494:            20            640  java.util.LinkedHashMap$LinkedValueIterator
 495:            20            640  java.util.jar.Manifest$FastInputStream
 496:            16            640  org.jboss.netty.util.internal.ConcurrentHashMap$Segment
 497:            20            640  sun.reflect.generics.repository.ClassRepository
 498:             3            624  [Ljava.lang.invoke.LambdaForm;
 499:            13            624  java.util.concurrent.ThreadPoolExecutor$Worker
 500:            39            624  java.util.concurrent.atomic.AtomicInteger
 501:            26            624  javassist.ClassPathList
 502:            26            624  org.springframework.core.convert.support.GenericConversionService$ConverterAdapter
 503:             4            608  com.sun.org.apache.xerces.internal.parsers.DOMParser
 504:            19            608  java.io.FileDescriptor
 505:            38            608  org.apache.commons.logging.LogFactory$1
 506:            11            600  [Lcom.sun.org.apache.xerces.internal.utils.XMLSecurityManager$State;
 507:            15            600  org.springframework.util.ConcurrentReferenceHashMap$Segment$1
 508:            17            592  [Lcom.sun.org.apache.xerces.internal.util.XMLAttributesImpl$Attribute;
 509:            18            592  [Ljava.io.ObjectStreamField;
 510:            37            592  javassist.bytecode.stackmap.TypeData$NullType
 511:            18            576  java.security.BasicPermissionCollection
 512:            18            576  java.util.TreeMap$ValueIterator
 513:             7            560  [Ljava.lang.ThreadLocal$ThreadLocalMap$Entry;
 514:            35            560  [Ljava.security.Principal;
 515:            14            560  java.lang.invoke.MethodHandleImpl$IntrinsicMethodHandle
 516:            35            560  java.security.ProtectionDomain$Key
 517:            14            560  java.util.regex.Pattern$Loop
 518:            14            560  org.springframework.beans.propertyeditors.CustomNumberEditor
 519:            10            560  sun.invoke.util.Wrapper
 520:            17            544  java.lang.ThreadLocal$ThreadLocalMap$Entry
 521:            34            544  javassist.bytecode.stackmap.TypedBlock$Maker
 522:            17            544  sun.reflect.generics.tree.MethodTypeSignature
 523:             4            536  [Ljava.lang.invoke.MemberName;
 524:             1            528  [Ljava.lang.Character;
 525:            13            520  javassist.ClassPool
 526:            13            520  org.springframework.core.convert.Property
 527:            32            512  com.alibaba.com.caucho.hessian.io.BasicDeserializer
 528:             2            512  com.sun.org.apache.xerces.internal.impl.xs.XMLSchemaValidator
 529:            16            512  java.util.RegularEnumSet
 530:             4            504  [Lcom.sun.org.apache.xerces.internal.xs.XSTypeDefinition;
 531:             7            504  com.sun.org.apache.xerces.internal.dom.DeferredElementNSImpl
 532:            31            496  java.util.regex.Pattern$BranchConn
 533:            30            480  com.alibaba.com.caucho.hessian.io.BasicSerializer
 534:             3            480  com.sun.org.apache.xerces.internal.impl.xs.SchemaGrammar
 535:             3            480  com.sun.org.apache.xerces.internal.impl.xs.SchemaGrammar$BuiltinSchemaGrammar
 536:             6            480  com.sun.org.apache.xerces.internal.impl.xs.models.XSDFACM
 537:             5            480  com.sun.xml.internal.stream.Entity$ScannedEntity
 538:            12            480  java.security.PrivilegedActionException
 539:            20            480  java.util.jar.Manifest
 540:            15            480  org.springframework.util.ConcurrentReferenceHashMap$1
 541:            20            480  sun.reflect.generics.tree.ClassSignature
 542:            29            464  java.util.LinkedHashMap$LinkedKeySet
 543:            29            464  sun.reflect.Label
 544:            19            456  java.io.FilePermissionCollection
 545:            20            448  [Lsun.reflect.generics.tree.ClassTypeSignature;
 546:            14            448  java.lang.invoke.SimpleMethodHandle
 547:            11            440  com.sun.org.apache.xerces.internal.dom.DeferredTextImpl
 548:            18            432  java.text.DateFormat$Field
 549:             6            432  java.util.concurrent.ThreadPoolExecutor
 550:             9            432  javassist.CtPrimitiveType
 551:            18            432  javassist.bytecode.StackMapTable$Writer
 552:            18            432  sun.nio.ch.SocketOptionRegistry$RegistryKey
 553:            17            424  [Lorg.springframework.util.ConcurrentReferenceHashMap$TaskOption;
 554:             4            416  [Ljava.net.URL;
 555:             4            416  com.sun.org.apache.xerces.internal.impl.dv.xs.AbstractDateTimeDV$DateTimeData
 556:            13            416  java.util.TreeMap$EntryIterator
 557:            13            416  org.springframework.core.convert.BeanPropertyDescriptor
 558:            17            408  javassist.compiler.ast.IntConst
 559:            17            408  sun.reflect.generics.scope.MethodScope
 560:            20            400  [Ljava.lang.annotation.Annotation;
 561:             5            400  [Ljava.util.concurrent.RunnableScheduledFuture;
 562:             2            400  com.sun.org.apache.xerces.internal.dom.DeferredDocumentImpl
 563:            10            400  com.sun.org.apache.xerces.internal.impl.XMLErrorReporter
 564:            10            400  com.sun.org.apache.xerces.internal.impl.xpath.regex.RangeToken
 565:            10            400  com.sun.org.apache.xerces.internal.utils.XMLSecurityManager
 566:            10            400  java.lang.invoke.DirectMethodHandle$Accessor
 567:             5            400  java.util.concurrent.ScheduledThreadPoolExecutor
 568:            12            384  [Lcom.sun.org.apache.xerces.internal.impl.XMLEntityManager$CharacterBuffer;
 569:            16            384  [Lorg.jboss.netty.util.internal.ConcurrentHashMap$HashEntry;
 570:             6            384  com.sun.org.apache.xerces.internal.impl.XMLEntityScanner
 571:             4            384  com.sun.org.apache.xerces.internal.impl.dtd.XMLDTDProcessor
 572:             8            384  com.sun.org.apache.xerces.internal.util.XMLAttributesImpl
 573:             1            384  java.lang.ref.Finalizer$FinalizerThread
 574:             1            384  java.util.logging.LogManager$Cleaner
 575:            16            384  sun.misc.MetaIndex
 576:            16            384  sun.nio.ch.OptionKey
 577:            12            384  sun.reflect.MethodAccessorGenerator$1
 578:             1            376  java.lang.ref.Reference$ReferenceHandler
 579:            10            368  [Lcom.sun.org.apache.xerces.internal.xs.ShortList;
 580:            23            368  com.sun.proxy.$Proxy1
 581:             3            360  [Ljava.io.File;
 582:             9            360  com.sun.org.apache.xerces.internal.utils.XMLSecurityManager$Limit
 583:             9            360  com.sun.org.apache.xerces.internal.xni.parser.XMLInputSource
 584:             5            360  java.util.concurrent.ScheduledThreadPoolExecutor$ScheduledFutureTask
 585:            15            360  java.util.regex.Pattern$Prolog
 586:             5            360  org.jboss.netty.channel.socket.nio.NioWorker
 587:            15            360  org.springframework.util.ConcurrentReferenceHashMap$Entry
 588:            11            352  com.alibaba.dubbo.common.utils.NamedThreadFactory
 589:            11            352  java.lang.invoke.BoundMethodHandle$Species_L
 590:            22            352  java.util.jar.Attributes
 591:            11            352  java.util.logging.LogManager$LoggerContext$1
 592:             4            352  org.springframework.beans.BeanWrapperImpl
 593:             6            336  com.sun.org.apache.xerces.internal.util.XMLAttributesIteratorImpl
 594:            21            336  com.sun.proxy.$Proxy3
 595:             7            336  java.lang.invoke.LambdaFormBuffer
 596:            14            336  java.lang.invoke.LambdaFormEditor$Transform$Kind
 597:             6            336  java.nio.DirectLongBufferU
 598:            21            336  java.util.LinkedHashSet
 599:            14            336  java.util.concurrent.atomic.AtomicLong
 600:             7            336  sun.nio.cs.StreamEncoder
 601:            17            328  [Lsun.reflect.generics.tree.TypeSignature;
 602:             8            320  com.sun.org.apache.xerces.internal.impl.dtd.XMLEntityDecl
 603:             8            320  com.sun.org.apache.xerces.internal.impl.dtd.XMLSimpleType
 604:            10            320  com.sun.org.apache.xerces.internal.util.NamespaceSupport
 605:            10            320  java.lang.OutOfMemoryError
 606:             8            320  org.springframework.core.io.ResourceEditor
 607:            10            320  sun.reflect.UnsafeStaticObjectFieldAccessorImpl
 608:            10            320  sun.reflect.generics.reflectiveObjects.TypeVariableImpl
 609:            13            312  [Lcom.sun.org.apache.xerces.internal.utils.XMLSecurityPropertyManager$Property;
 610:            13            312  org.apache.log4j.Level
 611:            19            304  com.sun.proxy.$Proxy5
 612:             9            296  [Ljava.lang.invoke.LambdaForm$NamedFunction;
 613:            18            288  [Ljava.beans.BeanInfo;
 614:             8            288  [Ljava.lang.Boolean;
 615:            18            288  [Ljava.security.CodeSigner;
 616:            12            288  [Ljavassist.CtConstructor;
 617:             6            288  com.sun.org.apache.xerces.internal.impl.XMLDocumentFragmentScannerImpl$ElementStack
 618:            12            288  com.sun.org.apache.xerces.internal.impl.xpath.regex.Token$CharToken
 619:             9            288  java.io.FileInputStream
 620:            12            288  java.lang.invoke.Invokers
 621:            18            288  java.util.LinkedHashMap$LinkedValues
 622:            18            288  java.util.TreeMap$Values
 623:            18            288  java.util.jar.JarVerifier$3
 624:             9            288  java.util.logging.Level
 625:            12            288  java.util.regex.Pattern$Ques
 626:             9            288  javassist.compiler.Javac$CtFieldWithInit
 627:            18            288  org.springframework.core.convert.ClassDescriptor
 628:             6            288  sun.misc.ProxyGenerator
 629:             6            288  sun.util.locale.provider.LocaleResources$ResourceReference
 630:             5            280  [Ljava.util.Map;
 631:             5            280  com.alibaba.dubbo.common.bytecode.ClassGenerator
 632:             7            280  java.util.ServiceLoader$LazyIterator
 633:            17            272  com.sun.proxy.$Proxy2
 634:            17            272  java.util.Collections$UnmodifiableSet
 635:             6            264  [Lcom.sun.org.apache.xerces.internal.impl.xs.models.XSCMLeaf;
 636:            11            264  java.net.StandardSocketOptions$StdSocketOption
 637:            11            264  java.util.concurrent.CopyOnWriteArrayList
 638:            11            264  java.util.jar.JarFile$JarEntryIterator
 639:            11            264  java.util.zip.ZipFile$ZipEntryIterator
 640:            11            264  org.jboss.netty.util.internal.LinkedTransferQueue
 641:            11            264  org.springframework.beans.BeanWrapperImpl$PropertyTokenHolder
 642:            11            264  sun.reflect.generics.tree.FormalTypeParameter
 643:             2            256  com.sun.org.apache.xerces.internal.impl.xs.opti.SchemaParsingConfig
 644:             8            256  java.lang.invoke.InvokerBytecodeGenerator$CpPatch
 645:             8            256  org.apache.log4j.helpers.PatternParser$LiteralPatternConverter
 646:             8            256  sun.misc.ProxyGenerator$PrimitiveTypeInfo
 647:             8            256  sun.reflect.generics.reflectiveObjects.WildcardTypeImpl
 648:             6            240  [Ljava.lang.invoke.BoundMethodHandle$SpeciesData;
 649:             3            240  [Lorg.springframework.util.ConcurrentReferenceHashMap$Segment;
 650:             6            240  [[S
 651:            10            240  com.alibaba.dubbo.config.spring.schema.DubboBeanDefinitionParser
 652:             6            240  com.sun.org.apache.xerces.internal.impl.XMLDocumentFragmentScannerImpl$ElementStack2
 653:             6            240  com.sun.org.apache.xerces.internal.impl.XMLEntityManager$CharacterBufferPool
 654:             5            240  com.sun.org.apache.xerces.internal.impl.XMLEntityManager$RewindableInputStream
 655:            10            240  com.sun.org.apache.xerces.internal.impl.XMLScanner$NameType
 656:             6            240  com.sun.org.apache.xerces.internal.impl.XMLVersionDetector
 657:             6            240  com.sun.org.apache.xerces.internal.impl.dtd.XMLDTDDescription
 658:            10            240  com.sun.org.apache.xerces.internal.impl.dv.xs.XSSimpleTypeDecl$ValidationContextImpl
 659:             5            240  com.sun.org.apache.xerces.internal.impl.io.UTF8Reader
 660:            10            240  com.sun.org.apache.xerces.internal.impl.xs.traversers.XSDAbstractTraverser$FacetInfo
 661:             6            240  com.sun.org.apache.xerces.internal.util.SymbolTable
 662:             6            240  com.sun.xml.internal.stream.XMLEntityStorage
 663:             6            240  java.io.BufferedWriter
 664:            10            240  java.security.CryptoPrimitive
 665:            10            240  java.util.concurrent.ConcurrentHashMap$KeySetView
 666:             5            240  java.util.concurrent.locks.ReentrantReadWriteLock$NonfairSync
 667:            10            240  javassist.compiler.ast.AssignExpr
 668:             2            240  org.apache.log4j.RollingCalendar
 669:             6            240  sun.misc.Cleaner
 670:             6            240  sun.util.locale.LanguageTag
 671:             1            224  com.alibaba.dubbo.config.spring.ReferenceBean
 672:             4            224  com.sun.org.apache.xerces.internal.jaxp.DocumentBuilderImpl
 673:             7            224  java.lang.StringCoding$StringEncoder
 674:            14            224  java.util.LinkedHashMap$LinkedEntrySet
 675:             7            224  java.util.ServiceLoader
 676:             7            224  java.util.concurrent.atomic.AtomicReferenceFieldUpdater$AtomicReferenceFieldUpdaterImpl
 677:             3            216  com.sun.org.apache.xerces.internal.impl.xs.traversers.XSDocumentInfo
 678:             9            216  java.util.logging.Level$KnownLevel
 679:             9            216  java.util.logging.LogManager$5
 680:             9            216  java.util.regex.Pattern$CharProperty$1
 681:             9            216  javassist.compiler.ast.FieldDecl
 682:             9            216  sun.util.logging.PlatformLogger$Level
 683:            13            208  com.alibaba.dubbo.common.utils.ConcurrentHashSet
 684:             2            208  com.sun.org.apache.xerces.internal.impl.xs.XMLSchemaLoader
 685:            13            208  java.util.TreeMap$EntrySet
 686:            13            208  javassist.ClassClassPath
 687:            13            208  javassist.ClassPoolTail
 688:            13            208  javassist.LoaderClassPath
 689:             2            200  [Ljava.text.DateFormat$Field;
 690:             5            200  com.sun.org.apache.xerces.internal.dom.DeferredCommentImpl
 691:             5            200  com.sun.org.apache.xerces.internal.utils.XMLLimitAnalyzer
 692:             5            200  java.lang.invoke.BoundMethodHandle$SpeciesData
 693:             5            200  java.net.DatagramPacket
 694:             1            200  org.springframework.beans.factory.support.DefaultListableBeanFactory
 695:             5            200  org.springframework.core.io.support.ResourceArrayPropertyEditor
 696:             4            192  [Ljava.lang.Thread;
 697:             6            192  com.sun.org.apache.xerces.internal.impl.xpath.regex.Token$ClosureToken
 698:             4            192  com.sun.org.apache.xerces.internal.impl.xs.SchemaGrammar$BuiltinAttrDecl
 699:             3            192  com.sun.org.apache.xerces.internal.impl.xs.opti.SchemaDOM
 700:             2            192  com.sun.org.apache.xerces.internal.impl.xs.traversers.XSDComplexTypeTraverser
 701:             6            192  java.io.FileNotFoundException
 702:             6            192  java.io.FileOutputStream
 703:             6            192  java.lang.invoke.LambdaForm$BasicType
 704:             8            192  java.lang.invoke.MethodHandleImpl$Intrinsic
 705:             6            192  java.lang.reflect.WeakCache$CacheValue
 706:             6            192  java.lang.reflect.WeakCache$Factory
 707:             8            192  java.math.RoundingMode
 708:             6            192  java.nio.DirectByteBuffer$Deallocator
 709:            12            192  java.util.TreeSet
 710:             8            192  jdk.net.SocketFlow$Status
 711:            12            192  org.jboss.netty.logging.InternalLoggerFactory$1
 712:             8            192  org.springframework.beans.factory.config.BeanExpressionContext
 713:             8            192  org.springframework.core.convert.support.GenericConversionService$ConverterFactoryAdapter
 714:            12            192  sun.reflect.ClassDefiner$1
 715:             6            192  sun.reflect.annotation.AnnotationType
 716:             8            192  sun.reflect.generics.tree.Wildcard
 717:             1            176  com.alibaba.dubbo.config.ConsumerConfig
 718:            11            176  com.sun.org.apache.xerces.internal.impl.xs.util.XInt
 719:            11            176  java.text.NumberFormat$Field
 720:            11            176  java.util.concurrent.atomic.AtomicBoolean
 721:             7            168  com.sun.org.apache.xerces.internal.dom.AttributeMap
 722:             7            168  java.io.OutputStreamWriter
 723:             7            168  java.lang.ThreadLocal$ThreadLocalMap
 724:             7            168  java.net.NetPermission
 725:             7            168  java.util.Collections$SynchronizedSet
 726:             7            168  java.util.ServiceLoader$1
 727:             7            168  java.util.concurrent.atomic.AtomicReferenceFieldUpdater$AtomicReferenceFieldUpdaterImpl$1
 728:             7            168  javassist.bytecode.stackmap.BasicBlock$Catch
 729:             7            168  sun.util.resources.LocaleData$1
 730:             2            160  com.alibaba.dubbo.registry.integration.RegistryDirectory
 731:             2            160  com.sun.org.apache.xerces.internal.impl.xs.opti.SchemaDOMParser
 732:            10            160  com.sun.org.apache.xerces.internal.utils.SecuritySupport$3
 733:            10            160  com.sun.proxy.$Proxy4
 734:             4            160  java.lang.ClassLoader$NativeLibrary
 735:             4            160  java.lang.invoke.BoundMethodHandle$Species_LL
 736:             5            160  java.util.ResourceBundle$Control$1
 737:             5            160  java.util.concurrent.ConcurrentHashMap$ReservationNode
 738:             5            160  java.util.concurrent.ScheduledThreadPoolExecutor$DelayedWorkQueue
 739:             5            160  java.util.regex.Pattern$BnM
 740:             5            160  org.springframework.beans.propertyeditors.ClassArrayEditor
 741:             5            160  org.springframework.beans.propertyeditors.ClassEditor
 742:             5            160  org.springframework.beans.propertyeditors.FileEditor
 743:             5            160  org.springframework.beans.propertyeditors.InputSourceEditor
 744:             5            160  org.springframework.beans.propertyeditors.InputStreamEditor
 745:             5            160  org.springframework.beans.propertyeditors.URIEditor
 746:             5            160  org.springframework.beans.propertyeditors.URLEditor
 747:            10            160  org.springframework.core.convert.support.ObjectToStringConverter
 748:             5            160  org.xml.sax.InputSource
 749:             2            160  sun.nio.ch.KQueueSelectorImpl
 750:             4            160  sun.reflect.UnsafeQualifiedStaticIntegerFieldAccessorImpl
 751:             5            160  sun.util.locale.provider.LocaleProviderAdapter$Type
 752:             6            144  [Lcom.sun.org.apache.xerces.internal.impl.xs.XSGroupDecl;
 753:             6            144  [Lorg.springframework.expression.Expression;
 754:             9            144  com.alibaba.dubbo.remoting.transport.netty.NettyHelper$DubboLogger
 755:             6            144  com.sun.org.apache.xerces.internal.impl.XMLNSDocumentScannerImpl$NSContentDriver
 756:             6            144  com.sun.org.apache.xerces.internal.impl.msg.XMLMessageFormatter
 757:             6            144  com.sun.org.apache.xerces.internal.impl.validation.ValidationManager
 758:             6            144  com.sun.org.apache.xerces.internal.impl.xs.XSMessageFormatter
 759:             6            144  com.sun.org.apache.xerces.internal.util.Status
 760:             3            144  com.sun.org.apache.xerces.internal.xni.parser.XMLConfigurationException
 761:             9            144  java.lang.ClassLoader$3
 762:             9            144  java.lang.invoke.LambdaFormEditor
 763:             6            144  java.util.regex.Pattern$Dollar
 764:             6            144  sun.misc.PerfCounter
 765:             6            144  sun.misc.ProxyGenerator$ConstantPool
 766:             3            144  sun.misc.URLClassPath
 767:             6            144  sun.reflect.annotation.AnnotationType$1
 768:             6            144  sun.security.util.DisabledAlgorithmConstraints$KeySizeConstraint$Operator
 769:             1            136  [Lcom.sun.org.apache.xerces.internal.impl.dv.xs.TypeValidator;
 770:             5            136  [Lcom.sun.org.apache.xerces.internal.utils.XMLSecurityPropertyManager$State;
 771:             4            128  [Lorg.jboss.netty.channel.ChannelState;
 772:             4            128  com.sun.org.apache.xerces.internal.impl.dtd.XMLElementDecl
 773:             2            128  com.sun.org.apache.xerces.internal.impl.xpath.regex.ParserForXMLSchema
 774:             2            128  com.sun.org.apache.xerces.internal.impl.xpath.regex.RegularExpression
 775:             2            128  com.sun.org.apache.xerces.internal.impl.xs.ElementPSVImpl
 776:             4            128  com.sun.org.apache.xerces.internal.impl.xs.XSGroupDecl
 777:             4            128  com.sun.org.apache.xerces.internal.impl.xs.models.CMNodeFactory
 778:             2            128  java.io.ExpiringCache$1
 779:             4            128  java.util.concurrent.SynchronousQueue
 780:             4            128  org.apache.log4j.helpers.PatternParser$BasicPatternConverter
 781:             1            128  org.jboss.netty.channel.socket.nio.NioClientSocketChannel
 782:             4            128  org.springframework.beans.factory.support.AbstractAutowireCapableBeanFactory$2
 783:             4            128  org.springframework.beans.factory.support.AbstractBeanFactory$1
 784:             4            128  org.springframework.beans.factory.support.BeanDefinitionValueResolver
 785:             4            128  org.springframework.beans.propertyeditors.CustomCollectionEditor
 786:             2            128  sun.nio.ch.FileChannelImpl
 787:             5            120  [Lcom.sun.org.apache.xerces.internal.impl.xs.XSAnnotationImpl;
 788:             5            120  com.alibaba.dubbo.remoting.transport.dispatcher.ChannelEventRunnable$ChannelState
 789:             5            120  com.sun.org.apache.xerces.internal.impl.xs.traversers.LargeContainer
 790:             5            120  com.sun.org.apache.xerces.internal.utils.XMLSecurityManager$State
 791:             5            120  com.sun.org.apache.xerces.internal.utils.XMLSecurityPropertyManager$State
 792:             5            120  java.lang.invoke.MethodHandles$Lookup
 793:             5            120  java.util.concurrent.Executors$RunnableAdapter
 794:             5            120  java.util.concurrent.locks.ReentrantReadWriteLock
 795:             5            120  javassist.bytecode.stackmap.TypeData$BasicType
 796:             5            120  org.apache.commons.logging.impl.LogFactoryImpl$2
 797:             3            120  org.jboss.netty.channel.DefaultChannelPipeline$DefaultChannelHandlerContext
 798:             5            120  org.jboss.netty.channel.socket.nio.SocketSendBufferPool
 799:             5            120  org.jboss.netty.channel.socket.nio.SocketSendBufferPool$Preallocation
 800:             1            120  org.springframework.context.support.ClassPathXmlApplicationContext
 801:             3            120  org.springframework.util.ConcurrentReferenceHashMap
 802:             2            112  [Ljava.lang.invoke.MethodType;
 803:             2            112  [Ljava.security.CryptoPrimitive;
 804:             1            112  com.alibaba.dubbo.registry.multicast.MulticastRegistry
 805:             7            112  java.io.FileInputStream$1
 806:             7            112  java.lang.ThreadLocal
 807:             2            112  org.springframework.core.env.PropertySourcesPropertyResolver
 808:             1            112  sun.nio.ch.SocketChannelImpl
 809:             2            112  sun.nio.cs.ISO_8859_1$Encoder
 810:             1            104  com.alibaba.dubbo.config.RegistryConfig
 811:             1            104  java.lang.invoke.InnerClassLambdaMetafactory
 812:             1            104  org.springframework.beans.factory.support.GenericBeanDefinition
 813:             1             96  [Lcom.sun.org.apache.xerces.internal.impl.xpath.regex.RegularExpression;
 814:             2             96  [Lcom.sun.org.apache.xerces.internal.impl.xs.XSNotationDecl;
 815:             2             96  [Lcom.sun.org.apache.xerces.internal.impl.xs.models.XSCMValidator;
 816:             2             96  [Ljava.lang.invoke.MethodHandleImpl$Intrinsic;
 817:             2             96  [Ljava.util.HashMap;
 818:             6             96  com.alibaba.com.caucho.hessian.io.JavaDeserializer$IntFieldDeserializer
 819:             6             96  com.sun.org.apache.xerces.internal.dom.DeferredDocumentImpl$RefCount
 820:             3             96  com.sun.org.apache.xerces.internal.dom.NodeListCache
 821:             6             96  com.sun.org.apache.xerces.internal.impl.XMLDocumentScannerImpl$PrologDriver
 822:             6             96  com.sun.org.apache.xerces.internal.impl.XMLDocumentScannerImpl$TrailingMiscDriver
 823:             6             96  com.sun.org.apache.xerces.internal.impl.XMLDocumentScannerImpl$XMLDeclDriver
 824:             4             96  com.sun.org.apache.xerces.internal.impl.dtd.DTDGrammarBucket
 825:             4             96  com.sun.org.apache.xerces.internal.impl.dtd.XMLAttributeDecl
 826:             6             96  com.sun.org.apache.xerces.internal.impl.dv.dtd.DTDDVFactoryImpl
 827:             4             96  com.sun.org.apache.xerces.internal.impl.xpath.regex.Token$ParenToken
 828:             4             96  com.sun.org.apache.xerces.internal.impl.xpath.regex.Token$UnionToken
 829:             4             96  com.sun.org.apache.xerces.internal.impl.xs.XMLSchemaLoader$LocationArray
 830:             4             96  com.sun.org.apache.xerces.internal.impl.xs.opti.SchemaDOMParser$BooleanStack
 831:             4             96  com.sun.org.apache.xerces.internal.impl.xs.traversers.XSDAbstractParticleTraverser$ParticleArray
 832:             2             96  com.sun.org.apache.xerces.internal.impl.xs.traversers.XSDElementTraverser
 833:             2             96  com.sun.org.apache.xerces.internal.impl.xs.traversers.XSDGroupTraverser
 834:             2             96  com.sun.org.apache.xerces.internal.impl.xs.traversers.XSDSimpleTypeTraverser
 835:             4             96  com.sun.org.apache.xerces.internal.jaxp.DefaultValidationErrorHandler
 836:             3             96  com.sun.org.apache.xerces.internal.utils.XMLSecurityManager$NameMap
 837:             4             96  com.sun.org.apache.xerces.internal.utils.XMLSecurityPropertyManager
 838:             3             96  java.io.CharArrayWriter
 839:             2             96  java.lang.ThreadGroup
 840:             2             96  java.net.NetworkInterface
 841:             3             96  java.util.AbstractList$ListItr
 842:             3             96  java.util.RandomAccessSubList
 843:             2             96  java.util.concurrent.LinkedBlockingQueue
 844:             4             96  java.util.regex.Pattern$7
 845:             6             96  java.util.regex.Pattern$Dot
 846:             4             96  javassist.CtArray
 847:             4             96  javassist.compiler.ast.CondExpr
 848:             4             96  javassist.compiler.ast.Pair
 849:             4             96  javax.xml.parsers.SecuritySupport$2
 850:             1             96  org.apache.log4j.DailyRollingFileAppender
 851:             2             96  org.apache.log4j.helpers.PatternParser
 852:             4             96  org.jboss.netty.channel.ChannelState
 853:             4             96  org.springframework.beans.CachedIntrospectionResults
 854:             4             96  org.springframework.beans.TypeConverterDelegate
 855:             2             96  org.springframework.beans.factory.xml.DocumentDefaultsDefinition
 856:             3             96  org.springframework.beans.factory.xml.ParserContext
 857:             6             96  org.springframework.core.io.DefaultResourceLoader
 858:             4             96  org.springframework.core.io.UrlResource
 859:             6             96  org.springframework.expression.common.LiteralExpression
 860:             4             96  org.springframework.util.ConcurrentReferenceHashMap$TaskOption
 861:             1             96  sun.misc.Launcher$AppClassLoader
 862:             4             96  sun.usagetracker.UsageTrackerClient$1
 863:             3             96  sun.util.locale.provider.LocaleServiceProviderPool
 864:             1             88  com.alibaba.dubbo.remoting.transport.netty.NettyClient
 865:             1             88  org.springframework.beans.factory.xml.XmlBeanDefinitionReader
 866:             1             88  sun.misc.Launcher$ExtClassLoader
 867:             2             80  [Lcom.alibaba.dubbo.remoting.transport.dispatcher.ChannelEventRunnable$ChannelState;
 868:             1             80  [Lorg.jboss.netty.util.internal.ConcurrentHashMap$Segment;
 869:             2             80  [Lsun.security.util.DisabledAlgorithmConstraints$KeySizeConstraint$Operator;
 870:             2             80  [Lsun.util.locale.provider.LocaleProviderAdapter$Type;
 871:             2             80  com.sun.org.apache.xerces.internal.impl.xs.XMLSchemaValidator$ValueStoreCache
 872:             2             80  com.sun.org.apache.xerces.internal.impl.xs.traversers.XSAttributeChecker
 873:             2             80  com.sun.org.apache.xerces.internal.impl.xs.traversers.XSDAttributeGroupTraverser
 874:             2             80  com.sun.org.apache.xerces.internal.impl.xs.traversers.XSDAttributeTraverser
 875:             2             80  com.sun.org.apache.xerces.internal.impl.xs.traversers.XSDKeyrefTraverser
 876:             2             80  com.sun.org.apache.xerces.internal.impl.xs.traversers.XSDNotationTraverser
 877:             2             80  com.sun.org.apache.xerces.internal.impl.xs.traversers.XSDUniqueOrKeyTraverser
 878:             2             80  com.sun.org.apache.xerces.internal.impl.xs.traversers.XSDWildcardTraverser
 879:             2             80  com.sun.org.apache.xerces.internal.jaxp.DocumentBuilderFactoryImpl
 880:             5             80  com.sun.org.apache.xerces.internal.utils.SecuritySupport$1
 881:             5             80  com.sun.org.apache.xerces.internal.utils.SecuritySupport$2
 882:             5             80  com.sun.proxy.$Proxy0
 883:             2             80  java.io.ExpiringCache
 884:             5             80  java.lang.Class$3
 885:             2             80  java.lang.invoke.MethodHandleImpl$AsVarargsCollector
 886:             2             80  java.util.Locale$Category
 887:             2             80  java.util.PropertyResourceBundle
 888:             5             80  java.util.concurrent.ConcurrentHashMap$EntrySetView
 889:             5             80  java.util.concurrent.locks.ReentrantReadWriteLock$ReadLock
 890:             5             80  java.util.concurrent.locks.ReentrantReadWriteLock$Sync$ThreadLocalHoldCounter
 891:             5             80  java.util.concurrent.locks.ReentrantReadWriteLock$WriteLock
 892:             2             80  org.apache.log4j.helpers.PatternParser$LocationPatternConverter
 893:             5             80  org.jboss.netty.channel.socket.nio.SocketReceiveBufferPool
 894:             2             80  org.springframework.beans.factory.xml.BeanDefinitionParserDelegate
 895:             2             80  org.springframework.beans.factory.xml.XmlReaderContext
 896:             2             80  org.springframework.beans.propertyeditors.CustomBooleanEditor
 897:             2             80  sun.nio.ch.FileLockImpl
 898:             2             80  sun.nio.ch.KQueueArrayWrapper
 899:             2             80  sun.nio.ch.SelectionKeyImpl
 900:             5             80  sun.reflect.BootstrapConstructorAccessorImpl
 901:             2             80  sun.reflect.UnsafeQualifiedStaticObjectFieldAccessorImpl
 902:             1             72  [Ljava.lang.invoke.LambdaFormEditor$Transform$Kind;
 903:             3             72  com.alibaba.com.caucho.hessian.io.SqlDateDeserializer
 904:             3             72  com.alibaba.com.caucho.hessian.io.StringValueDeserializer
 905:             1             72  com.alibaba.dubbo.rpc.StaticContext
 906:             3             72  com.alibaba.dubbo.rpc.protocol.ProtocolFilterWrapper$1
 907:             3             72  com.sun.org.apache.xerces.internal.impl.xs.traversers.XSDHandler$XSDKey
 908:             3             72  com.sun.org.apache.xerces.internal.impl.xs.util.ShortListImpl
 909:             3             72  java.lang.Class$4
 910:             3             72  java.lang.annotation.RetentionPolicy
 911:             3             72  java.security.SecurityPermission
 912:             1             72  java.util.ResourceBundle$RBClassLoader
 913:             3             72  java.util.SubList$1
 914:             3             72  java.util.concurrent.LinkedBlockingQueue$Node
 915:             3             72  java.util.concurrent.atomic.AtomicMarkableReference$Pair
 916:             1             72  java.util.logging.LogManager$RootLogger
 917:             3             72  javassist.bytecode.MethodHandleInfo
 918:             3             72  org.apache.commons.logging.LogFactory$6
 919:             3             72  org.jboss.netty.channel.UpstreamChannelStateEvent
 920:             3             72  org.jboss.netty.logging.JdkLogger
 921:             3             72  org.springframework.core.io.ClassPathResource
 922:             3             72  org.springframework.core.io.support.PathMatchingResourcePatternResolver
 923:             3             72  org.springframework.util.AntPathMatcher
 924:             3             72  sun.misc.JarIndex
 925:             3             72  sun.misc.Signal
 926:             1             72  sun.util.locale.provider.JRELocaleProviderAdapter
 927:             3             72  sun.util.locale.provider.SPILocaleProviderAdapter$1
 928:             3             72  sun.util.resources.ParallelListResourceBundle$KeySet
 929:             2             64  [Lcom.sun.org.apache.xerces.internal.impl.dv.xs.XSSimpleTypeDecl;
 930:             2             64  [Lcom.sun.org.apache.xerces.internal.impl.xs.identity.XPathMatcher;
 931:             2             64  [Ljava.lang.annotation.RetentionPolicy;
 932:             1             64  com.alibaba.dubbo.common.utils.LRUCache
 933:             1             64  com.alibaba.dubbo.config.ApplicationConfig
 934:             2             64  com.alibaba.dubbo.remoting.transport.netty.NettyChannel
 935:             1             64  com.alibaba.dubbo.rpc.RpcContext
 936:             4             64  com.sun.org.apache.xerces.internal.impl.dv.xs.SchemaDVFactoryImpl
 937:             1             64  com.sun.org.apache.xerces.internal.impl.xs.SchemaGrammar$XSAnyType
 938:             2             64  com.sun.org.apache.xerces.internal.impl.xs.XMLSchemaValidator$XSIErrorReporter
 939:             2             64  com.sun.org.apache.xerces.internal.impl.xs.models.CMBuilder
 940:             4             64  com.sun.org.apache.xerces.internal.util.ErrorHandlerWrapper
 941:             2             64  com.sun.org.apache.xerces.internal.util.ParserConfigurationSettings
 942:             2             64  com.sun.org.apache.xerces.internal.utils.XMLSecurityPropertyManager$Property
 943:             2             64  java.io.PrintStream
 944:             2             64  java.io.RandomAccessFile
 945:             2             64  java.lang.ClassValue$Entry
 946:             2             64  java.lang.IllegalStateException
 947:             2             64  java.lang.NoSuchFieldError
 948:             2             64  java.lang.NoSuchMethodError
 949:             2             64  java.lang.StringCoding$StringDecoder
 950:             2             64  java.lang.VirtualMachineError
 951:             4             64  java.lang.invoke.BoundMethodHandle$SpeciesData$1
 952:             2             64  java.lang.ref.ReferenceQueue$Null
 953:             1             64  java.net.MulticastSocket
 954:             2             64  java.util.Collections$SynchronizedMap
 955:             4             64  java.util.Hashtable$EntrySet
 956:             2             64  java.util.Random
 957:             2             64  java.util.TreeMap$KeyIterator
 958:             4             64  java.util.concurrent.SynchronousQueue$TransferStack
 959:             4             64  java.util.regex.Pattern$Begin
 960:             2             64  org.jboss.netty.channel.DefaultChannelPipeline
 961:             2             64  org.jboss.netty.channel.DownstreamChannelStateEvent
 962:             2             64  org.springframework.beans.factory.xml.DefaultBeanDefinitionDocumentReader
 963:             2             64  org.springframework.beans.propertyeditors.CharacterEditor
 964:             4             64  org.springframework.core.convert.support.CollectionToArrayConverter
 965:             4             64  org.springframework.core.convert.support.CollectionToStringConverter
 966:             2             64  org.springframework.core.env.MapPropertySource
 967:             2             64  org.springframework.core.env.StandardEnvironment
 968:             2             64  org.springframework.core.env.SystemEnvironmentPropertySource
 969:             2             64  sun.misc.URLClassPath$FileLoader$1
 970:             4             64  sun.net.www.protocol.jar.Handler
 971:             2             64  sun.nio.ch.AllocatedNativeObject
 972:             2             64  sun.nio.ch.FileKey
 973:             2             64  sun.nio.ch.SharedFileLockTable$FileLockReference
 974:             4             64  sun.security.action.GetBooleanAction
 975:             2             64  sun.util.locale.provider.LocaleResources
 976:             1             56  [Lcom.sun.org.apache.xerces.internal.impl.XMLScanner$NameType;
 977:             1             56  [Lcom.sun.org.apache.xerces.internal.impl.dv.XSSimpleType;
 978:             1             56  [Lcom.sun.org.apache.xerces.internal.impl.xs.util.XInt;
 979:             1             56  [Ljava.lang.Runnable;
 980:             3             56  [Ljava.net.NetworkInterface;
 981:             1             56  [Ljava.text.Format;
 982:             1             56  [Lsun.util.logging.PlatformLogger$Level;
 983:             1             56  com.alibaba.dubbo.common.serialize.support.hessian.Hessian2SerializerFactory
 984:             1             56  com.alibaba.dubbo.rpc.protocol.dubbo.DubboInvoker
 985:             1             56  java.net.SocketPermission
 986:             1             56  java.util.logging.LogManager
 987:             1             56  org.apache.commons.logging.impl.WeakHashtable
 988:             1             56  org.springframework.expression.spel.support.StandardEvaluationContext
 989:             1             48  [Lcom.sun.beans.util.Cache$CacheEntry;
 990:             2             48  [Lcom.sun.org.apache.xerces.internal.impl.xs.SchemaGrammar;
 991:             1             48  [Ljava.beans.WeakIdentityMap$Entry;
 992:             1             48  [Ljava.math.RoundingMode;
 993:             2             48  [Ljava.net.InterfaceAddress;
 994:             2             48  [Ljava.security.Permission;
 995:             2             48  [Ljava.util.Locale$Category;
 996:             1             48  [Ljava.util.concurrent.TimeUnit;
 997:             1             48  [Ljdk.net.SocketFlow$Status;
 998:             2             48  [Lorg.springframework.core.io.Resource;
 999:             3             48  com.alibaba.com.caucho.hessian.io.JavaDeserializer$StringFieldDeserializer
1000:             3             48  com.alibaba.com.caucho.hessian.io.SqlDateSerializer
1001:             3             48  com.alibaba.com.caucho.hessian.io.StringValueSerializer
1002:             1             48  com.alibaba.dubbo.config.MonitorConfig
1003:             2             48  com.alibaba.dubbo.registry.support.AbstractRegistry$SaveProperties
1004:             2             48  com.alibaba.dubbo.remoting.Codec2$DecodeResult
1005:             1             48  com.alibaba.dubbo.remoting.TimeoutException
1006:             2             48  com.alibaba.dubbo.remoting.exchange.support.header.HeaderExchangeChannel
1007:             2             48  com.alibaba.dubbo.rpc.cluster.support.FailoverClusterInvoker
1008:             2             48  com.alibaba.dubbo.rpc.cluster.support.wrapper.MockClusterInvoker
1009:             3             48  com.alibaba.dubbo.rpc.protocol.ProtocolFilterWrapper
1010:             3             48  com.alibaba.dubbo.rpc.protocol.ProtocolListenerWrapper
1011:             1             48  com.alibaba.dubbo.rpc.protocol.dubbo.DubboProtocol
1012:             3             48  com.sun.org.apache.xerces.internal.impl.dv.dtd.ListDatatypeValidator
1013:             2             48  com.sun.org.apache.xerces.internal.impl.dv.xs.ListDV$ListData
1014:             2             48  com.sun.org.apache.xerces.internal.impl.xs.SubstitutionGroupHandler
1015:             2             48  com.sun.org.apache.xerces.internal.impl.xs.XMLSchemaValidator$LocalIDKey
1016:             2             48  com.sun.org.apache.xerces.internal.impl.xs.XMLSchemaValidator$XPathMatcherStack
1017:             2             48  com.sun.org.apache.xerces.internal.impl.xs.XSGrammarBucket
1018:             2             48  com.sun.org.apache.xerces.internal.util.IntStack
1019:             2             48  com.sun.org.apache.xerces.internal.utils.SecuritySupport$7
1020:             2             48  java.io.BufferedOutputStream
1021:             2             48  java.io.File$PathStatus
1022:             3             48  java.io.FileOutputStream$1
1023:             2             48  java.io.FileReader
1024:             3             48  java.lang.Boolean
1025:             3             48  java.lang.invoke.BoundMethodHandle$Factory$1
1026:             1             48  java.lang.invoke.BoundMethodHandle$Species_L4
1027:             2             48  java.lang.reflect.ReflectPermission
1028:             2             48  java.net.InetAddress$Cache
1029:             2             48  java.net.InetAddress$Cache$Type
1030:             2             48  java.net.InetAddress$CacheEntry
1031:             2             48  java.net.InterfaceAddress
1032:             1             48  java.net.PlainDatagramSocketImpl
1033:             2             48  java.net.StandardProtocolFamily
1034:             2             48  java.nio.charset.CoderResult
1035:             3             48  java.nio.charset.CodingErrorAction
1036:             3             48  java.text.AttributedCharacterIterator$Attribute
1037:             2             48  java.util.BitSet
1038:             3             48  java.util.concurrent.atomic.AtomicMarkableReference
1039:             2             48  java.util.logging.Logger$LoggerBundle
1040:             2             48  java.util.regex.Pattern$SliceI
1041:             2             48  javassist.bytecode.InvokeDynamicInfo
1042:             2             48  javassist.bytecode.MethodTypeInfo
1043:             1             48  javassist.compiler.KeywordTable
1044:             1             48  org.apache.commons.logging.impl.LogFactoryImpl
1045:             1             48  org.apache.log4j.Hierarchy
1046:             2             48  org.apache.log4j.config.PropertySetter
1047:             2             48  org.apache.log4j.helpers.FormattingInfo
1048:             1             48  org.jboss.netty.channel.AbstractChannel$ChannelCloseFuture
1049:             1             48  org.jboss.netty.channel.socket.nio.DefaultNioSocketChannelConfig
1050:             2             48  org.jboss.netty.util.ThreadRenamingRunnable
1051:             1             48  org.jboss.netty.util.internal.ConcurrentHashMap
1052:             2             48  org.jboss.netty.util.internal.DeadLockProofWorker$1
1053:             2             48  org.springframework.core.NamedThreadLocal
1054:             2             48  org.springframework.core.convert.support.ArrayToArrayConverter
1055:             2             48  org.springframework.core.convert.support.DefaultConversionService
1056:             2             48  org.springframework.core.convert.support.GenericConversionService$Converters
1057:             2             48  org.springframework.core.env.MutablePropertySources
1058:             2             48  org.springframework.core.io.support.EncodedResource
1059:             2             48  org.springframework.expression.TypedValue
1060:             2             48  org.springframework.util.ConcurrentReferenceHashMap$ReferenceType
1061:             2             48  org.springframework.util.ConcurrentReferenceHashMap$Restructure
1062:             2             48  sun.misc.NativeSignalHandler
1063:             2             48  sun.misc.URLClassPath$FileLoader
1064:             2             48  sun.nio.ch.KQueueArrayWrapper$Update
1065:             2             48  sun.nio.ch.KQueueSelectorImpl$MapEntry
1066:             2             48  sun.nio.ch.NativeThreadSet
1067:             2             48  sun.nio.ch.SharedFileLockTable
1068:             2             48  sun.nio.cs.Surrogate$Parser
1069:             3             48  sun.reflect.ReflectionFactory$GetReflectionFactoryAction
1070:             3             48  sun.reflect.generics.tree.TypeVariableSignature
1071:             1             48  sun.text.resources.FormatData
1072:             1             48  sun.text.resources.zh.FormatData_zh
1073:             1             48  sun.text.resources.zh.FormatData_zh_CN
1074:             1             48  sun.util.resources.CalendarData
1075:             1             48  sun.util.resources.CurrencyNames
1076:             1             48  sun.util.resources.TimeZoneNames
1077:             1             48  sun.util.resources.en.TimeZoneNames_en
1078:             1             48  sun.util.resources.zh.CalendarData_zh
1079:             1             48  sun.util.resources.zh.CurrencyNames_zh_CN
1080:             1             40  [Lcom.sun.org.apache.xerces.internal.util.Status;
1081:             1             40  [Lorg.jboss.netty.channel.socket.nio.NioWorker;
1082:             1             40  [[Ljava.lang.invoke.LambdaForm$Name;
1083:             1             40  com.alibaba.dubbo.monitor.dubbo.DubboMonitor
1084:             1             40  com.alibaba.dubbo.registry.integration.RegistryProtocol
1085:             1             40  com.alibaba.dubbo.remoting.transport.netty.NettyCodecAdapter
1086:             1             40  com.sun.beans.finder.MethodFinder$1
1087:             1             40  com.sun.xml.internal.stream.util.BufferAllocator
1088:             1             40  java.beans.WeakIdentityMap$Entry
1089:             1             40  java.lang.invoke.BoundMethodHandle$Species_L3
1090:             1             40  java.text.MessageFormat
1091:             1             40  java.util.ResourceBundle$1
1092:             1             40  java.util.regex.Pattern$LazyLoop
1093:             1             40  org.apache.log4j.helpers.PatternParser$ClassNamePatternConverter
1094:             1             40  org.apache.log4j.helpers.PatternParser$DatePatternConverter
1095:             1             40  org.apache.log4j.spi.RootLogger
1096:             1             40  org.jboss.netty.channel.socket.nio.NioClientSocketPipelineSink$Boss
1097:             1             40  org.springframework.beans.factory.support.DisposableBeanAdapter
1098:             1             40  org.springframework.beans.propertyeditors.StringArrayPropertyEditor
1099:             1             40  org.springframework.context.event.SimpleApplicationEventMulticaster
1100:             1             40  org.springframework.context.expression.StandardBeanExpressionResolver
1101:             1             40  org.springframework.core.env.MissingRequiredPropertiesException
1102:             1             40  sun.nio.ch.SocketAdaptor
1103:             1             40  sun.nio.cs.StandardCharsets$Aliases
1104:             1             40  sun.nio.cs.StandardCharsets$Cache
1105:             1             40  sun.nio.cs.StandardCharsets$Classes
1106:             2             32  [D
1107:             2             32  [F
1108:             1             32  [Lcom.sun.beans.util.Cache$Kind;
1109:             1             32  [Lcom.sun.org.apache.xerces.internal.impl.dv.xs.AbstractDateTimeDV$DateTimeData;
1110:             1             32  [Ljava.lang.OutOfMemoryError;
1111:             1             32  [Ljava.lang.StringBuilder;
1112:             1             32  [Ljava.lang.ThreadGroup;
1113:             1             32  [Ljava.lang.invoke.LambdaFormEditor$Transform;
1114:             1             32  [Ljava.nio.channels.SelectionKey;
1115:             2             32  [Lsun.util.calendar.ZoneInfoFile$ZoneOffsetTransitionRule;
1116:             1             32  com.alibaba.com.caucho.hessian.io.BigIntegerDeserializer
1117:             1             32  com.alibaba.com.caucho.hessian.io.StackTraceElementDeserializer
1118:             1             32  com.alibaba.dubbo.remoting.exchange.support.header.HeaderExchangeClient
1119:             2             32  com.alibaba.dubbo.rpc.cluster.router.MockInvokersSelector
1120:             1             32  com.alibaba.dubbo.rpc.protocol.dubbo.ReferenceCountExchangeClient
1121:             2             32  com.alibaba.dubbo.rpc.proxy.InvokerInvocationHandler
1122:             2             32  com.sun.beans.WeakCache
1123:             1             32  com.sun.beans.finder.BeanInfoFinder
1124:             1             32  com.sun.org.apache.xerces.internal.impl.XMLEntityScanner$1
1125:             2             32  com.sun.org.apache.xerces.internal.impl.dv.dtd.ENTITYDatatypeValidator
1126:             2             32  com.sun.org.apache.xerces.internal.impl.dv.xs.QNameDV
1127:             2             32  com.sun.org.apache.xerces.internal.impl.xpath.regex.Token
1128:             2             32  com.sun.org.apache.xerces.internal.util.DefaultErrorHandler
1129:             2             32  com.sun.org.apache.xerces.internal.util.EntityResolverWrapper
1130:             1             32  java.beans.ThreadGroupContext
1131:             1             32  java.beans.ThreadGroupContext$1
1132:             2             32  java.io.RandomAccessFile$1
1133:             1             32  java.io.UnixFileSystem
1134:             1             32  java.lang.ArithmeticException
1135:             1             32  java.lang.Exception
1136:             1             32  java.lang.NoClassDefFoundError
1137:             1             32  java.lang.NullPointerException
1138:             2             32  java.lang.Shutdown$Lock
1139:             1             32  java.lang.reflect.WeakCache
1140:             2             32  java.nio.ByteOrder
1141:             2             32  java.nio.channels.spi.AbstractSelector$1
1142:             1             32  java.text.DontCareFieldPosition
1143:             1             32  java.util.PropertyPermission
1144:             2             32  java.util.TreeMap$KeySet
1145:             2             32  java.util.concurrent.ConcurrentHashMap$ValuesView
1146:             1             32  java.util.concurrent.atomic.AtomicIntegerFieldUpdater$AtomicIntegerFieldUpdaterImpl
1147:             1             32  java.util.logging.LogManager$SystemLoggerContext
1148:             2             32  javax.xml.parsers.FactoryFinder$1
1149:             2             32  javax.xml.parsers.SecuritySupport$1
1150:             1             32  org.apache.commons.logging.impl.WeakHashtable$WeakKey
1151:             2             32  org.apache.log4j.DefaultCategoryFactory
1152:             1             32  org.apache.log4j.PatternLayout
1153:             1             32  org.apache.log4j.helpers.QuietWriter
1154:             1             32  org.jboss.netty.bootstrap.ClientBootstrap
1155:             2             32  org.jboss.netty.buffer.HeapChannelBufferFactory
1156:             1             32  org.jboss.netty.channel.AdaptiveReceiveBufferSizePredictor
1157:             1             32  org.jboss.netty.channel.socket.nio.NioClientSocketPipelineSink
1158:             1             32  org.jboss.netty.channel.socket.nio.NioSocketChannel$WriteRequestQueue
1159:             1             32  org.jboss.netty.channel.socket.nio.NioWorker$RegisterTask
1160:             1             32  org.jboss.netty.util.internal.ConcurrentHashMap$HashEntry
1161:             1             32  org.springframework.beans.factory.parsing.BeanComponentDefinition
1162:             2             32  org.springframework.beans.factory.parsing.ParseState
1163:             1             32  org.springframework.beans.factory.xml.DefaultNamespaceHandlerResolver
1164:             1             32  org.springframework.beans.propertyeditors.CustomMapEditor
1165:             1             32  org.springframework.beans.propertyeditors.PatternEditor
1166:             1             32  org.springframework.context.event.AbstractApplicationEventMulticaster$ListenerRetriever
1167:             1             32  org.springframework.context.support.DelegatingMessageSource
1168:             2             32  org.springframework.core.convert.support.ArrayToCollectionConverter
1169:             2             32  org.springframework.core.convert.support.ArrayToObjectConverter
1170:             2             32  org.springframework.core.convert.support.ArrayToStringConverter
1171:             2             32  org.springframework.core.convert.support.CharacterToNumberFactory
1172:             2             32  org.springframework.core.convert.support.CollectionToCollectionConverter
1173:             2             32  org.springframework.core.convert.support.CollectionToObjectConverter
1174:             2             32  org.springframework.core.convert.support.EnumToStringConverter
1175:             2             32  org.springframework.core.convert.support.FallbackObjectToStringConverter
1176:             2             32  org.springframework.core.convert.support.GenericConversionService$NoOpConverter
1177:             2             32  org.springframework.core.convert.support.IdToEntityConverter
1178:             2             32  org.springframework.core.convert.support.MapToMapConverter
1179:             2             32  org.springframework.core.convert.support.NumberToCharacterConverter
1180:             2             32  org.springframework.core.convert.support.NumberToNumberConverterFactory
1181:             2             32  org.springframework.core.convert.support.ObjectToArrayConverter
1182:             2             32  org.springframework.core.convert.support.ObjectToCollectionConverter
1183:             2             32  org.springframework.core.convert.support.ObjectToObjectConverter
1184:             2             32  org.springframework.core.convert.support.PropertiesToStringConverter
1185:             2             32  org.springframework.core.convert.support.StringToArrayConverter
1186:             2             32  org.springframework.core.convert.support.StringToBooleanConverter
1187:             2             32  org.springframework.core.convert.support.StringToCharacterConverter
1188:             2             32  org.springframework.core.convert.support.StringToCollectionConverter
1189:             2             32  org.springframework.core.convert.support.StringToEnumConverterFactory
1190:             2             32  org.springframework.core.convert.support.StringToLocaleConverter
1191:             2             32  org.springframework.core.convert.support.StringToNumberConverterFactory
1192:             2             32  org.springframework.core.convert.support.StringToPropertiesConverter
1193:             2             32  org.springframework.core.convert.support.StringToUUIDConverter
1194:             1             32  org.springframework.util.PropertyPlaceholderHelper
1195:             2             32  sun.nio.ch.FileDispatcherImpl
1196:             2             32  sun.nio.ch.Util$3
1197:             1             32  sun.nio.cs.StandardCharsets
1198:             2             32  sun.reflect.ReflectionFactory$1
1199:             2             32  sun.usagetracker.UsageTrackerClient$3
1200:             1             24  [Lcom.alibaba.dubbo.remoting.ChannelHandler;
1201:             1             24  [Lcom.alibaba.dubbo.remoting.Codec2$DecodeResult;
1202:             1             24  [Lcom.alibaba.dubbo.remoting.exchange.ExchangeClient;
1203:             1             24  [Ljava.io.File$PathStatus;
1204:             1             24  [Ljava.lang.ClassValue$Entry;
1205:             1             24  [Ljava.net.InetAddress$Cache$Type;
1206:             1             24  [Ljava.net.StandardProtocolFamily;
1207:             1             24  [Lorg.springframework.beans.factory.config.BeanReference;
1208:             1             24  [Lorg.springframework.util.ConcurrentReferenceHashMap$ReferenceType;
1209:             1             24  [Lorg.springframework.util.ConcurrentReferenceHashMap$Restructure;
1210:             1             24  [Lsun.launcher.LauncherHelper;
1211:             1             24  com.alibaba.dubbo.common.threadpool.support.AbortPolicyWithReport
1212:             1             24  com.alibaba.dubbo.config.spring.schema.DubboNamespaceHandler
1213:             1             24  com.alibaba.dubbo.monitor.dubbo.DubboMonitorFactroy
1214:             1             24  com.alibaba.dubbo.monitor.support.MonitorFilter
1215:             1             24  com.alibaba.dubbo.registry.integration.RegistryDirectory$InvokerDelegete
1216:             1             24  com.alibaba.dubbo.remoting.exchange.support.header.HeartBeatTask
1217:             1             24  com.alibaba.dubbo.remoting.transport.dispatcher.all.AllChannelHandler
1218:             1             24  com.alibaba.dubbo.remoting.transport.netty.NettyClient$1
1219:             1             24  com.alibaba.dubbo.remoting.transport.netty.NettyCodecAdapter$InternalDecoder
1220:             1             24  com.alibaba.dubbo.remoting.transport.netty.NettyHandler
1221:             1             24  com.alibaba.dubbo.rpc.listener.ListenerInvokerWrapper
1222:             1             24  com.alibaba.dubbo.rpc.protocol.dubbo.DubboProtocol$1
1223:             1             24  com.alibaba.dubbo.rpc.protocol.injvm.InjvmProtocol
1224:             1             24  com.alibaba.dubbo.rpc.proxy.wrapper.StubProxyFactoryWrapper
1225:             1             24  com.sun.beans.util.Cache$Kind$1
1226:             1             24  com.sun.beans.util.Cache$Kind$2
1227:             1             24  com.sun.beans.util.Cache$Kind$3
1228:             1             24  com.sun.org.apache.xerces.internal.dom.DeferredDocumentImpl$IntVector
1229:             1             24  com.sun.org.apache.xerces.internal.impl.Constants$ArrayEnumeration
1230:             1             24  java.lang.ClassValue$Version
1231:             1             24  java.lang.Double
1232:             1             24  java.lang.ProcessEnvironment$StringEnvironment
1233:             1             24  java.lang.invoke.ConstantCallSite
1234:             1             24  java.lang.invoke.InfoFromMemberName
1235:             1             24  java.lang.invoke.InnerClassLambdaMetafactory$1
1236:             1             24  java.lang.invoke.InnerClassLambdaMetafactory$ForwardingMethodGenerator
1237:             1             24  java.lang.invoke.MethodHandleImpl$4
1238:             1             24  java.lang.invoke.MethodType$ConcurrentWeakInternSet
1239:             1             24  java.net.Inet4AddressImpl
1240:             1             24  java.net.NetworkInterface$2
1241:             1             24  java.security.AllPermissionCollection
1242:             1             24  java.util.Collections$EmptyMap
1243:             1             24  java.util.Currency
1244:             1             24  java.util.Locale$Cache
1245:             1             24  java.util.ResourceBundle$Control$CandidateListCache
1246:             1             24  java.util.Vector$1
1247:             1             24  java.util.concurrent.TimeUnit$1
1248:             1             24  java.util.concurrent.TimeUnit$2
1249:             1             24  java.util.concurrent.TimeUnit$3
1250:             1             24  java.util.concurrent.TimeUnit$4
1251:             1             24  java.util.concurrent.TimeUnit$5
1252:             1             24  java.util.concurrent.TimeUnit$6
1253:             1             24  java.util.concurrent.TimeUnit$7
1254:             1             24  java.util.concurrent.atomic.AtomicIntegerFieldUpdater$AtomicIntegerFieldUpdaterImpl$1
1255:             1             24  java.util.logging.LogManager$2
1256:             1             24  java.util.logging.LogManager$LoggerContext
1257:             1             24  java.util.logging.LoggingPermission
1258:             1             24  javassist.bytecode.BootstrapMethodsAttribute
1259:             1             24  javax.xml.parsers.SecuritySupport$5
1260:             1             24  org.apache.commons.logging.LogFactory$2
1261:             1             24  org.apache.commons.logging.LogFactory$3
1262:             1             24  org.apache.commons.logging.LogFactory$4
1263:             1             24  org.apache.log4j.PropertyConfigurator
1264:             1             24  org.apache.log4j.helpers.ISO8601DateFormat
1265:             1             24  org.apache.log4j.helpers.OnlyOnceErrorHandler
1266:             1             24  org.jboss.netty.channel.AdaptiveReceiveBufferSizePredictorFactory
1267:             1             24  org.jboss.netty.channel.socket.nio.NioClientSocketChannelFactory
1268:             1             24  org.jboss.netty.channel.socket.nio.NioClientSocketPipelineSink$1
1269:             1             24  org.jboss.netty.channel.socket.nio.NioClientSocketPipelineSink$RegisterTask
1270:             1             24  org.jboss.netty.util.internal.ThreadLocalBoolean
1271:             1             24  org.springframework.beans.factory.annotation.QualifierAnnotationAutowireCandidateResolver
1272:             1             24  org.springframework.beans.factory.config.BeanDefinitionHolder
1273:             1             24  org.springframework.beans.factory.config.RuntimeBeanReference
1274:             1             24  org.springframework.beans.factory.xml.PluggableSchemaResolver
1275:             1             24  org.springframework.beans.factory.xml.ResourceEntityResolver
1276:             1             24  org.springframework.beans.propertyeditors.ByteArrayPropertyEditor
1277:             1             24  org.springframework.beans.propertyeditors.CharArrayPropertyEditor
1278:             1             24  org.springframework.beans.propertyeditors.CharsetEditor
1279:             1             24  org.springframework.beans.propertyeditors.CurrencyEditor
1280:             1             24  org.springframework.beans.propertyeditors.LocaleEditor
1281:             1             24  org.springframework.beans.propertyeditors.PropertiesEditor
1282:             1             24  org.springframework.beans.propertyeditors.TimeZoneEditor
1283:             1             24  org.springframework.beans.propertyeditors.UUIDEditor
1284:             1             24  org.springframework.beans.support.ResourceEditorRegistrar
1285:             1             24  org.springframework.context.support.AbstractApplicationContext$ApplicationListenerDetector
1286:             1             24  org.springframework.context.support.AbstractApplicationContext$BeanPostProcessorChecker
1287:             1             24  org.springframework.core.Constants
1288:             1             24  org.springframework.expression.spel.SpelParserConfiguration
1289:             1             24  org.springframework.expression.spel.support.ReflectivePropertyAccessor
1290:             1             24  org.springframework.expression.spel.support.StandardTypeLocator
1291:             1             24  org.springframework.util.AntPathMatcher$AntPathStringMatcher
1292:             1             24  sun.launcher.LauncherHelper
1293:             1             24  sun.management.RuntimeImpl
1294:             1             24  sun.management.VMManagementImpl
1295:             1             24  sun.misc.Launcher$AppClassLoader$1
1296:             1             24  sun.net.ProgressMonitor
1297:             1             24  sun.net.sdp.SdpProvider
1298:             1             24  sun.nio.cs.ISO_8859_1
1299:             1             24  sun.nio.cs.US_ASCII
1300:             1             24  sun.nio.cs.UTF_16
1301:             1             24  sun.nio.cs.UTF_16BE
1302:             1             24  sun.nio.cs.UTF_16LE
1303:             1             24  sun.nio.cs.UTF_8
1304:             1             24  sun.security.util.DisabledAlgorithmConstraints
1305:             1             24  sun.security.util.DisabledAlgorithmConstraints$KeySizeConstraint
1306:             1             24  sun.usagetracker.UsageTrackerClient$4
1307:             1             24  sun.util.locale.BaseLocale$Cache
1308:             1             24  sun.util.locale.provider.CalendarDataProviderImpl
1309:             1             24  sun.util.locale.provider.CalendarProviderImpl
1310:             1             24  sun.util.locale.provider.CurrencyNameProviderImpl
1311:             1             24  sun.util.locale.provider.DateFormatSymbolsProviderImpl
1312:             1             24  sun.util.locale.provider.DecimalFormatSymbolsProviderImpl
1313:             1             24  sun.util.locale.provider.NumberFormatProviderImpl
1314:             1             24  sun.util.locale.provider.TimeZoneNameProviderImpl
1315:             1             16  [Lcom.sun.org.apache.xerces.internal.impl.xs.SubstitutionGroupHandler$OneSubGroup;
1316:             1             16  [Ljava.beans.EventSetDescriptor;
1317:             1             16  [Ljava.lang.Enum;
1318:             1             16  [Ljava.lang.Throwable;
1319:             1             16  [Ljava.nio.file.attribute.FileAttribute;
1320:             1             16  [Ljava.security.cert.Certificate;
1321:             1             16  [Ljava.text.FieldPosition;
1322:             1             16  [Ljava.util.logging.Handler;
1323:             1             16  [Lorg.springframework.beans.factory.config.BeanDefinition;
1324:             1             16  com.alibaba.com.caucho.hessian.io.ClassSerializer
1325:             1             16  com.alibaba.com.caucho.hessian.io.InputStreamDeserializer
1326:             1             16  com.alibaba.com.caucho.hessian.io.InputStreamSerializer
1327:             1             16  com.alibaba.com.caucho.hessian.io.JavaDeserializer$ObjectFieldDeserializer
1328:             1             16  com.alibaba.com.caucho.hessian.io.MapSerializer
1329:             1             16  com.alibaba.dubbo.cache.CacheFactory$Adpative
1330:             1             16  com.alibaba.dubbo.cache.filter.CacheFilter
1331:             1             16  com.alibaba.dubbo.common.bytecode.Proxy$1
1332:             1             16  com.alibaba.dubbo.common.bytecode.Proxy$2
1333:             1             16  com.alibaba.dubbo.common.bytecode.Proxy0
1334:             1             16  com.alibaba.dubbo.common.bytecode.Proxy1
1335:             1             16  com.alibaba.dubbo.common.bytecode.Wrapper$1
1336:             1             16  com.alibaba.dubbo.common.bytecode.Wrapper0
1337:             1             16  com.alibaba.dubbo.common.bytecode.proxy0
1338:             1             16  com.alibaba.dubbo.common.bytecode.proxy1
1339:             1             16  com.alibaba.dubbo.common.compiler.support.AdaptiveCompiler
1340:             1             16  com.alibaba.dubbo.common.compiler.support.JavassistCompiler
1341:             1             16  com.alibaba.dubbo.common.extension.factory.AdaptiveExtensionFactory
1342:             1             16  com.alibaba.dubbo.common.extension.factory.SpiExtensionFactory
1343:             1             16  com.alibaba.dubbo.common.extension.support.ActivateComparator
1344:             1             16  com.alibaba.dubbo.common.logger.log4j.Log4jLoggerAdapter
1345:             1             16  com.alibaba.dubbo.common.serialize.support.dubbo.DubboSerialization
1346:             1             16  com.alibaba.dubbo.common.serialize.support.hessian.Hessian2Serialization
1347:             1             16  com.alibaba.dubbo.common.serialize.support.java.CompactedJavaSerialization
1348:             1             16  com.alibaba.dubbo.common.serialize.support.java.JavaSerialization
1349:             1             16  com.alibaba.dubbo.common.serialize.support.json.FastJsonSerialization
1350:             1             16  com.alibaba.dubbo.common.serialize.support.json.JsonSerialization
1351:             1             16  com.alibaba.dubbo.common.serialize.support.nativejava.NativeJavaSerialization
1352:             1             16  com.alibaba.dubbo.common.store.support.SimpleDataStore
1353:             1             16  com.alibaba.dubbo.common.threadpool.ThreadPool$Adpative
1354:             1             16  com.alibaba.dubbo.common.threadpool.support.cached.CachedThreadPool
1355:             1             16  com.alibaba.dubbo.common.utils.AtomicPositiveInteger
1356:             1             16  com.alibaba.dubbo.common.utils.CollectionUtils$1
1357:             1             16  com.alibaba.dubbo.config.AbstractConfig$1
1358:             1             16  com.alibaba.dubbo.config.ReferenceConfig$1
1359:             1             16  com.alibaba.dubbo.config.spring.extension.SpringExtensionFactory
1360:             1             16  com.alibaba.dubbo.container.log4j.Log4jContainer
1361:             1             16  com.alibaba.dubbo.container.spring.SpringContainer
1362:             1             16  com.alibaba.dubbo.demo.consumer.DemoAction
1363:             1             16  com.alibaba.dubbo.monitor.MonitorFactory$Adpative
1364:             1             16  com.alibaba.dubbo.monitor.dubbo.DubboMonitor$1
1365:             1             16  com.alibaba.dubbo.registry.RegistryFactory$Adpative
1366:             1             16  com.alibaba.dubbo.registry.integration.RegistryDirectory$InvokerComparator
1367:             1             16  com.alibaba.dubbo.registry.multicast.MulticastRegistry$1
1368:             1             16  com.alibaba.dubbo.registry.multicast.MulticastRegistry$2
1369:             1             16  com.alibaba.dubbo.registry.multicast.MulticastRegistryFactory
1370:             1             16  com.alibaba.dubbo.registry.support.FailbackRegistry$1
1371:             1             16  com.alibaba.dubbo.remoting.Dispatcher$Adpative
1372:             1             16  com.alibaba.dubbo.remoting.Transporter$Adpative
1373:             1             16  com.alibaba.dubbo.remoting.buffer.HeapChannelBufferFactory
1374:             1             16  com.alibaba.dubbo.remoting.exchange.support.DefaultFuture$RemotingInvocationTimeoutScan
1375:             1             16  com.alibaba.dubbo.remoting.exchange.support.header.HeaderExchangeClient$1
1376:             1             16  com.alibaba.dubbo.remoting.exchange.support.header.HeaderExchangeHandler
1377:             1             16  com.alibaba.dubbo.remoting.exchange.support.header.HeaderExchanger
1378:             1             16  com.alibaba.dubbo.remoting.exchange.support.header.HeartbeatHandler
1379:             1             16  com.alibaba.dubbo.remoting.transport.AbstractClient$1
1380:             1             16  com.alibaba.dubbo.remoting.transport.DecodeHandler
1381:             1             16  com.alibaba.dubbo.remoting.transport.MultiMessageHandler
1382:             1             16  com.alibaba.dubbo.remoting.transport.dispatcher.ChannelHandlers
1383:             1             16  com.alibaba.dubbo.remoting.transport.dispatcher.all.AllDispatcher
1384:             1             16  com.alibaba.dubbo.remoting.transport.netty.NettyCodecAdapter$InternalEncoder
1385:             1             16  com.alibaba.dubbo.remoting.transport.netty.NettyHelper$DubboLoggerFactory
1386:             1             16  com.alibaba.dubbo.remoting.transport.netty.NettyTransporter
1387:             1             16  com.alibaba.dubbo.rpc.Protocol$Adpative
1388:             1             16  com.alibaba.dubbo.rpc.ProxyFactory$Adpative
1389:             1             16  com.alibaba.dubbo.rpc.RpcContext$1
1390:             1             16  com.alibaba.dubbo.rpc.cluster.Cluster$Adpative
1391:             1             16  com.alibaba.dubbo.rpc.cluster.ConfiguratorFactory$Adpative
1392:             1             16  com.alibaba.dubbo.rpc.cluster.RouterFactory$Adpative
1393:             1             16  com.alibaba.dubbo.rpc.cluster.loadbalance.RandomLoadBalance
1394:             1             16  com.alibaba.dubbo.rpc.cluster.loadbalance.RoundRobinLoadBalance
1395:             1             16  com.alibaba.dubbo.rpc.cluster.support.FailoverCluster
1396:             1             16  com.alibaba.dubbo.rpc.cluster.support.wrapper.MockClusterWrapper
1397:             1             16  com.alibaba.dubbo.rpc.filter.ActiveLimitFilter
1398:             1             16  com.alibaba.dubbo.rpc.filter.ConsumerContextFilter
1399:             1             16  com.alibaba.dubbo.rpc.filter.DeprecatedFilter
1400:             1             16  com.alibaba.dubbo.rpc.filter.GenericImplFilter
1401:             1             16  com.alibaba.dubbo.rpc.listener.DeprecatedInvokerListener
1402:             1             16  com.alibaba.dubbo.rpc.protocol.dubbo.DubboCodec
1403:             1             16  com.alibaba.dubbo.rpc.protocol.dubbo.DubboCountCodec
1404:             1             16  com.alibaba.dubbo.rpc.protocol.dubbo.filter.FutureFilter
1405:             1             16  com.alibaba.dubbo.rpc.proxy.javassist.JavassistProxyFactory
1406:             1             16  com.alibaba.dubbo.validation.Validation$Adpative
1407:             1             16  com.alibaba.dubbo.validation.filter.ValidationFilter
1408:             1             16  com.sun.org.apache.xerces.internal.dom.CharacterDataImpl$1
1409:             1             16  com.sun.org.apache.xerces.internal.impl.dv.dtd.IDDatatypeValidator
1410:             1             16  com.sun.org.apache.xerces.internal.impl.dv.dtd.IDREFDatatypeValidator
1411:             1             16  com.sun.org.apache.xerces.internal.impl.dv.dtd.NMTOKENDatatypeValidator
1412:             1             16  com.sun.org.apache.xerces.internal.impl.dv.dtd.NOTATIONDatatypeValidator
1413:             1             16  com.sun.org.apache.xerces.internal.impl.dv.dtd.StringDatatypeValidator
1414:             1             16  com.sun.org.apache.xerces.internal.impl.dv.xs.AnyAtomicDV
1415:             1             16  com.sun.org.apache.xerces.internal.impl.dv.xs.AnySimpleDV
1416:             1             16  com.sun.org.apache.xerces.internal.impl.dv.xs.AnyURIDV
1417:             1             16  com.sun.org.apache.xerces.internal.impl.dv.xs.Base64BinaryDV
1418:             1             16  com.sun.org.apache.xerces.internal.impl.dv.xs.BooleanDV
1419:             1             16  com.sun.org.apache.xerces.internal.impl.dv.xs.DateDV
1420:             1             16  com.sun.org.apache.xerces.internal.impl.dv.xs.DateTimeDV
1421:             1             16  com.sun.org.apache.xerces.internal.impl.dv.xs.DayDV
1422:             1             16  com.sun.org.apache.xerces.internal.impl.dv.xs.DayTimeDurationDV
1423:             1             16  com.sun.org.apache.xerces.internal.impl.dv.xs.DecimalDV
1424:             1             16  com.sun.org.apache.xerces.internal.impl.dv.xs.DoubleDV
1425:             1             16  com.sun.org.apache.xerces.internal.impl.dv.xs.DurationDV
1426:             1             16  com.sun.org.apache.xerces.internal.impl.dv.xs.EntityDV
1427:             1             16  com.sun.org.apache.xerces.internal.impl.dv.xs.ExtendedSchemaDVFactoryImpl
1428:             1             16  com.sun.org.apache.xerces.internal.impl.dv.xs.FloatDV
1429:             1             16  com.sun.org.apache.xerces.internal.impl.dv.xs.HexBinaryDV
1430:             1             16  com.sun.org.apache.xerces.internal.impl.dv.xs.IDDV
1431:             1             16  com.sun.org.apache.xerces.internal.impl.dv.xs.IDREFDV
1432:             1             16  com.sun.org.apache.xerces.internal.impl.dv.xs.IntegerDV
1433:             1             16  com.sun.org.apache.xerces.internal.impl.dv.xs.ListDV
1434:             1             16  com.sun.org.apache.xerces.internal.impl.dv.xs.MonthDV
1435:             1             16  com.sun.org.apache.xerces.internal.impl.dv.xs.MonthDayDV
1436:             1             16  com.sun.org.apache.xerces.internal.impl.dv.xs.PrecisionDecimalDV
1437:             1             16  com.sun.org.apache.xerces.internal.impl.dv.xs.StringDV
1438:             1             16  com.sun.org.apache.xerces.internal.impl.dv.xs.TimeDV
1439:             1             16  com.sun.org.apache.xerces.internal.impl.dv.xs.UnionDV
1440:             1             16  com.sun.org.apache.xerces.internal.impl.dv.xs.XSSimpleTypeDecl$1
1441:             1             16  com.sun.org.apache.xerces.internal.impl.dv.xs.XSSimpleTypeDecl$4
1442:             1             16  com.sun.org.apache.xerces.internal.impl.dv.xs.YearDV
1443:             1             16  com.sun.org.apache.xerces.internal.impl.dv.xs.YearMonthDV
1444:             1             16  com.sun.org.apache.xerces.internal.impl.dv.xs.YearMonthDurationDV
1445:             1             16  com.sun.org.apache.xerces.internal.impl.xs.XSConstraints$1
1446:             1             16  com.sun.org.apache.xerces.internal.impl.xs.models.XSEmptyCM
1447:             1             16  com.sun.org.apache.xerces.internal.impl.xs.util.XIntPool
1448:             1             16  com.sun.org.apache.xerces.internal.impl.xs.util.XSObjectListImpl$1
1449:             1             16  com.sun.org.apache.xerces.internal.jaxp.datatype.DatatypeFactoryImpl
1450:             1             16  com.sun.org.apache.xerces.internal.utils.SecuritySupport
1451:             1             16  com.sun.org.apache.xerces.internal.utils.SecuritySupport$8
1452:             1             16  java.io.FileDescriptor$1
1453:             1             16  java.lang.ApplicationShutdownHooks$1
1454:             1             16  java.lang.CharacterDataLatin1
1455:             1             16  java.lang.ClassValue$Identity
1456:             1             16  java.lang.Compiler$1
1457:             1             16  java.lang.Float
1458:             1             16  java.lang.Runtime
1459:             1             16  java.lang.String$CaseInsensitiveComparator
1460:             1             16  java.lang.System$2
1461:             1             16  java.lang.SystemClassLoaderAction
1462:             1             16  java.lang.Terminator$1
1463:             1             16  java.lang.invoke.MemberName$Factory
1464:             1             16  java.lang.invoke.MethodHandleImpl$1
1465:             1             16  java.lang.invoke.MethodHandleImpl$2
1466:             1             16  java.lang.invoke.MethodHandleImpl$3
1467:             1             16  java.lang.invoke.MethodHandleStatics$1
1468:             1             16  java.lang.ref.Reference$1
1469:             1             16  java.lang.ref.Reference$Lock
1470:             1             16  java.lang.reflect.Proxy$KeyFactory
1471:             1             16  java.lang.reflect.Proxy$ProxyClassFactory
1472:             1             16  java.lang.reflect.ReflectAccess
1473:             1             16  java.net.AbstractPlainDatagramSocketImpl$1
1474:             1             16  java.net.DatagramPacket$1
1475:             1             16  java.net.DatagramSocket$1
1476:             1             16  java.net.InetAddress$1
1477:             1             16  java.net.InetAddress$2
1478:             1             16  java.net.NetworkInterface$1
1479:             1             16  java.net.URLClassLoader$7
1480:             1             16  java.nio.Bits$1
1481:             1             16  java.nio.channels.spi.AbstractInterruptibleChannel$1
1482:             1             16  java.nio.channels.spi.SelectorProvider$1
1483:             1             16  java.nio.charset.CoderResult$1
1484:             1             16  java.nio.charset.CoderResult$2
1485:             1             16  java.security.AccessController$1
1486:             1             16  java.security.AllPermission
1487:             1             16  java.security.ProtectionDomain$2
1488:             1             16  java.security.ProtectionDomain$JavaSecurityAccessImpl
1489:             1             16  java.security.Security$1
1490:             1             16  java.text.DontCareFieldPosition$1
1491:             1             16  java.util.Collections$EmptyEnumeration
1492:             1             16  java.util.Collections$EmptyIterator
1493:             1             16  java.util.Collections$EmptyList
1494:             1             16  java.util.Collections$EmptySet
1495:             1             16  java.util.Currency$1
1496:             1             16  java.util.Currency$CurrencyNameGetter
1497:             1             16  java.util.ResourceBundle$Control
1498:             1             16  java.util.ResourceBundle$RBClassLoader$1
1499:             1             16  java.util.TimeZone$1
1500:             1             16  java.util.WeakHashMap$KeySet
1501:             1             16  java.util.concurrent.ThreadPoolExecutor$AbortPolicy
1502:             1             16  java.util.concurrent.atomic.AtomicReference
1503:             1             16  java.util.jar.JavaUtilJarAccessImpl
1504:             1             16  java.util.logging.LogManager$1
1505:             1             16  java.util.logging.LogManager$3
1506:             1             16  java.util.logging.LoggingProxyImpl
1507:             1             16  java.util.regex.Pattern$4
1508:             1             16  java.util.regex.Pattern$LastNode
1509:             1             16  java.util.regex.Pattern$Node
1510:             1             16  java.util.zip.ZipFile$1
1511:             1             16  javassist.ClassPool$1
1512:             1             16  javassist.bytecode.stackmap.TypeData$ArrayElement
1513:             1             16  javax.xml.parsers.SecuritySupport
1514:             1             16  org.apache.commons.logging.impl.LogFactoryImpl$1
1515:             1             16  org.apache.log4j.SortedKeyEnumeration
1516:             1             16  org.apache.log4j.helpers.AppenderAttachableImpl
1517:             1             16  org.apache.log4j.helpers.NullEnumeration
1518:             1             16  org.apache.log4j.or.DefaultRenderer
1519:             1             16  org.apache.log4j.or.RendererMap
1520:             1             16  org.apache.log4j.spi.DefaultRepositorySelector
1521:             1             16  org.jboss.netty.channel.ChannelFutureListener$1
1522:             1             16  org.jboss.netty.channel.ChannelFutureListener$2
1523:             1             16  org.jboss.netty.channel.Channels$1
1524:             1             16  org.jboss.netty.channel.DefaultChannelPipeline$DiscardingChannelSink
1525:             1             16  org.jboss.netty.channel.SucceededChannelFuture
1526:             1             16  org.jboss.netty.channel.socket.nio.NioSocketChannel$WriteTask
1527:             1             16  org.jboss.netty.channel.socket.nio.SocketSendBufferPool$EmptySendBuffer
1528:             1             16  org.jboss.netty.logging.JdkLoggerFactory
1529:             1             16  org.jboss.netty.util.ThreadNameDeterminer$1
1530:             1             16  org.jboss.netty.util.ThreadNameDeterminer$2
1531:             1             16  org.jboss.netty.util.internal.AtomicFieldUpdaterUtil$Node
1532:             1             16  org.springframework.beans.ExtendedBeanInfoFactory
1533:             1             16  org.springframework.beans.factory.parsing.BeanEntry
1534:             1             16  org.springframework.beans.factory.parsing.EmptyReaderEventListener
1535:             1             16  org.springframework.beans.factory.parsing.FailFastProblemReporter
1536:             1             16  org.springframework.beans.factory.parsing.NullSourceExtractor
1537:             1             16  org.springframework.beans.factory.parsing.PropertyEntry
1538:             1             16  org.springframework.beans.factory.support.CglibSubclassingInstantiationStrategy
1539:             1             16  org.springframework.beans.factory.support.DefaultBeanNameGenerator
1540:             1             16  org.springframework.beans.factory.support.SimpleAutowireCandidateResolver
1541:             1             16  org.springframework.beans.factory.xml.BeansDtdResolver
1542:             1             16  org.springframework.beans.factory.xml.DefaultDocumentLoader
1543:             1             16  org.springframework.context.expression.BeanExpressionContextAccessor
1544:             1             16  org.springframework.context.expression.BeanFactoryAccessor
1545:             1             16  org.springframework.context.expression.BeanFactoryResolver
1546:             1             16  org.springframework.context.expression.EnvironmentAccessor
1547:             1             16  org.springframework.context.expression.MapAccessor
1548:             1             16  org.springframework.context.expression.StandardBeanExpressionResolver$1
1549:             1             16  org.springframework.context.support.ApplicationContextAwareProcessor
1550:             1             16  org.springframework.core.LocalVariableTableParameterNameDiscoverer
1551:             1             16  org.springframework.core.OrderComparator
1552:             1             16  org.springframework.core.env.AbstractPropertyResolver$1
1553:             1             16  org.springframework.expression.common.TemplateAwareExpressionParser$1
1554:             1             16  org.springframework.expression.spel.standard.SpelExpressionParser
1555:             1             16  org.springframework.expression.spel.support.StandardOperatorOverloader
1556:             1             16  org.springframework.expression.spel.support.StandardTypeComparator
1557:             1             16  org.springframework.util.ReflectionUtils$4
1558:             1             16  org.springframework.util.ReflectionUtils$5
1559:             1             16  org.springframework.util.ReflectionUtils$6
1560:             1             16  org.springframework.util.xml.SimpleSaxErrorHandler
1561:             1             16  org.springframework.util.xml.XmlValidationModeDetector
1562:             1             16  sun.management.ManagementFactoryHelper$4
1563:             1             16  sun.misc.ASCIICaseInsensitiveComparator
1564:             1             16  sun.misc.Launcher
1565:             1             16  sun.misc.Launcher$BootClassPathHolder$1
1566:             1             16  sun.misc.Launcher$ExtClassLoader$1
1567:             1             16  sun.misc.Launcher$Factory
1568:             1             16  sun.misc.Perf
1569:             1             16  sun.misc.Perf$GetPerfAction
1570:             1             16  sun.misc.Unsafe
1571:             1             16  sun.net.DefaultProgressMeteringPolicy
1572:             1             16  sun.net.ExtendedOptionsImpl$$Lambda$1/1180942787
1573:             1             16  sun.net.InetAddressCachePolicy$1
1574:             1             16  sun.net.InetAddressCachePolicy$2
1575:             1             16  sun.net.www.protocol.file.Handler
1576:             1             16  sun.net.www.protocol.jar.JarFileFactory
1577:             1             16  sun.nio.ch.ExtendedSocketOption$1
1578:             1             16  sun.nio.ch.IOUtil$1
1579:             1             16  sun.nio.ch.KQueueSelectorProvider
1580:             1             16  sun.nio.ch.Net$1
1581:             1             16  sun.nio.ch.Net$3
1582:             1             16  sun.nio.ch.SocketDispatcher
1583:             1             16  sun.nio.ch.Util$1
1584:             1             16  sun.nio.ch.Util$2
1585:             1             16  sun.reflect.GeneratedConstructorAccessor1
1586:             1             16  sun.reflect.GeneratedConstructorAccessor2
1587:             1             16  sun.reflect.GeneratedConstructorAccessor3
1588:             1             16  sun.reflect.GeneratedConstructorAccessor4
1589:             1             16  sun.reflect.GeneratedConstructorAccessor5
1590:             1             16  sun.reflect.GeneratedMethodAccessor1
1591:             1             16  sun.reflect.GeneratedMethodAccessor2
1592:             1             16  sun.reflect.GeneratedMethodAccessor3
1593:             1             16  sun.reflect.GeneratedMethodAccessor4
1594:             1             16  sun.reflect.GeneratedMethodAccessor5
1595:             1             16  sun.reflect.GeneratedMethodAccessor6
1596:             1             16  sun.reflect.GeneratedMethodAccessor7
1597:             1             16  sun.reflect.ReflectionFactory
1598:             1             16  sun.reflect.generics.tree.BottomSignature
1599:             1             16  sun.reflect.generics.tree.VoidDescriptor
1600:             1             16  sun.security.util.AbstractAlgorithmConstraints$1
1601:             1             16  sun.security.util.AlgorithmDecomposer
1602:             1             16  sun.security.util.DisabledAlgorithmConstraints$KeySizeConstraints
1603:             1             16  sun.usagetracker.UsageTrackerClient
1604:             1             16  sun.util.calendar.Gregorian
1605:             1             16  sun.util.calendar.ZoneInfoFile$1
1606:             1             16  sun.util.calendar.ZoneInfoFile$Checksum
1607:             1             16  sun.util.locale.provider.AuxLocaleProviderAdapter$NullProvider
1608:             1             16  sun.util.locale.provider.CalendarDataUtility$CalendarWeekParameterGetter
1609:             1             16  sun.util.locale.provider.JRELocaleProviderAdapter$1
1610:             1             16  sun.util.locale.provider.SPILocaleProviderAdapter
1611:             1             16  sun.util.locale.provider.TimeZoneNameUtility$TimeZoneNameGetter
1612:             1             16  sun.util.logging.LoggingSupport$1
1613:             1             16  sun.util.logging.PlatformLogger$1
1614:             1             16  sun.util.resources.LocaleData
1615:             1             16  sun.util.resources.LocaleData$LocaleDataResourceBundleControl
Total       1453447      193354080
