Attaching to process ID 10642, please wait...
Debugger attached successfully.
Server compiler detected.
JVM version is 25.111-b14

using parallel threads in the new generation.
using thread-local object allocation.
Concurrent Mark-Sweep GC

Heap Configuration:
   MinHeapFreeRatio         = 40
   MaxHeapFreeRatio         = 70
   MaxHeapSize              = 2147483648 (2048.0MB)
   NewSize                  = 268435456 (256.0MB)
   MaxNewSize               = 268435456 (256.0MB)
   OldSize                  = 1879048192 (1792.0MB)
   NewRatio                 = 2
   SurvivorRatio            = 8
   MetaspaceSize            = 21807104 (20.796875MB)
   CompressedClassSpaceSize = 1073741824 (1024.0MB)
   MaxMetaspaceSize         = 17592186044415 MB
   G1HeapRegionSize         = 0 (0.0MB)

Heap Usage:
New Generation (Eden + 1 Survivor Space):
   capacity = 241631232 (230.4375MB)
   used     = 112848704 (107.62091064453125MB)
   free     = 128782528 (122.81658935546875MB)
   46.702863311974504% used
Eden Space:
   capacity = 214827008 (204.875MB)
   used     = 102345592 (97.60436248779297MB)
   free     = 112481416 (107.27063751220703MB)
   47.64093349007589% used
From Space:
   capacity = 26804224 (25.5625MB)
   used     = 10503112 (10.016548156738281MB)
   free     = 16301112 (15.545951843261719MB)
   39.184540466457825% used
To Space:
   capacity = 26804224 (25.5625MB)
   used     = 0 (0.0MB)
   free     = 26804224 (25.5625MB)
   0.0% used
concurrent mark-sweep generation:
   capacity = 1879048192 (1792.0MB)
   used     = 0 (0.0MB)
   free     = 1879048192 (1792.0MB)
   0.0% used

7856 interned Strings occupying 637112 bytes.
